Archive member included because of file (symbol)

c:/program files (x86)/atmel/studio/7.0/toolchain/arm/arm-gnu-toolchain/bin/../lib/gcc/arm-none-eabi/4.9.3/armv6-m\libgcc.a(_udivsi3.o)
                              src/ASF/common2/components/memory/sd_mmc/sd_mmc.o (__aeabi_uidiv)
c:/program files (x86)/atmel/studio/7.0/toolchain/arm/arm-gnu-toolchain/bin/../lib/gcc/arm-none-eabi/4.9.3/armv6-m\libgcc.a(_dvmd_tls.o)
                              c:/program files (x86)/atmel/studio/7.0/toolchain/arm/arm-gnu-toolchain/bin/../lib/gcc/arm-none-eabi/4.9.3/armv6-m\libgcc.a(_udivsi3.o) (__aeabi_idiv0)
c:/program files (x86)/atmel/studio/7.0/toolchain/arm/arm-gnu-toolchain/bin/../lib/gcc/arm-none-eabi/4.9.3/armv6-m\libgcc.a(_muldi3.o)
                              src/ASF/sam0/drivers/sercom/sercom.o (__aeabi_lmul)
c:/program files (x86)/atmel/studio/7.0/toolchain/arm/arm-gnu-toolchain/bin/../lib/gcc/arm-none-eabi/4.9.3/../../../../arm-none-eabi/lib/armv6-m\libc_nano.a(lib_a-exit.o)
                              c:/program files (x86)/atmel/studio/7.0/toolchain/arm/arm-gnu-toolchain/bin/../lib/gcc/arm-none-eabi/4.9.3/../../../../arm-none-eabi/lib/armv6-m/crt0.o (exit)
c:/program files (x86)/atmel/studio/7.0/toolchain/arm/arm-gnu-toolchain/bin/../lib/gcc/arm-none-eabi/4.9.3/../../../../arm-none-eabi/lib/armv6-m\libc_nano.a(lib_a-impure.o)
                              c:/program files (x86)/atmel/studio/7.0/toolchain/arm/arm-gnu-toolchain/bin/../lib/gcc/arm-none-eabi/4.9.3/../../../../arm-none-eabi/lib/armv6-m\libc_nano.a(lib_a-exit.o) (_global_impure_ptr)
c:/program files (x86)/atmel/studio/7.0/toolchain/arm/arm-gnu-toolchain/bin/../lib/gcc/arm-none-eabi/4.9.3/../../../../arm-none-eabi/lib/armv6-m\libc_nano.a(lib_a-init.o)
                              c:/program files (x86)/atmel/studio/7.0/toolchain/arm/arm-gnu-toolchain/bin/../lib/gcc/arm-none-eabi/4.9.3/../../../../arm-none-eabi/lib/armv6-m/crt0.o (__libc_init_array)
c:/program files (x86)/atmel/studio/7.0/toolchain/arm/arm-gnu-toolchain/bin/../lib/gcc/arm-none-eabi/4.9.3/../../../../arm-none-eabi/lib/armv6-m\libc_nano.a(lib_a-memcpy.o)
                              src/ASF/sam0/drivers/adc/adc_sam_d_r_h/adc.o (memcpy)
c:/program files (x86)/atmel/studio/7.0/toolchain/arm/arm-gnu-toolchain/bin/../lib/gcc/arm-none-eabi/4.9.3/../../../../arm-none-eabi/lib/armv6-m\libc_nano.a(lib_a-memset.o)
                              c:/program files (x86)/atmel/studio/7.0/toolchain/arm/arm-gnu-toolchain/bin/../lib/gcc/arm-none-eabi/4.9.3/../../../../arm-none-eabi/lib/armv6-m/crt0.o (memset)

Allocating common symbols
Common symbol       size              file

_rtc_instance       0x4               src/ASF/sam0/drivers/rtc/rtc_sam_d_r_h/rtc_count.o
wdt_early_warning_callback
                    0x4               src/ASF/sam0/drivers/wdt/wdt_callback.o
dummy_write         0x2               src/ASF/sam0/drivers/sercom/spi/spi_interrupt.o
_tc_instances       0x18              src/ASF/sam0/drivers/tc/tc_interrupt.o
_sercom_instances   0x18              src/ASF/sam0/drivers/sercom/sercom_interrupt.o
_extint_dev         0x40              src/ASF/sam0/drivers/extint/extint_sam_d_r_h/extint.o
_current_channel    0x1               src/ASF/sam0/drivers/extint/extint_callback.o
_adc_instances      0x4               src/ASF/sam0/drivers/adc/adc_sam_d_r_h/adc_callback.o

Discarded input sections

 .text          0x00000000        0x0 c:/program files (x86)/atmel/studio/7.0/toolchain/arm/arm-gnu-toolchain/bin/../lib/gcc/arm-none-eabi/4.9.3/armv6-m/crti.o
 .data          0x00000000        0x0 c:/program files (x86)/atmel/studio/7.0/toolchain/arm/arm-gnu-toolchain/bin/../lib/gcc/arm-none-eabi/4.9.3/armv6-m/crti.o
 .bss           0x00000000        0x0 c:/program files (x86)/atmel/studio/7.0/toolchain/arm/arm-gnu-toolchain/bin/../lib/gcc/arm-none-eabi/4.9.3/armv6-m/crti.o
 .data          0x00000000        0x4 c:/program files (x86)/atmel/studio/7.0/toolchain/arm/arm-gnu-toolchain/bin/../lib/gcc/arm-none-eabi/4.9.3/armv6-m/crtbegin.o
 .text          0x00000000       0x78 c:/program files (x86)/atmel/studio/7.0/toolchain/arm/arm-gnu-toolchain/bin/../lib/gcc/arm-none-eabi/4.9.3/../../../../arm-none-eabi/lib/armv6-m/crt0.o
 .data          0x00000000        0x0 c:/program files (x86)/atmel/studio/7.0/toolchain/arm/arm-gnu-toolchain/bin/../lib/gcc/arm-none-eabi/4.9.3/../../../../arm-none-eabi/lib/armv6-m/crt0.o
 .bss           0x00000000        0x0 c:/program files (x86)/atmel/studio/7.0/toolchain/arm/arm-gnu-toolchain/bin/../lib/gcc/arm-none-eabi/4.9.3/../../../../arm-none-eabi/lib/armv6-m/crt0.o
 .ARM.extab     0x00000000        0x0 c:/program files (x86)/atmel/studio/7.0/toolchain/arm/arm-gnu-toolchain/bin/../lib/gcc/arm-none-eabi/4.9.3/../../../../arm-none-eabi/lib/armv6-m/crt0.o
[...]
Memory Configuration

Name             Origin             Length             Attributes
rom              0x00000000         0x00040000         xr
ram              0x20000000         0x00008000         xrw
*default*        0x00000000         0xffffffff

Linker script and memory map

LOAD c:/program files (x86)/atmel/studio/7.0/toolchain/arm/arm-gnu-toolchain/bin/../lib/gcc/arm-none-eabi/4.9.3/armv6-m/crti.o
LOAD c:/program files (x86)/atmel/studio/7.0/toolchain/arm/arm-gnu-toolchain/bin/../lib/gcc/arm-none-eabi/4.9.3/armv6-m/crtbegin.o
LOAD c:/program files (x86)/atmel/studio/7.0/toolchain/arm/arm-gnu-toolchain/bin/../lib/gcc/arm-none-eabi/4.9.3/../../../../arm-none-eabi/lib/armv6-m/crt0.o
LOAD src/ASF/common2/components/memory/sd_mmc/sd_mmc.o
LOAD src/ASF/common2/components/memory/serial_flash/at25dfx/at25dfx.o
LOAD src/ASF/sam0/drivers/adc/adc_sam_d_r_h/adc.o
LOAD src/ASF/sam0/drivers/adc/adc_sam_d_r_h/adc_callback.o
LOAD src/ASF/common2/components/memory/sd_mmc/sd_mmc_spi.o
LOAD src/ASF/sam0/drivers/rtc/rtc_sam_d_r_h/rtc_count.o
LOAD src/ASF/sam0/drivers/rtc/rtc_sam_d_r_h/rtc_count_interrupt.o
LOAD src/ASF/sam0/drivers/sercom/i2c/i2c_samd20/i2c_master.o
LOAD src/ASF/sam0/drivers/sercom/i2c/i2c_samd20/i2c_master_interrupt.o
LOAD src/ASF/sam0/drivers/tc/tc_sam_d_r_h/tc.o
LOAD src/ASF/sam0/drivers/tc/tc_interrupt.o
LOAD src/ASF/common2/services/delay/sam0/systick_counter.o
LOAD src/ASF/sam0/drivers/extint/extint_sam_d_r_h/extint.o
LOAD src/ASF/sam0/drivers/extint/extint_callback.o
LOAD src/ASF/sam0/drivers/port/port.o
LOAD src/ASF/sam0/drivers/sercom/i2c/i2c_samd20/i2c_slave.o
LOAD src/ASF/sam0/drivers/sercom/i2c/i2c_samd20/i2c_slave_interrupt.o
LOAD src/ASF/sam0/drivers/wdt/wdt.o
LOAD src/ASF/sam0/drivers/wdt/wdt_callback.o
LOAD src/ASF/sam0/drivers/sercom/sercom.o
LOAD src/ASF/sam0/drivers/sercom/spi/spi.o
LOAD src/ASF/sam0/drivers/sercom/spi/spi_interrupt.o
LOAD src/ASF/sam0/drivers/sercom/usart/usart.o
LOAD src/ASF/sam0/drivers/sercom/usart/usart_interrupt.o
LOAD src/ASF/sam0/drivers/sercom/sercom_interrupt.o
LOAD src/ASF/common2/boards/user_board/init.o
LOAD src/ASF/common/utils/interrupt/interrupt_sam_nvic.o
LOAD src/ASF/sam0/drivers/system/clock/clock_samd20/clock.o
LOAD src/ASF/sam0/drivers/system/clock/clock_samd20/gclk.o
LOAD src/ASF/sam0/drivers/system/interrupt/system_interrupt.o
LOAD src/ASF/sam0/drivers/system/pinmux/pinmux.o
LOAD src/ASF/sam0/drivers/system/system.o
LOAD src/ASF/sam0/utils/cmsis/samd20/source/gcc/startup_samd20.o
LOAD src/ASF/sam0/utils/cmsis/samd20/source/system_samd20.o
LOAD src/ASF/sam0/utils/syscalls/gcc/syscalls.o
LOAD src/main.o
START GROUP
LOAD ../src/ASF/thirdparty/CMSIS/Lib/GCC\libarm_cortexM0l_math.a
LOAD c:/program files (x86)/atmel/studio/7.0/toolchain/arm/arm-gnu-toolchain/bin/../lib/gcc/arm-none-eabi/4.9.3/../../../../arm-none-eabi/lib/armv6-m\libm.a
END GROUP
START GROUP
LOAD c:/program files (x86)/atmel/studio/7.0/toolchain/arm/arm-gnu-toolchain/bin/../lib/gcc/arm-none-eabi/4.9.3/armv6-m\libgcc.a
LOAD c:/program files (x86)/atmel/studio/7.0/toolchain/arm/arm-gnu-toolchain/bin/../lib/gcc/arm-none-eabi/4.9.3/../../../../arm-none-eabi/lib/armv6-m\libc_nano.a
END GROUP
START GROUP
LOAD c:/program files (x86)/atmel/studio/7.0/toolchain/arm/arm-gnu-toolchain/bin/../lib/gcc/arm-none-eabi/4.9.3/armv6-m\libgcc.a
LOAD c:/program files (x86)/atmel/studio/7.0/toolchain/arm/arm-gnu-toolchain/bin/../lib/gcc/arm-none-eabi/4.9.3/../../../../arm-none-eabi/lib/armv6-m\libc_nano.a
END GROUP
LOAD c:/program files (x86)/atmel/studio/7.0/toolchain/arm/arm-gnu-toolchain/bin/../lib/gcc/arm-none-eabi/4.9.3/armv6-m/crtend.o
LOAD c:/program files (x86)/atmel/studio/7.0/toolchain/arm/arm-gnu-toolchain/bin/../lib/gcc/arm-none-eabi/4.9.3/armv6-m/crtn.o
                0x00002000                STACK_SIZE = DEFINED (STACK_SIZE)?STACK_SIZE:DEFINED (__stack_size__)?__stack_size__:0x2000

.text           0x00000000      0xaa8
                0x00000000                . = ALIGN (0x4)
                0x00000000                _sfixed = .
 *(.vectors .vectors.*)
 .vectors       0x00000000       0xa4 src/ASF/sam0/utils/cmsis/samd20/source/gcc/startup_samd20.o
                0x00000000                exception_table
 *(.text .text.* .gnu.linkonce.t.*)
 .text          0x000000a4       0x60 c:/program files (x86)/atmel/studio/7.0/toolchain/arm/arm-gnu-toolchain/bin/../lib/gcc/arm-none-eabi/4.9.3/armv6-m/crtbegin.o
 .text.ADC_Handler
                0x00000104       0xbc src/ASF/sam0/drivers/adc/adc_sam_d_r_h/adc_callback.o
                0x00000104                ADC_Handler
 .text.RTC_Handler
                0x000001c0       0x50 src/ASF/sam0/drivers/rtc/rtc_sam_d_r_h/rtc_count_interrupt.o
                0x000001c0                RTC_Handler
 .text._tc_interrupt_handler
                0x00000210       0x5c src/ASF/sam0/drivers/tc/tc_interrupt.o
                0x00000210                _tc_interrupt_handler
 .text.TC0_Handler
                0x0000026c       0x10 src/ASF/sam0/drivers/tc/tc_interrupt.o
                0x0000026c                TC0_Handler
 .text.TC1_Handler
                0x0000027c       0x10 src/ASF/sam0/drivers/tc/tc_interrupt.o
                0x0000027c                TC1_Handler
 .text.TC2_Handler
                0x0000028c       0x10 src/ASF/sam0/drivers/tc/tc_interrupt.o
                0x0000028c                TC2_Handler
 .text.TC3_Handler
                0x0000029c       0x10 src/ASF/sam0/drivers/tc/tc_interrupt.o
                0x0000029c                TC3_Handler
 .text.TC4_Handler
                0x000002ac       0x10 src/ASF/sam0/drivers/tc/tc_interrupt.o
                0x000002ac                TC4_Handler
 .text.TC5_Handler
                0x000002bc       0x10 src/ASF/sam0/drivers/tc/tc_interrupt.o
                0x000002bc                TC5_Handler
 .text.delay_cycles_ms
                0x000002cc       0x2c src/ASF/common2/services/delay/sam0/systick_counter.o
                0x000002cc                delay_cycles_ms
 .text._extint_enable
                0x000002f8       0x18 src/ASF/sam0/drivers/extint/extint_sam_d_r_h/extint.o
 .text._system_extint_init
                0x00000310       0x6c src/ASF/sam0/drivers/extint/extint_sam_d_r_h/extint.o
                0x00000310                _system_extint_init
 .text.EIC_Handler
                0x0000037c       0x68 src/ASF/sam0/drivers/extint/extint_callback.o
                0x0000037c                EIC_Handler
 .text.port_pin_set_config
                0x000003e4       0x24 src/ASF/sam0/drivers/port/port.o
                0x000003e4                port_pin_set_config
 .text.WDT_Handler
                0x00000408       0x1c src/ASF/sam0/drivers/wdt/wdt_callback.o
                0x00000408                WDT_Handler
 .text.SERCOM0_Handler
                0x00000424       0x10 src/ASF/sam0/drivers/sercom/sercom_interrupt.o
                0x00000424                SERCOM0_Handler
 .text.SERCOM1_Handler
                0x00000434       0x10 src/ASF/sam0/drivers/sercom/sercom_interrupt.o
                0x00000434                SERCOM1_Handler
 .text.SERCOM2_Handler
                0x00000444       0x10 src/ASF/sam0/drivers/sercom/sercom_interrupt.o
                0x00000444                SERCOM2_Handler
 .text.SERCOM3_Handler
                0x00000454       0x10 src/ASF/sam0/drivers/sercom/sercom_interrupt.o
                0x00000454                SERCOM3_Handler
 .text.SERCOM4_Handler
                0x00000464       0x10 src/ASF/sam0/drivers/sercom/sercom_interrupt.o
                0x00000464                SERCOM4_Handler
 .text.SERCOM5_Handler
                0x00000474       0x10 src/ASF/sam0/drivers/sercom/sercom_interrupt.o
                0x00000474                SERCOM5_Handler
 .text.system_board_init
                0x00000484        0x4 src/ASF/common2/boards/user_board/init.o
                0x00000484                board_init
                0x00000484                system_board_init
 .text.cpu_irq_enter_critical
                0x00000488       0x40 src/ASF/common/utils/interrupt/interrupt_sam_nvic.o
                0x00000488                cpu_irq_enter_critical
 .text.cpu_irq_leave_critical
                0x000004c8       0x30 src/ASF/common/utils/interrupt/interrupt_sam_nvic.o
                0x000004c8                cpu_irq_leave_critical
 .text.system_clock_source_osc8m_set_config
                0x000004f8       0x3c src/ASF/sam0/drivers/system/clock/clock_samd20/clock.o
                0x000004f8                system_clock_source_osc8m_set_config
 .text.system_clock_source_enable
                0x00000534       0x90 src/ASF/sam0/drivers/system/clock/clock_samd20/clock.o
                0x00000534                system_clock_source_enable
 .text.system_clock_init
                0x000005c4       0x98 src/ASF/sam0/drivers/system/clock/clock_samd20/clock.o
                0x000005c4                system_clock_init
 .text.system_gclk_init
                0x0000065c       0x24 src/ASF/sam0/drivers/system/clock/clock_samd20/gclk.o
                0x0000065c                system_gclk_init
 .text.system_gclk_gen_set_config
                0x00000680       0xb8 src/ASF/sam0/drivers/system/clock/clock_samd20/gclk.o
                0x00000680                system_gclk_gen_set_config
 .text.system_gclk_gen_enable
                0x00000738       0x44 src/ASF/sam0/drivers/system/clock/clock_samd20/gclk.o
                0x00000738                system_gclk_gen_enable
 .text.system_gclk_chan_enable
                0x0000077c       0x30 src/ASF/sam0/drivers/system/clock/clock_samd20/gclk.o
                0x0000077c                system_gclk_chan_enable
 .text.system_gclk_chan_disable
                0x000007ac       0x5c src/ASF/sam0/drivers/system/clock/clock_samd20/gclk.o
                0x000007ac                system_gclk_chan_disable
 .text.system_gclk_chan_set_config
                0x00000808       0x1c src/ASF/sam0/drivers/system/clock/clock_samd20/gclk.o
                0x00000808                system_gclk_chan_set_config
 .text._system_pinmux_config
                0x00000824       0xa8 src/ASF/sam0/drivers/system/pinmux/pinmux.o
 .text.system_pinmux_pin_set_config
                0x000008cc       0x30 src/ASF/sam0/drivers/system/pinmux/pinmux.o
                0x000008cc                system_pinmux_pin_set_config
 .text._system_dummy_init
                0x000008fc        0x4 src/ASF/sam0/drivers/system/system.o
                0x000008fc                _system_events_init
                0x000008fc                _system_dummy_init
                0x000008fc                _system_divas_init
 .text.system_init
                0x00000900       0x2c src/ASF/sam0/drivers/system/system.o
                0x00000900                system_init
 .text.Dummy_Handler
                0x0000092c        0x4 src/ASF/sam0/utils/cmsis/samd20/source/gcc/startup_samd20.o
                0x0000092c                HardFault_Handler
                0x0000092c                AC_Handler
                0x0000092c                SysTick_Handler
                0x0000092c                PendSV_Handler
                0x0000092c                NMI_Handler
                0x0000092c                Dummy_Handler
                0x0000092c                PM_Handler
                0x0000092c                SVC_Handler
                0x0000092c                EVSYS_Handler
                0x0000092c                NVMCTRL_Handler
                0x0000092c                DAC_Handler
                0x0000092c                PTC_Handler
                0x0000092c                SYSCTRL_Handler
 .text.Reset_Handler
                0x00000930       0xa8 src/ASF/sam0/utils/cmsis/samd20/source/gcc/startup_samd20.o
                0x00000930                Reset_Handler
 .text.main     0x000009d8       0x44 src/main.o
                0x000009d8                main
 .text.__libc_init_array
                0x00000a1c       0x4c c:/program files (x86)/atmel/studio/7.0/toolchain/arm/arm-gnu-toolchain/bin/../lib/gcc/arm-none-eabi/4.9.3/../../../../arm-none-eabi/lib/armv6-m\libc_nano.a(lib_a-init.o)
                0x00000a1c                __libc_init_array
 *(.glue_7t)
 .glue_7t       0x00000000        0x0 linker stubs
 *(.glue_7)
 .glue_7        0x00000000        0x0 linker stubs
 *(.rodata .rodata* .gnu.linkonce.r.*)
 .rodata.system_clock_source_enable
                0x00000a68       0x20 src/ASF/sam0/drivers/system/clock/clock_samd20/clock.o
 *(.ARM.extab* .gnu.linkonce.armextab.*)
                0x00000a88                . = ALIGN (0x4)
 *(.init)
 .init          0x00000a88        0x4 c:/program files (x86)/atmel/studio/7.0/toolchain/arm/arm-gnu-toolchain/bin/../lib/gcc/arm-none-eabi/4.9.3/armv6-m/crti.o
                0x00000a88                _init
 .init          0x00000a8c        0x8 c:/program files (x86)/atmel/studio/7.0/toolchain/arm/arm-gnu-toolchain/bin/../lib/gcc/arm-none-eabi/4.9.3/armv6-m/crtn.o
                0x00000a94                . = ALIGN (0x4)
                0x00000a94                __preinit_array_start = .
 *(.preinit_array)
                0x00000a94                __preinit_array_end = .
                0x00000a94                . = ALIGN (0x4)
                0x00000a94                __init_array_start = .
 *(SORT(.init_array.*))
 *(.init_array)
 .init_array    0x00000a94        0x4 c:/program files (x86)/atmel/studio/7.0/toolchain/arm/arm-gnu-toolchain/bin/../lib/gcc/arm-none-eabi/4.9.3/armv6-m/crtbegin.o
                0x00000a98                __init_array_end = .
                0x00000a98                . = ALIGN (0x4)
 *crtbegin.o(.ctors)
 *(EXCLUDE_FILE(*crtend.o) .ctors)
 *(SORT(.ctors.*))
 *crtend.o(.ctors)
                0x00000a98                . = ALIGN (0x4)
 *(.fini)
 .fini          0x00000a98        0x4 c:/program files (x86)/atmel/studio/7.0/toolchain/arm/arm-gnu-toolchain/bin/../lib/gcc/arm-none-eabi/4.9.3/armv6-m/crti.o
                0x00000a98                _fini
 .fini          0x00000a9c        0x8 c:/program files (x86)/atmel/studio/7.0/toolchain/arm/arm-gnu-toolchain/bin/../lib/gcc/arm-none-eabi/4.9.3/armv6-m/crtn.o
                0x00000aa4                . = ALIGN (0x4)
                0x00000aa4                __fini_array_start = .
 *(.fini_array)
 .fini_array    0x00000aa4        0x4 c:/program files (x86)/atmel/studio/7.0/toolchain/arm/arm-gnu-toolchain/bin/../lib/gcc/arm-none-eabi/4.9.3/armv6-m/crtbegin.o
 *(SORT(.fini_array.*))
                0x00000aa8                __fini_array_end = .
 *crtbegin.o(.dtors)
 *(EXCLUDE_FILE(*crtend.o) .dtors)
 *(SORT(.dtors.*))
 *crtend.o(.dtors)
                0x00000aa8                . = ALIGN (0x4)
                0x00000aa8                _efixed = .
                0x00000aa8                PROVIDE (__exidx_start, .)

.vfp11_veneer   0x00000aa8        0x0
 .vfp11_veneer  0x00000000        0x0 linker stubs

.v4_bx          0x00000aa8        0x0
 .v4_bx         0x00000000        0x0 linker stubs

.iplt           0x00000aa8        0x0
 .iplt          0x00000000        0x0 c:/program files (x86)/atmel/studio/7.0/toolchain/arm/arm-gnu-toolchain/bin/../lib/gcc/arm-none-eabi/4.9.3/armv6-m/crtbegin.o

.eh_frame       0x00000aa8        0x0
 .eh_frame      0x00000aa8        0x0 c:/program files (x86)/atmel/studio/7.0/toolchain/arm/arm-gnu-toolchain/bin/../lib/gcc/arm-none-eabi/4.9.3/armv6-m/crtbegin.o

.rel.dyn        0x00000aa8        0x0
 .rel.iplt      0x00000000        0x0 c:/program files (x86)/atmel/studio/7.0/toolchain/arm/arm-gnu-toolchain/bin/../lib/gcc/arm-none-eabi/4.9.3/armv6-m/crtbegin.o

.jcr            0x00000aa8        0x0
 .jcr           0x00000aa8        0x0 c:/program files (x86)/atmel/studio/7.0/toolchain/arm/arm-gnu-toolchain/bin/../lib/gcc/arm-none-eabi/4.9.3/armv6-m/crtbegin.o

.igot.plt       0x00000aa8        0x0
 .igot.plt      0x00000000        0x0 c:/program files (x86)/atmel/studio/7.0/toolchain/arm/arm-gnu-toolchain/bin/../lib/gcc/arm-none-eabi/4.9.3/armv6-m/crtbegin.o

.ARM.exidx
 *(.ARM.exidx* .gnu.linkonce.armexidx.*)
                0x00000aa8                PROVIDE (__exidx_end, .)
                0x00000aa8                . = ALIGN (0x4)
                0x00000aa8                _etext = .

.relocate       0x20000000        0x8 load address 0x00000aa8
                0x20000000                . = ALIGN (0x4)
                0x20000000                _srelocate = .
 *(.ramfunc .ramfunc.*)
 *(.data .data.*)
 .data.cycles_per_ms
                0x20000000        0x4 src/ASF/common2/services/delay/sam0/systick_counter.o
 .data.g_interrupt_enabled
                0x20000004        0x1 src/ASF/common/utils/interrupt/interrupt_sam_nvic.o
                0x20000004                g_interrupt_enabled
                0x20000008                . = ALIGN (0x4)
 *fill*         0x20000005        0x3 
                0x20000008                _erelocate = .

.bss            0x20000008       0xb8 load address 0x00000ab0
                0x20000008                . = ALIGN (0x4)
                0x20000008                _sbss = .
                0x20000008                _szero = .
 *(.bss .bss.*)
 .bss           0x20000008       0x1c c:/program files (x86)/atmel/studio/7.0/toolchain/arm/arm-gnu-toolchain/bin/../lib/gcc/arm-none-eabi/4.9.3/armv6-m/crtbegin.o
 .bss._sercom_interrupt_handlers
                0x20000024       0x18 src/ASF/sam0/drivers/sercom/sercom_interrupt.o
 .bss.cpu_irq_critical_section_counter
                0x2000003c        0x4 src/ASF/common/utils/interrupt/interrupt_sam_nvic.o
 .bss.cpu_irq_prev_interrupt_state
                0x20000040        0x1 src/ASF/common/utils/interrupt/interrupt_sam_nvic.o
 *fill*         0x20000041        0x3 
 .bss._system_clock_inst
                0x20000044       0x14 src/ASF/sam0/drivers/system/clock/clock_samd20/clock.o
 *(COMMON)
 COMMON         0x20000058        0x4 src/ASF/sam0/drivers/adc/adc_sam_d_r_h/adc_callback.o
                0x20000058                _adc_instances
 COMMON         0x2000005c        0x4 src/ASF/sam0/drivers/rtc/rtc_sam_d_r_h/rtc_count.o
                0x2000005c                _rtc_instance
 COMMON         0x20000060       0x18 src/ASF/sam0/drivers/tc/tc_interrupt.o
                0x20000060                _tc_instances
 COMMON         0x20000078       0x40 src/ASF/sam0/drivers/extint/extint_sam_d_r_h/extint.o
                0x20000078                _extint_dev
 COMMON         0x200000b8        0x1 src/ASF/sam0/drivers/extint/extint_callback.o
                0x200000b8                _current_channel
 *fill*         0x200000b9        0x3 
 COMMON         0x200000bc        0x4 src/ASF/sam0/drivers/wdt/wdt_callback.o
                0x200000bc                wdt_early_warning_callback
                0x200000c0                . = ALIGN (0x4)
                0x200000c0                _ebss = .
                0x200000c0                _ezero = .

.stack          0x200000c0     0x2000 load address 0x00000b68
                0x200000c0                . = ALIGN (0x8)
                0x200000c0                _sstack = .
                0x200020c0                . = (. + STACK_SIZE)
 *fill*         0x200000c0     0x2000 
                0x200020c0                . = ALIGN (0x8)
                0x200020c0                _estack = .
                0x200020c0                . = ALIGN (0x4)
                0x200020c0                _end = .
OUTPUT(GccGenD20.elf elf32-littlearm)

.ARM.attributes
                0x00000000       0x28
 .ARM.attributes
                0x00000000       0x1e c:/program files (x86)/atmel/studio/7.0/toolchain/arm/arm-gnu-toolchain/bin/../lib/gcc/arm-none-eabi/4.9.3/armv6-m/crti.o
 .ARM.attributes
                0x0000001e       0x2c c:/program files (x86)/atmel/studio/7.0/toolchain/arm/arm-gnu-toolchain/bin/../lib/gcc/arm-none-eabi/4.9.3/armv6-m/crtbegin.o
 .ARM.attributes
                0x0000004a       0x32 src/ASF/sam0/drivers/adc/adc_sam_d_r_h/adc_callback.o
 .ARM.attributes
                0x0000007c       0x32 src/ASF/sam0/drivers/rtc/rtc_sam_d_r_h/rtc_count.o
 .ARM.attributes
                0x000000ae       0x32 src/ASF/sam0/drivers/rtc/rtc_sam_d_r_h/rtc_count_interrupt.o
 .ARM.attributes
                0x000000e0       0x32 src/ASF/sam0/drivers/tc/tc_interrupt.o
 .ARM.attributes
                0x00000112       0x32 src/ASF/common2/services/delay/sam0/systick_counter.o
 .ARM.attributes
                0x00000144       0x32 src/ASF/sam0/drivers/extint/extint_sam_d_r_h/extint.o
 .ARM.attributes
                0x00000176       0x32 src/ASF/sam0/drivers/extint/extint_callback.o
 .ARM.attributes
                0x000001a8       0x32 src/ASF/sam0/drivers/port/port.o
 .ARM.attributes
                0x000001da       0x32 src/ASF/sam0/drivers/wdt/wdt_callback.o
 .ARM.attributes
                0x0000020c       0x32 src/ASF/sam0/drivers/sercom/sercom_interrupt.o
 .ARM.attributes
                0x0000023e       0x32 src/ASF/common2/boards/user_board/init.o
 .ARM.attributes
                0x00000270       0x32 src/ASF/common/utils/interrupt/interrupt_sam_nvic.o
 .ARM.attributes
                0x000002a2       0x32 src/ASF/sam0/drivers/system/clock/clock_samd20/clock.o
 .ARM.attributes
                0x000002d4       0x32 src/ASF/sam0/drivers/system/clock/clock_samd20/gclk.o
 .ARM.attributes
                0x00000306       0x32 src/ASF/sam0/drivers/system/pinmux/pinmux.o
 .ARM.attributes
                0x00000338       0x32 src/ASF/sam0/drivers/system/system.o
 .ARM.attributes
                0x0000036a       0x32 src/ASF/sam0/utils/cmsis/samd20/source/gcc/startup_samd20.o
 .ARM.attributes
                0x0000039c       0x32 src/main.o
 .ARM.attributes
                0x000003ce       0x2c c:/program files (x86)/atmel/studio/7.0/toolchain/arm/arm-gnu-toolchain/bin/../lib/gcc/arm-none-eabi/4.9.3/../../../../arm-none-eabi/lib/armv6-m\libc_nano.a(lib_a-init.o)
 .ARM.attributes
                0x000003fa       0x1e c:/program files (x86)/atmel/studio/7.0/toolchain/arm/arm-gnu-toolchain/bin/../lib/gcc/arm-none-eabi/4.9.3/armv6-m/crtn.o

.comment        0x00000000       0x5b
 .comment       0x00000000       0x5b src/ASF/sam0/drivers/adc/adc_sam_d_r_h/adc_callback.o
                                 0x5c (size before relaxing)
 .comment       0x00000000       0x5c src/ASF/sam0/drivers/rtc/rtc_sam_d_r_h/rtc_count.o
 .comment       0x00000000       0x5c src/ASF/sam0/drivers/rtc/rtc_sam_d_r_h/rtc_count_interrupt.o
 .comment       0x00000000       0x5c src/ASF/sam0/drivers/tc/tc_interrupt.o
 .comment       0x00000000       0x5c src/ASF/common2/services/delay/sam0/systick_counter.o
 .comment       0x00000000       0x5c src/ASF/sam0/drivers/extint/extint_sam_d_r_h/extint.o
 .comment       0x00000000       0x5c src/ASF/sam0/drivers/extint/extint_callback.o
 .comment       0x00000000       0x5c src/ASF/sam0/drivers/port/port.o
 .comment       0x00000000       0x5c src/ASF/sam0/drivers/wdt/wdt_callback.o
 .comment       0x00000000       0x5c src/ASF/sam0/drivers/sercom/sercom_interrupt.o
 .comment       0x00000000       0x5c src/ASF/common2/boards/user_board/init.o
 .comment       0x00000000       0x5c src/ASF/common/utils/interrupt/interrupt_sam_nvic.o
 .comment       0x00000000       0x5c src/ASF/sam0/drivers/system/clock/clock_samd20/clock.o
 .comment       0x00000000       0x5c src/ASF/sam0/drivers/system/clock/clock_samd20/gclk.o
 .comment       0x00000000       0x5c src/ASF/sam0/drivers/system/pinmux/pinmux.o
 .comment       0x00000000       0x5c src/ASF/sam0/drivers/system/system.o
 .comment       0x00000000       0x5c src/ASF/sam0/utils/cmsis/samd20/source/gcc/startup_samd20.o
 .comment       0x00000000       0x5c src/main.o

.debug_info     0x00000000    0x1331a
 .debug_info    0x00000000     0x12d2 src/ASF/sam0/drivers/adc/adc_sam_d_r_h/adc_callback.o
 .debug_info    0x000012d2     0x29ee src/ASF/sam0/drivers/rtc/rtc_sam_d_r_h/rtc_count.o
 .debug_info    0x00003cc0     0x188b src/ASF/sam0/drivers/rtc/rtc_sam_d_r_h/rtc_count_interrupt.o
 .debug_info    0x0000554b     0x12b3 src/ASF/sam0/drivers/tc/tc_interrupt.o
 .debug_info    0x000067fe      0x269 src/ASF/common2/services/delay/sam0/systick_counter.o
 .debug_info    0x00006a67     0x20b4 src/ASF/sam0/drivers/extint/extint_sam_d_r_h/extint.o
 .debug_info    0x00008b1b     0x10aa src/ASF/sam0/drivers/extint/extint_callback.o
 .debug_info    0x00009bc5      0x968 src/ASF/sam0/drivers/port/port.o
 .debug_info    0x0000a52d      0x964 src/ASF/sam0/drivers/wdt/wdt_callback.o
 .debug_info    0x0000ae91     0x1b5d src/ASF/sam0/drivers/sercom/sercom_interrupt.o
 .debug_info    0x0000c9ee      0x128 src/ASF/common2/boards/user_board/init.o
 .debug_info    0x0000cb16      0x1ec src/ASF/common/utils/interrupt/interrupt_sam_nvic.o
 .debug_info    0x0000cd02     0x32c3 src/ASF/sam0/drivers/system/clock/clock_samd20/clock.o
 .debug_info    0x0000ffc5     0x1458 src/ASF/sam0/drivers/system/clock/clock_samd20/gclk.o
 .debug_info    0x0001141d      0xa47 src/ASF/sam0/drivers/system/pinmux/pinmux.o
 .debug_info    0x00011e64      0x17a src/ASF/sam0/drivers/system/system.o
 .debug_info    0x00011fde      0x98b src/ASF/sam0/utils/cmsis/samd20/source/gcc/startup_samd20.o
 .debug_info    0x00012969      0x9b1 src/main.o

.debug_abbrev   0x00000000     0x2977
 .debug_abbrev  0x00000000      0x303 src/ASF/sam0/drivers/adc/adc_sam_d_r_h/adc_callback.o
 .debug_abbrev  0x00000303      0x3b2 src/ASF/sam0/drivers/rtc/rtc_sam_d_r_h/rtc_count.o
 .debug_abbrev  0x000006b5      0x275 src/ASF/sam0/drivers/rtc/rtc_sam_d_r_h/rtc_count_interrupt.o
 .debug_abbrev  0x0000092a      0x259 src/ASF/sam0/drivers/tc/tc_interrupt.o
 .debug_abbrev  0x00000b83      0x13c src/ASF/common2/services/delay/sam0/systick_counter.o
 .debug_abbrev  0x00000cbf      0x3fc src/ASF/sam0/drivers/extint/extint_sam_d_r_h/extint.o
 .debug_abbrev  0x000010bb      0x297 src/ASF/sam0/drivers/extint/extint_callback.o
 .debug_abbrev  0x00001352      0x1da src/ASF/sam0/drivers/port/port.o
 .debug_abbrev  0x0000152c      0x23f src/ASF/sam0/drivers/wdt/wdt_callback.o
 .debug_abbrev  0x0000176b      0x22c src/ASF/sam0/drivers/sercom/sercom_interrupt.o
 .debug_abbrev  0x00001997       0x93 src/ASF/common2/boards/user_board/init.o
 .debug_abbrev  0x00001a2a       0xf6 src/ASF/common/utils/interrupt/interrupt_sam_nvic.o
 .debug_abbrev  0x00001b20      0x3ff src/ASF/sam0/drivers/system/clock/clock_samd20/clock.o
 .debug_abbrev  0x00001f1f      0x327 src/ASF/sam0/drivers/system/clock/clock_samd20/gclk.o
 .debug_abbrev  0x00002246      0x287 src/ASF/sam0/drivers/system/pinmux/pinmux.o
 .debug_abbrev  0x000024cd       0xb9 src/ASF/sam0/drivers/system/system.o
 .debug_abbrev  0x00002586      0x1c1 src/ASF/sam0/utils/cmsis/samd20/source/gcc/startup_samd20.o
 .debug_abbrev  0x00002747      0x230 src/main.o

.debug_loc      0x00000000     0x303b
 .debug_loc     0x00000000      0x301 src/ASF/sam0/drivers/adc/adc_sam_d_r_h/adc_callback.o
 .debug_loc     0x00000301      0x6e1 src/ASF/sam0/drivers/rtc/rtc_sam_d_r_h/rtc_count.o
 .debug_loc     0x000009e2      0x225 src/ASF/sam0/drivers/rtc/rtc_sam_d_r_h/rtc_count_interrupt.o
 .debug_loc     0x00000c07      0x1dd src/ASF/sam0/drivers/tc/tc_interrupt.o
 .debug_loc     0x00000de4       0xe4 src/ASF/common2/services/delay/sam0/systick_counter.o
 .debug_loc     0x00000ec8      0x40a src/ASF/sam0/drivers/extint/extint_sam_d_r_h/extint.o
 .debug_loc     0x000012d2      0x215 src/ASF/sam0/drivers/extint/extint_callback.o
 .debug_loc     0x000014e7      0x16d src/ASF/sam0/drivers/port/port.o
 .debug_loc     0x00001654       0xd2 src/ASF/sam0/drivers/wdt/wdt_callback.o
 .debug_loc     0x00001726      0x16c src/ASF/sam0/drivers/sercom/sercom_interrupt.o
 .debug_loc     0x00001892       0x1e src/ASF/common/utils/interrupt/interrupt_sam_nvic.o
 .debug_loc     0x000018b0      0xea5 src/ASF/sam0/drivers/system/clock/clock_samd20/clock.o
 .debug_loc     0x00002755      0x51e src/ASF/sam0/drivers/system/clock/clock_samd20/gclk.o
 .debug_loc     0x00002c73      0x32f src/ASF/sam0/drivers/system/pinmux/pinmux.o
 .debug_loc     0x00002fa2       0x20 src/ASF/sam0/drivers/system/system.o
 .debug_loc     0x00002fc2       0x20 src/ASF/sam0/utils/cmsis/samd20/source/gcc/startup_samd20.o
 .debug_loc     0x00002fe2       0x59 src/main.o

.debug_aranges  0x00000000      0x4e0
 .debug_aranges
                0x00000000       0x48 src/ASF/sam0/drivers/adc/adc_sam_d_r_h/adc_callback.o
 .debug_aranges
                0x00000048       0x88 src/ASF/sam0/drivers/rtc/rtc_sam_d_r_h/rtc_count.o
 .debug_aranges
                0x000000d0       0x40 src/ASF/sam0/drivers/rtc/rtc_sam_d_r_h/rtc_count_interrupt.o
 .debug_aranges
                0x00000110       0x60 src/ASF/sam0/drivers/tc/tc_interrupt.o
 .debug_aranges
                0x00000170       0x30 src/ASF/common2/services/delay/sam0/systick_counter.o
 .debug_aranges
                0x000001a0       0x50 src/ASF/sam0/drivers/extint/extint_sam_d_r_h/extint.o
 .debug_aranges
                0x000001f0       0x48 src/ASF/sam0/drivers/extint/extint_callback.o
 .debug_aranges
                0x00000238       0x28 src/ASF/sam0/drivers/port/port.o
 .debug_aranges
                0x00000260       0x40 src/ASF/sam0/drivers/wdt/wdt_callback.o
 .debug_aranges
                0x000002a0       0x60 src/ASF/sam0/drivers/sercom/sercom_interrupt.o
 .debug_aranges
                0x00000300       0x20 src/ASF/common2/boards/user_board/init.o
 .debug_aranges
                0x00000320       0x28 src/ASF/common/utils/interrupt/interrupt_sam_nvic.o
 .debug_aranges
                0x00000348       0x70 src/ASF/sam0/drivers/system/clock/clock_samd20/clock.o
 .debug_aranges
                0x000003b8       0x80 src/ASF/sam0/drivers/system/clock/clock_samd20/gclk.o
 .debug_aranges
                0x00000438       0x38 src/ASF/sam0/drivers/system/pinmux/pinmux.o
 .debug_aranges
                0x00000470       0x28 src/ASF/sam0/drivers/system/system.o
 .debug_aranges
                0x00000498       0x28 src/ASF/sam0/utils/cmsis/samd20/source/gcc/startup_samd20.o
 .debug_aranges
                0x000004c0       0x20 src/main.o

.debug_ranges   0x00000000      0x430
 .debug_ranges  0x00000000       0x38 src/ASF/sam0/drivers/adc/adc_sam_d_r_h/adc_callback.o
 .debug_ranges  0x00000038       0x90 src/ASF/sam0/drivers/rtc/rtc_sam_d_r_h/rtc_count.o
 .debug_ranges  0x000000c8       0x30 src/ASF/sam0/drivers/rtc/rtc_sam_d_r_h/rtc_count_interrupt.o
 .debug_ranges  0x000000f8       0x50 src/ASF/sam0/drivers/tc/tc_interrupt.o
 .debug_ranges  0x00000148       0x50 src/ASF/common2/services/delay/sam0/systick_counter.o
 .debug_ranges  0x00000198       0x40 src/ASF/sam0/drivers/extint/extint_sam_d_r_h/extint.o
 .debug_ranges  0x000001d8       0x60 src/ASF/sam0/drivers/extint/extint_callback.o
 .debug_ranges  0x00000238       0x18 src/ASF/sam0/drivers/port/port.o
 .debug_ranges  0x00000250       0x30 src/ASF/sam0/drivers/wdt/wdt_callback.o
 .debug_ranges  0x00000280       0x50 src/ASF/sam0/drivers/sercom/sercom_interrupt.o
 .debug_ranges  0x000002d0       0x10 src/ASF/common2/boards/user_board/init.o
 .debug_ranges  0x000002e0       0x18 src/ASF/common/utils/interrupt/interrupt_sam_nvic.o
 .debug_ranges  0x000002f8       0x60 src/ASF/sam0/drivers/system/clock/clock_samd20/clock.o
 .debug_ranges  0x00000358       0x70 src/ASF/sam0/drivers/system/clock/clock_samd20/gclk.o
 .debug_ranges  0x000003c8       0x28 src/ASF/sam0/drivers/system/pinmux/pinmux.o
 .debug_ranges  0x000003f0       0x18 src/ASF/sam0/drivers/system/system.o
 .debug_ranges  0x00000408       0x18 src/ASF/sam0/utils/cmsis/samd20/source/gcc/startup_samd20.o
 .debug_ranges  0x00000420       0x10 src/main.o

.debug_macro    0x00000000     0x5220
 .debug_macro   0x00000000      0x497 src/ASF/sam0/drivers/adc/adc_sam_d_r_h/adc_callback.o
 .debug_macro   0x00000497      0x468 src/ASF/sam0/drivers/rtc/rtc_sam_d_r_h/rtc_count.o
 .debug_macro   0x000008ff      0x472 src/ASF/sam0/drivers/rtc/rtc_sam_d_r_h/rtc_count_interrupt.o
 .debug_macro   0x00000d71      0x483 src/ASF/sam0/drivers/tc/tc_interrupt.o
 .debug_macro   0x000011f4      0x450 src/ASF/common2/services/delay/sam0/systick_counter.o
 .debug_macro   0x00001644       0x16 src/ASF/common2/services/delay/sam0/systick_counter.o
 .debug_macro   0x0000165a      0x494 src/ASF/sam0/drivers/extint/extint_sam_d_r_h/extint.o
 .debug_macro   0x00001aee       0x16 src/ASF/sam0/drivers/extint/extint_sam_d_r_h/extint.o
 .debug_macro   0x00001b04      0x439 src/ASF/sam0/drivers/extint/extint_callback.o
 .debug_macro   0x00001f3d       0x12 src/ASF/sam0/drivers/extint/extint_callback.o
 .debug_macro   0x00001f4f      0x42e src/ASF/sam0/drivers/port/port.o
 .debug_macro   0x0000237d      0x48c src/ASF/sam0/drivers/wdt/wdt_callback.o
 .debug_macro   0x00002809      0x49f src/ASF/sam0/drivers/sercom/sercom_interrupt.o
 .debug_macro   0x00002ca8      0x665 src/ASF/common2/boards/user_board/init.o
 .debug_macro   0x0000330d      0x414 src/ASF/common/utils/interrupt/interrupt_sam_nvic.o
 .debug_macro   0x00003721      0x529 src/ASF/sam0/drivers/system/clock/clock_samd20/clock.o
 .debug_macro   0x00003c4a      0x44b src/ASF/sam0/drivers/system/clock/clock_samd20/gclk.o
 .debug_macro   0x00004095      0x426 src/ASF/sam0/drivers/system/pinmux/pinmux.o
 .debug_macro   0x000044bb      0x458 src/ASF/sam0/drivers/system/system.o
 .debug_macro   0x00004913      0x268 src/ASF/sam0/utils/cmsis/samd20/source/gcc/startup_samd20.o
 .debug_macro   0x00004b7b       0x3a src/ASF/sam0/utils/cmsis/samd20/source/gcc/startup_samd20.o
 .debug_macro   0x00004bb5      0x66b src/main.o

.debug_line     0x00000000     0xb467
 .debug_line    0x00000000      0xaef src/ASF/sam0/drivers/adc/adc_sam_d_r_h/adc_callback.o
 .debug_line    0x00000aef      0xb0a src/ASF/sam0/drivers/rtc/rtc_sam_d_r_h/rtc_count.o
 .debug_line    0x000015f9      0x9ab src/ASF/sam0/drivers/rtc/rtc_sam_d_r_h/rtc_count_interrupt.o
 .debug_line    0x00001fa4      0x9a1 src/ASF/sam0/drivers/tc/tc_interrupt.o
 .debug_line    0x00002945      0x8ba src/ASF/common2/services/delay/sam0/systick_counter.o
 .debug_line    0x000031ff      0xb18 src/ASF/sam0/drivers/extint/extint_sam_d_r_h/extint.o
 .debug_line    0x00003d17      0x8c2 src/ASF/sam0/drivers/extint/extint_callback.o
 .debug_line    0x000045d9      0x7f9 src/ASF/sam0/drivers/port/port.o
 .debug_line    0x00004dd2      0xa18 src/ASF/sam0/drivers/wdt/wdt_callback.o
 .debug_line    0x000057ea      0xa6b src/ASF/sam0/drivers/sercom/sercom_interrupt.o
 .debug_line    0x00006255      0xe73 src/ASF/common2/boards/user_board/init.o
 .debug_line    0x000070c8      0x7cd src/ASF/common/utils/interrupt/interrupt_sam_nvic.o
 .debug_line    0x00007895      0xaf8 src/ASF/sam0/drivers/system/clock/clock_samd20/clock.o
 .debug_line    0x0000838d      0xb63 src/ASF/sam0/drivers/system/clock/clock_samd20/gclk.o
 .debug_line    0x00008ef0      0x81f src/ASF/sam0/drivers/system/pinmux/pinmux.o
 .debug_line    0x0000970f      0x8e5 src/ASF/sam0/drivers/system/system.o
 .debug_line    0x00009ff4      0x5c2 src/ASF/sam0/utils/cmsis/samd20/source/gcc/startup_samd20.o
 .debug_line    0x0000a5b6      0xeb1 src/main.o

.debug_str      0x00000000    0x5ba00
 .debug_str     0x00000000    0x545ba src/ASF/sam0/drivers/adc/adc_sam_d_r_h/adc_callback.o
                              0x54ab0 (size before relaxing)
 .debug_str     0x000545ba     0x1ca4 src/ASF/sam0/drivers/rtc/rtc_sam_d_r_h/rtc_count.o
                              0x5608b (size before relaxing)
 .debug_str     0x0005625e      0x106 src/ASF/sam0/drivers/rtc/rtc_sam_d_r_h/rtc_count_interrupt.o
                              0x5559d (size before relaxing)
 .debug_str     0x00056364      0x662 src/ASF/sam0/drivers/tc/tc_interrupt.o
                              0x54afb (size before relaxing)
 .debug_str     0x000569c6      0x216 src/ASF/common2/services/delay/sam0/systick_counter.o
                              0x53faa (size before relaxing)
 .debug_str     0x00056bdc      0x904 src/ASF/sam0/drivers/extint/extint_sam_d_r_h/extint.o
                              0x5546e (size before relaxing)
 .debug_str     0x000574e0      0x131 src/ASF/sam0/drivers/extint/extint_callback.o
                              0x545cd (size before relaxing)
 .debug_str     0x00057611      0x28f src/ASF/sam0/drivers/port/port.o
                              0x54196 (size before relaxing)
 .debug_str     0x000578a0      0x1c1 src/ASF/sam0/drivers/wdt/wdt_callback.o
                              0x54926 (size before relaxing)
 .debug_str     0x00057a61      0xb68 src/ASF/sam0/drivers/sercom/sercom_interrupt.o
                              0x550c6 (size before relaxing)
 .debug_str     0x000585c9      0xf5e src/ASF/common2/boards/user_board/init.o
                              0x5675c (size before relaxing)
 .debug_str     0x00059527       0x9b src/ASF/common/utils/interrupt/interrupt_sam_nvic.o
                              0x53dcc (size before relaxing)
 .debug_str     0x000595c2     0x1bc1 src/ASF/sam0/drivers/system/clock/clock_samd20/clock.o
                              0x56f78 (size before relaxing)
 .debug_str     0x0005b183      0x2c6 src/ASF/sam0/drivers/system/clock/clock_samd20/gclk.o
                              0x549b6 (size before relaxing)
 .debug_str     0x0005b449      0x178 src/ASF/sam0/drivers/system/pinmux/pinmux.o
                              0x541c3 (size before relaxing)
 .debug_str     0x0005b5c1       0x47 src/ASF/sam0/drivers/system/system.o
                              0x53e68 (size before relaxing)
 .debug_str     0x0005b608      0x368 src/ASF/sam0/utils/cmsis/samd20/source/gcc/startup_samd20.o
                              0x4004c (size before relaxing)
 .debug_str     0x0005b970       0x90 src/main.o
                              0x56a79 (size before relaxing)

.debug_frame    0x00000000      0xa8c
 .debug_frame   0x00000000       0x84 src/ASF/sam0/drivers/adc/adc_sam_d_r_h/adc_callback.o
 .debug_frame   0x00000084      0x178 src/ASF/sam0/drivers/rtc/rtc_sam_d_r_h/rtc_count.o
 .debug_frame   0x000001fc       0x78 src/ASF/sam0/drivers/rtc/rtc_sam_d_r_h/rtc_count_interrupt.o
 .debug_frame   0x00000274       0xdc src/ASF/sam0/drivers/tc/tc_interrupt.o
 .debug_frame   0x00000350       0x60 src/ASF/common2/services/delay/sam0/systick_counter.o
 .debug_frame   0x000003b0       0xb8 src/ASF/sam0/drivers/extint/extint_sam_d_r_h/extint.o
 .debug_frame   0x00000468       0x7c src/ASF/sam0/drivers/extint/extint_callback.o
 .debug_frame   0x000004e4       0x44 src/ASF/sam0/drivers/port/port.o
 .debug_frame   0x00000528       0x68 src/ASF/sam0/drivers/wdt/wdt_callback.o
 .debug_frame   0x00000590       0xec src/ASF/sam0/drivers/sercom/sercom_interrupt.o
 .debug_frame   0x0000067c       0x20 src/ASF/common2/boards/user_board/init.o
 .debug_frame   0x0000069c       0x30 src/ASF/common/utils/interrupt/interrupt_sam_nvic.o
 .debug_frame   0x000006cc      0x138 src/ASF/sam0/drivers/system/clock/clock_samd20/clock.o
 .debug_frame   0x00000804      0x148 src/ASF/sam0/drivers/system/clock/clock_samd20/gclk.o
 .debug_frame   0x0000094c       0x74 src/ASF/sam0/drivers/system/pinmux/pinmux.o
 .debug_frame   0x000009c0       0x38 src/ASF/sam0/drivers/system/system.o
 .debug_frame   0x000009f8       0x38 src/ASF/sam0/utils/cmsis/samd20/source/gcc/startup_samd20.o
 .debug_frame   0x00000a30       0x30 src/main.o
 .debug_frame   0x00000a60       0x2c c:/program files (x86)/atmel/studio/7.0/toolchain/arm/arm-gnu-toolchain/bin/../lib/gcc/arm-none-eabi/4.9.3/../../../../arm-none-eabi/lib/armv6-m\libc_nano.a(lib_a-init.o)

Cross Reference Table

Symbol                                            File
AC_Handler                                        src/ASF/sam0/utils/cmsis/samd20/source/gcc/startup_samd20.o
ADC_Handler                                       src/ASF/sam0/drivers/adc/adc_sam_d_r_h/adc_callback.o
DAC_Handler                                       src/ASF/sam0/utils/cmsis/samd20/source/gcc/startup_samd20.o
Dummy_Handler                                     src/ASF/sam0/utils/cmsis/samd20/source/gcc/startup_samd20.o
EIC_Handler                                       src/ASF/sam0/drivers/extint/extint_callback.o
EVSYS_Handler                                     src/ASF/sam0/utils/cmsis/samd20/source/gcc/startup_samd20.o
HardFault_Handler                                 src/ASF/sam0/utils/cmsis/samd20/source/gcc/startup_samd20.o
NMI_Handler                                       src/ASF/sam0/utils/cmsis/samd20/source/gcc/startup_samd20.o
NVMCTRL_Handler                                   src/ASF/sam0/utils/cmsis/samd20/source/gcc/startup_samd20.o
PM_Handler                                        src/ASF/sam0/utils/cmsis/samd20/source/gcc/startup_samd20.o
PTC_Handler                                       src/ASF/sam0/utils/cmsis/samd20/source/gcc/startup_samd20.o
PendSV_Handler                                    src/ASF/sam0/utils/cmsis/samd20/source/gcc/startup_samd20.o
RTC_Handler                                       src/ASF/sam0/drivers/rtc/rtc_sam_d_r_h/rtc_count_interrupt.o
Reset_Handler                                     src/ASF/sam0/utils/cmsis/samd20/source/gcc/startup_samd20.o
SERCOM0_Handler                                   src/ASF/sam0/drivers/sercom/sercom_interrupt.o
SERCOM1_Handler                                   src/ASF/sam0/drivers/sercom/sercom_interrupt.o
SERCOM2_Handler                                   src/ASF/sam0/drivers/sercom/sercom_interrupt.o
SERCOM3_Handler                                   src/ASF/sam0/drivers/sercom/sercom_interrupt.o
SERCOM4_Handler                                   src/ASF/sam0/drivers/sercom/sercom_interrupt.o
SERCOM5_Handler                                   src/ASF/sam0/drivers/sercom/sercom_interrupt.o
SVC_Handler                                       src/ASF/sam0/utils/cmsis/samd20/source/gcc/startup_samd20.o
SYSCTRL_Handler                                   src/ASF/sam0/utils/cmsis/samd20/source/gcc/startup_samd20.o
SysTick_Handler                                   src/ASF/sam0/utils/cmsis/samd20/source/gcc/startup_samd20.o
SystemCoreClock                                   src/ASF/sam0/utils/cmsis/samd20/source/system_samd20.o
SystemCoreClockUpdate                             src/ASF/sam0/utils/cmsis/samd20/source/system_samd20.o
SystemInit                                        src/ASF/sam0/utils/cmsis/samd20/source/system_samd20.o
TC0_Handler                                       src/ASF/sam0/drivers/tc/tc_interrupt.o
TC1_Handler                                       src/ASF/sam0/drivers/tc/tc_interrupt.o
TC2_Handler                                       src/ASF/sam0/drivers/tc/tc_interrupt.o
TC3_Handler                                       src/ASF/sam0/drivers/tc/tc_interrupt.o
TC4_Handler                                       src/ASF/sam0/drivers/tc/tc_interrupt.o
TC5_Handler                                       src/ASF/sam0/drivers/tc/tc_interrupt.o
WDT_Handler                                       src/ASF/sam0/drivers/wdt/wdt_callback.o
_Jv_RegisterClasses                               c:/program files (x86)/atmel/studio/7.0/toolchain/arm/arm-gnu-toolchain/bin/../lib/gcc/arm-none-eabi/4.9.3/armv6-m/crtbegin.o
__aeabi_idiv0                                     c:/program files (x86)/atmel/studio/7.0/toolchain/arm/arm-gnu-toolchain/bin/../lib/gcc/arm-none-eabi/4.9.3/armv6-m\libgcc.a(_dvmd_tls.o)
                                                  c:/program files (x86)/atmel/studio/7.0/toolchain/arm/arm-gnu-toolchain/bin/../lib/gcc/arm-none-eabi/4.9.3/armv6-m\libgcc.a(_udivsi3.o)
__aeabi_ldiv0                                     c:/program files (x86)/atmel/studio/7.0/toolchain/arm/arm-gnu-toolchain/bin/../lib/gcc/arm-none-eabi/4.9.3/armv6-m\libgcc.a(_dvmd_tls.o)
__aeabi_lmul                                      c:/program files (x86)/atmel/studio/7.0/toolchain/arm/arm-gnu-toolchain/bin/../lib/gcc/arm-none-eabi/4.9.3/armv6-m\libgcc.a(_muldi3.o)
                                                  src/ASF/sam0/drivers/sercom/sercom.o
__aeabi_uidiv                                     c:/program files (x86)/atmel/studio/7.0/toolchain/arm/arm-gnu-toolchain/bin/../lib/gcc/arm-none-eabi/4.9.3/armv6-m\libgcc.a(_udivsi3.o)
                                                  src/ASF/sam0/drivers/system/clock/clock_samd20/gclk.o
                                                  src/ASF/common2/services/delay/sam0/systick_counter.o
                                                  src/ASF/sam0/drivers/sercom/i2c/i2c_samd20/i2c_master.o
                                                  src/ASF/common2/components/memory/sd_mmc/sd_mmc_spi.o
                                                  src/ASF/common2/components/memory/sd_mmc/sd_mmc.o
__aeabi_uidivmod                                  c:/program files (x86)/atmel/studio/7.0/toolchain/arm/arm-gnu-toolchain/bin/../lib/gcc/arm-none-eabi/4.9.3/armv6-m\libgcc.a(_udivsi3.o)
                                                  src/ASF/common2/components/memory/sd_mmc/sd_mmc_spi.o
__bss_end__                                       c:/program files (x86)/atmel/studio/7.0/toolchain/arm/arm-gnu-toolchain/bin/../lib/gcc/arm-none-eabi/4.9.3/../../../../arm-none-eabi/lib/armv6-m/crt0.o
__bss_start__                                     c:/program files (x86)/atmel/studio/7.0/toolchain/arm/arm-gnu-toolchain/bin/../lib/gcc/arm-none-eabi/4.9.3/../../../../arm-none-eabi/lib/armv6-m/crt0.o
__call_exitprocs                                  c:/program files (x86)/atmel/studio/7.0/toolchain/arm/arm-gnu-toolchain/bin/../lib/gcc/arm-none-eabi/4.9.3/../../../../arm-none-eabi/lib/armv6-m\libc_nano.a(lib_a-exit.o)
__deregister_frame_info                           c:/program files (x86)/atmel/studio/7.0/toolchain/arm/arm-gnu-toolchain/bin/../lib/gcc/arm-none-eabi/4.9.3/armv6-m/crtbegin.o
__dso_handle                                      c:/program files (x86)/atmel/studio/7.0/toolchain/arm/arm-gnu-toolchain/bin/../lib/gcc/arm-none-eabi/4.9.3/armv6-m/crtbegin.o
__init_array_end                                  c:/program files (x86)/atmel/studio/7.0/toolchain/arm/arm-gnu-toolchain/bin/../lib/gcc/arm-none-eabi/4.9.3/../../../../arm-none-eabi/lib/armv6-m\libc_nano.a(lib_a-init.o)
__init_array_start                                c:/program files (x86)/atmel/studio/7.0/toolchain/arm/arm-gnu-toolchain/bin/../lib/gcc/arm-none-eabi/4.9.3/../../../../arm-none-eabi/lib/armv6-m\libc_nano.a(lib_a-init.o)
__libc_fini_array                                 c:/program files (x86)/atmel/studio/7.0/toolchain/arm/arm-gnu-toolchain/bin/../lib/gcc/arm-none-eabi/4.9.3/../../../../arm-none-eabi/lib/armv6-m/crt0.o
__libc_init_array                                 c:/program files (x86)/atmel/studio/7.0/toolchain/arm/arm-gnu-toolchain/bin/../lib/gcc/arm-none-eabi/4.9.3/../../../../arm-none-eabi/lib/armv6-m\libc_nano.a(lib_a-init.o)
                                                  src/ASF/sam0/utils/cmsis/samd20/source/gcc/startup_samd20.o
                                                  c:/program files (x86)/atmel/studio/7.0/toolchain/arm/arm-gnu-toolchain/bin/../lib/gcc/arm-none-eabi/4.9.3/../../../../arm-none-eabi/lib/armv6-m/crt0.o
__muldi3                                          c:/program files (x86)/atmel/studio/7.0/toolchain/arm/arm-gnu-toolchain/bin/../lib/gcc/arm-none-eabi/4.9.3/armv6-m\libgcc.a(_muldi3.o)
__preinit_array_end                               c:/program files (x86)/atmel/studio/7.0/toolchain/arm/arm-gnu-toolchain/bin/../lib/gcc/arm-none-eabi/4.9.3/../../../../arm-none-eabi/lib/armv6-m\libc_nano.a(lib_a-init.o)
__preinit_array_start                             c:/program files (x86)/atmel/studio/7.0/toolchain/arm/arm-gnu-toolchain/bin/../lib/gcc/arm-none-eabi/4.9.3/../../../../arm-none-eabi/lib/armv6-m\libc_nano.a(lib_a-init.o)
__register_frame_info                             c:/program files (x86)/atmel/studio/7.0/toolchain/arm/arm-gnu-toolchain/bin/../lib/gcc/arm-none-eabi/4.9.3/armv6-m/crtbegin.o
__sf_fake_stderr                                  c:/program files (x86)/atmel/studio/7.0/toolchain/arm/arm-gnu-toolchain/bin/../lib/gcc/arm-none-eabi/4.9.3/../../../../arm-none-eabi/lib/armv6-m\libc_nano.a(lib_a-impure.o)
__sf_fake_stdin                                   c:/program files (x86)/atmel/studio/7.0/toolchain/arm/arm-gnu-toolchain/bin/../lib/gcc/arm-none-eabi/4.9.3/../../../../arm-none-eabi/lib/armv6-m\libc_nano.a(lib_a-impure.o)
__sf_fake_stdout                                  c:/program files (x86)/atmel/studio/7.0/toolchain/arm/arm-gnu-toolchain/bin/../lib/gcc/arm-none-eabi/4.9.3/../../../../arm-none-eabi/lib/armv6-m\libc_nano.a(lib_a-impure.o)
__stack                                           c:/program files (x86)/atmel/studio/7.0/toolchain/arm/arm-gnu-toolchain/bin/../lib/gcc/arm-none-eabi/4.9.3/../../../../arm-none-eabi/lib/armv6-m/crt0.o
__udivsi3                                         c:/program files (x86)/atmel/studio/7.0/toolchain/arm/arm-gnu-toolchain/bin/../lib/gcc/arm-none-eabi/4.9.3/armv6-m\libgcc.a(_udivsi3.o)
_adc_instances                                    src/ASF/sam0/drivers/adc/adc_sam_d_r_h/adc_callback.o
                                                  src/ASF/sam0/drivers/adc/adc_sam_d_r_h/adc.o
_close                                            src/ASF/sam0/utils/syscalls/gcc/syscalls.o
_current_channel                                  src/ASF/sam0/drivers/extint/extint_callback.o
_end                                              src/ASF/sam0/utils/syscalls/gcc/syscalls.o
_erelocate                                        src/ASF/sam0/utils/cmsis/samd20/source/gcc/startup_samd20.o
_estack                                           src/ASF/sam0/utils/cmsis/samd20/source/gcc/startup_samd20.o
_etext                                            src/ASF/sam0/utils/cmsis/samd20/source/gcc/startup_samd20.o
_exit                                             src/ASF/sam0/utils/syscalls/gcc/syscalls.o
                                                  c:/program files (x86)/atmel/studio/7.0/toolchain/arm/arm-gnu-toolchain/bin/../lib/gcc/arm-none-eabi/4.9.3/../../../../arm-none-eabi/lib/armv6-m\libc_nano.a(lib_a-exit.o)
_extint_dev                                       src/ASF/sam0/drivers/extint/extint_sam_d_r_h/extint.o
                                                  src/ASF/sam0/drivers/extint/extint_callback.o
_ezero                                            src/ASF/sam0/utils/cmsis/samd20/source/gcc/startup_samd20.o
_fini                                             c:/program files (x86)/atmel/studio/7.0/toolchain/arm/arm-gnu-toolchain/bin/../lib/gcc/arm-none-eabi/4.9.3/armv6-m/crti.o
_fstat                                            src/ASF/sam0/utils/syscalls/gcc/syscalls.o
_getpid                                           src/ASF/sam0/utils/syscalls/gcc/syscalls.o
_global_impure_ptr                                c:/program files (x86)/atmel/studio/7.0/toolchain/arm/arm-gnu-toolchain/bin/../lib/gcc/arm-none-eabi/4.9.3/../../../../arm-none-eabi/lib/armv6-m\libc_nano.a(lib_a-impure.o)
                                                  c:/program files (x86)/atmel/studio/7.0/toolchain/arm/arm-gnu-toolchain/bin/../lib/gcc/arm-none-eabi/4.9.3/../../../../arm-none-eabi/lib/armv6-m\libc_nano.a(lib_a-exit.o)
_i2c_master_interrupt_handler                     src/ASF/sam0/drivers/sercom/i2c/i2c_samd20/i2c_master_interrupt.o
                                                  src/ASF/sam0/drivers/sercom/i2c/i2c_samd20/i2c_master.o
_i2c_slave_interrupt_handler                      src/ASF/sam0/drivers/sercom/i2c/i2c_samd20/i2c_slave_interrupt.o
                                                  src/ASF/sam0/drivers/sercom/i2c/i2c_samd20/i2c_slave.o
_impure_ptr                                       c:/program files (x86)/atmel/studio/7.0/toolchain/arm/arm-gnu-toolchain/bin/../lib/gcc/arm-none-eabi/4.9.3/../../../../arm-none-eabi/lib/armv6-m\libc_nano.a(lib_a-impure.o)
_init                                             c:/program files (x86)/atmel/studio/7.0/toolchain/arm/arm-gnu-toolchain/bin/../lib/gcc/arm-none-eabi/4.9.3/armv6-m/crti.o
                                                  c:/program files (x86)/atmel/studio/7.0/toolchain/arm/arm-gnu-toolchain/bin/../lib/gcc/arm-none-eabi/4.9.3/../../../../arm-none-eabi/lib/armv6-m\libc_nano.a(lib_a-init.o)
_isatty                                           src/ASF/sam0/utils/syscalls/gcc/syscalls.o
_kill                                             src/ASF/sam0/utils/syscalls/gcc/syscalls.o
_lseek                                            src/ASF/sam0/utils/syscalls/gcc/syscalls.o
_mainCRTStartup                                   c:/program files (x86)/atmel/studio/7.0/toolchain/arm/arm-gnu-toolchain/bin/../lib/gcc/arm-none-eabi/4.9.3/../../../../arm-none-eabi/lib/armv6-m/crt0.o
_rtc_instance                                     src/ASF/sam0/drivers/rtc/rtc_sam_d_r_h/rtc_count.o
                                                  src/ASF/sam0/drivers/rtc/rtc_sam_d_r_h/rtc_count_interrupt.o
_sbrk                                             src/ASF/sam0/utils/syscalls/gcc/syscalls.o
_sercom_get_async_baud_val                        src/ASF/sam0/drivers/sercom/sercom.o
                                                  src/ASF/sam0/drivers/sercom/usart/usart.o
_sercom_get_default_pad                           src/ASF/sam0/drivers/sercom/sercom.o
                                                  src/ASF/sam0/drivers/sercom/usart/usart.o
                                                  src/ASF/sam0/drivers/sercom/spi/spi.o
                                                  src/ASF/sam0/drivers/sercom/i2c/i2c_samd20/i2c_slave.o
                                                  src/ASF/sam0/drivers/sercom/i2c/i2c_samd20/i2c_master.o
_sercom_get_interrupt_vector                      src/ASF/sam0/drivers/sercom/sercom_interrupt.o
                                                  src/ASF/sam0/drivers/sercom/spi/spi.o
                                                  src/ASF/sam0/drivers/sercom/i2c/i2c_samd20/i2c_slave.o
                                                  src/ASF/sam0/drivers/sercom/i2c/i2c_samd20/i2c_master.o
                                                  src/ASF/common2/components/memory/sd_mmc/sd_mmc_spi.o
_sercom_get_sercom_inst_index                     src/ASF/sam0/drivers/sercom/sercom.o
                                                  src/ASF/sam0/drivers/sercom/sercom_interrupt.o
                                                  src/ASF/sam0/drivers/sercom/usart/usart.o
                                                  src/ASF/sam0/drivers/sercom/spi/spi.o
                                                  src/ASF/sam0/drivers/sercom/i2c/i2c_samd20/i2c_slave.o
                                                  src/ASF/sam0/drivers/sercom/i2c/i2c_samd20/i2c_master.o
_sercom_get_sync_baud_val                         src/ASF/sam0/drivers/sercom/sercom.o
                                                  src/ASF/sam0/drivers/sercom/usart/usart.o
                                                  src/ASF/sam0/drivers/sercom/spi/spi.o
_sercom_instances                                 src/ASF/sam0/drivers/sercom/sercom_interrupt.o
                                                  src/ASF/sam0/drivers/sercom/usart/usart_interrupt.o
                                                  src/ASF/sam0/drivers/sercom/usart/usart.o
                                                  src/ASF/sam0/drivers/sercom/spi/spi_interrupt.o
                                                  src/ASF/sam0/drivers/sercom/spi/spi.o
                                                  src/ASF/sam0/drivers/sercom/i2c/i2c_samd20/i2c_slave_interrupt.o
                                                  src/ASF/sam0/drivers/sercom/i2c/i2c_samd20/i2c_slave.o
                                                  src/ASF/sam0/drivers/sercom/i2c/i2c_samd20/i2c_master_interrupt.o
                                                  src/ASF/sam0/drivers/sercom/i2c/i2c_samd20/i2c_master.o
_sercom_set_handler                               src/ASF/sam0/drivers/sercom/sercom_interrupt.o
                                                  src/ASF/sam0/drivers/sercom/usart/usart.o
                                                  src/ASF/sam0/drivers/sercom/spi/spi.o
                                                  src/ASF/sam0/drivers/sercom/i2c/i2c_samd20/i2c_slave.o
                                                  src/ASF/sam0/drivers/sercom/i2c/i2c_samd20/i2c_master.o
_sfixed                                           src/ASF/sam0/utils/cmsis/samd20/source/gcc/startup_samd20.o
_spi_interrupt_handler                            src/ASF/sam0/drivers/sercom/spi/spi_interrupt.o
                                                  src/ASF/sam0/drivers/sercom/spi/spi.o
_srelocate                                        src/ASF/sam0/utils/cmsis/samd20/source/gcc/startup_samd20.o
_start                                            c:/program files (x86)/atmel/studio/7.0/toolchain/arm/arm-gnu-toolchain/bin/../lib/gcc/arm-none-eabi/4.9.3/../../../../arm-none-eabi/lib/armv6-m/crt0.o
_system_divas_init                                src/ASF/sam0/drivers/system/system.o
_system_dummy_init                                src/ASF/sam0/drivers/system/system.o
_system_events_init                               src/ASF/sam0/drivers/system/system.o
_system_extint_init                               src/ASF/sam0/drivers/extint/extint_sam_d_r_h/extint.o
_szero                                            src/ASF/sam0/utils/cmsis/samd20/source/gcc/startup_samd20.o
_tc_get_inst_index                                src/ASF/sam0/drivers/tc/tc_sam_d_r_h/tc.o
_tc_instances                                     src/ASF/sam0/drivers/tc/tc_interrupt.o
                                                  src/ASF/sam0/drivers/tc/tc_sam_d_r_h/tc.o
_tc_interrupt_handler                             src/ASF/sam0/drivers/tc/tc_interrupt.o
_usart_interrupt_handler                          src/ASF/sam0/drivers/sercom/usart/usart_interrupt.o
                                                  src/ASF/sam0/drivers/sercom/usart/usart.o
_usart_read_buffer                                src/ASF/sam0/drivers/sercom/usart/usart_interrupt.o
_usart_write_buffer                               src/ASF/sam0/drivers/sercom/usart/usart_interrupt.o
adc_abort_job                                     src/ASF/sam0/drivers/adc/adc_sam_d_r_h/adc_callback.o
adc_get_config_defaults                           src/ASF/sam0/drivers/adc/adc_sam_d_r_h/adc.o
adc_get_job_status                                src/ASF/sam0/drivers/adc/adc_sam_d_r_h/adc_callback.o
adc_init                                          src/ASF/sam0/drivers/adc/adc_sam_d_r_h/adc.o
adc_read_buffer_job                               src/ASF/sam0/drivers/adc/adc_sam_d_r_h/adc_callback.o
adc_register_callback                             src/ASF/sam0/drivers/adc/adc_sam_d_r_h/adc_callback.o
adc_regular_ain_channel                           src/ASF/sam0/drivers/adc/adc_sam_d_r_h/adc.o
adc_set_window_mode                               src/ASF/sam0/drivers/adc/adc_sam_d_r_h/adc.o
adc_unregister_callback                           src/ASF/sam0/drivers/adc/adc_sam_d_r_h/adc_callback.o
at25dfx_chip_check_presence                       src/ASF/common2/components/memory/serial_flash/at25dfx/at25dfx.o
at25dfx_chip_erase                                src/ASF/common2/components/memory/serial_flash/at25dfx/at25dfx.o
at25dfx_chip_erase_block                          src/ASF/common2/components/memory/serial_flash/at25dfx/at25dfx.o
at25dfx_chip_get_sector_protect                   src/ASF/common2/components/memory/serial_flash/at25dfx/at25dfx.o
at25dfx_chip_read_buffer                          src/ASF/common2/components/memory/serial_flash/at25dfx/at25dfx.o
at25dfx_chip_set_global_sector_protect            src/ASF/common2/components/memory/serial_flash/at25dfx/at25dfx.o
at25dfx_chip_set_sector_protect                   src/ASF/common2/components/memory/serial_flash/at25dfx/at25dfx.o
at25dfx_chip_sleep                                src/ASF/common2/components/memory/serial_flash/at25dfx/at25dfx.o
at25dfx_chip_wake                                 src/ASF/common2/components/memory/serial_flash/at25dfx/at25dfx.o
at25dfx_chip_write_buffer                         src/ASF/common2/components/memory/serial_flash/at25dfx/at25dfx.o
atexit                                            c:/program files (x86)/atmel/studio/7.0/toolchain/arm/arm-gnu-toolchain/bin/../lib/gcc/arm-none-eabi/4.9.3/../../../../arm-none-eabi/lib/armv6-m/crt0.o
board_init                                        src/ASF/common2/boards/user_board/init.o
cpu_irq_enter_critical                            src/ASF/common/utils/interrupt/interrupt_sam_nvic.o
                                                  src/ASF/sam0/drivers/system/clock/clock_samd20/gclk.o
                                                  src/ASF/sam0/drivers/sercom/usart/usart_interrupt.o
                                                  src/ASF/sam0/drivers/sercom/i2c/i2c_samd20/i2c_slave_interrupt.o
                                                  src/ASF/sam0/drivers/sercom/i2c/i2c_samd20/i2c_slave.o
                                                  src/ASF/sam0/drivers/sercom/i2c/i2c_samd20/i2c_master.o
                                                  src/ASF/common2/components/memory/serial_flash/at25dfx/at25dfx.o
cpu_irq_leave_critical                            src/ASF/common/utils/interrupt/interrupt_sam_nvic.o
                                                  src/ASF/sam0/drivers/system/clock/clock_samd20/gclk.o
                                                  src/ASF/sam0/drivers/sercom/usart/usart_interrupt.o
                                                  src/ASF/sam0/drivers/sercom/i2c/i2c_samd20/i2c_slave_interrupt.o
                                                  src/ASF/sam0/drivers/sercom/i2c/i2c_samd20/i2c_slave.o
                                                  src/ASF/sam0/drivers/sercom/i2c/i2c_samd20/i2c_master.o
                                                  src/ASF/common2/components/memory/serial_flash/at25dfx/at25dfx.o
delay_cycles_ms                                   src/ASF/common2/services/delay/sam0/systick_counter.o
                                                  src/main.o
                                                  src/ASF/common2/components/memory/sd_mmc/sd_mmc.o
delay_cycles_us                                   src/ASF/common2/services/delay/sam0/systick_counter.o
delay_init                                        src/ASF/common2/services/delay/sam0/systick_counter.o
dummy_write                                       src/ASF/sam0/drivers/sercom/spi/spi_interrupt.o
exception_table                                   src/ASF/sam0/utils/cmsis/samd20/source/gcc/startup_samd20.o
exit                                              c:/program files (x86)/atmel/studio/7.0/toolchain/arm/arm-gnu-toolchain/bin/../lib/gcc/arm-none-eabi/4.9.3/../../../../arm-none-eabi/lib/armv6-m\libc_nano.a(lib_a-exit.o)
                                                  c:/program files (x86)/atmel/studio/7.0/toolchain/arm/arm-gnu-toolchain/bin/../lib/gcc/arm-none-eabi/4.9.3/../../../../arm-none-eabi/lib/armv6-m/crt0.o
extint_chan_disable_callback                      src/ASF/sam0/drivers/extint/extint_callback.o
extint_chan_enable_callback                       src/ASF/sam0/drivers/extint/extint_callback.o
extint_chan_get_config_defaults                   src/ASF/sam0/drivers/extint/extint_sam_d_r_h/extint.o
extint_chan_set_config                            src/ASF/sam0/drivers/extint/extint_sam_d_r_h/extint.o
extint_disable_events                             src/ASF/sam0/drivers/extint/extint_sam_d_r_h/extint.o
extint_enable_events                              src/ASF/sam0/drivers/extint/extint_sam_d_r_h/extint.o
extint_get_current_channel                        src/ASF/sam0/drivers/extint/extint_callback.o
extint_nmi_set_config                             src/ASF/sam0/drivers/extint/extint_sam_d_r_h/extint.o
extint_register_callback                          src/ASF/sam0/drivers/extint/extint_callback.o
extint_unregister_callback                        src/ASF/sam0/drivers/extint/extint_callback.o
g_interrupt_enabled                               src/ASF/common/utils/interrupt/interrupt_sam_nvic.o
hardware_init_hook                                c:/program files (x86)/atmel/studio/7.0/toolchain/arm/arm-gnu-toolchain/bin/../lib/gcc/arm-none-eabi/4.9.3/../../../../arm-none-eabi/lib/armv6-m/crt0.o
i2c_master_init                                   src/ASF/sam0/drivers/sercom/i2c/i2c_samd20/i2c_master.o
i2c_master_read_byte                              src/ASF/sam0/drivers/sercom/i2c/i2c_samd20/i2c_master.o
i2c_master_read_bytes                             src/ASF/sam0/drivers/sercom/i2c/i2c_samd20/i2c_master_interrupt.o
i2c_master_read_packet_job                        src/ASF/sam0/drivers/sercom/i2c/i2c_samd20/i2c_master_interrupt.o
i2c_master_read_packet_job_no_nack                src/ASF/sam0/drivers/sercom/i2c/i2c_samd20/i2c_master_interrupt.o
i2c_master_read_packet_job_no_stop                src/ASF/sam0/drivers/sercom/i2c/i2c_samd20/i2c_master_interrupt.o
i2c_master_read_packet_wait                       src/ASF/sam0/drivers/sercom/i2c/i2c_samd20/i2c_master.o
i2c_master_read_packet_wait_no_nack               src/ASF/sam0/drivers/sercom/i2c/i2c_samd20/i2c_master.o
i2c_master_read_packet_wait_no_stop               src/ASF/sam0/drivers/sercom/i2c/i2c_samd20/i2c_master.o
i2c_master_register_callback                      src/ASF/sam0/drivers/sercom/i2c/i2c_samd20/i2c_master_interrupt.o
i2c_master_reset                                  src/ASF/sam0/drivers/sercom/i2c/i2c_samd20/i2c_master.o
i2c_master_send_nack                              src/ASF/sam0/drivers/sercom/i2c/i2c_samd20/i2c_master.o
i2c_master_send_stop                              src/ASF/sam0/drivers/sercom/i2c/i2c_samd20/i2c_master.o
i2c_master_unregister_callback                    src/ASF/sam0/drivers/sercom/i2c/i2c_samd20/i2c_master_interrupt.o
i2c_master_write_byte                             src/ASF/sam0/drivers/sercom/i2c/i2c_samd20/i2c_master.o
i2c_master_write_bytes                            src/ASF/sam0/drivers/sercom/i2c/i2c_samd20/i2c_master_interrupt.o
i2c_master_write_packet_job                       src/ASF/sam0/drivers/sercom/i2c/i2c_samd20/i2c_master_interrupt.o
i2c_master_write_packet_job_no_stop               src/ASF/sam0/drivers/sercom/i2c/i2c_samd20/i2c_master_interrupt.o
i2c_master_write_packet_wait                      src/ASF/sam0/drivers/sercom/i2c/i2c_samd20/i2c_master.o
i2c_master_write_packet_wait_no_stop              src/ASF/sam0/drivers/sercom/i2c/i2c_samd20/i2c_master.o
i2c_slave_clear_status                            src/ASF/sam0/drivers/sercom/i2c/i2c_samd20/i2c_slave.o
i2c_slave_disable_nack_on_address                 src/ASF/sam0/drivers/sercom/i2c/i2c_samd20/i2c_slave_interrupt.o
i2c_slave_enable_nack_on_address                  src/ASF/sam0/drivers/sercom/i2c/i2c_samd20/i2c_slave_interrupt.o
i2c_slave_get_direction_wait                      src/ASF/sam0/drivers/sercom/i2c/i2c_samd20/i2c_slave.o
i2c_slave_get_status                              src/ASF/sam0/drivers/sercom/i2c/i2c_samd20/i2c_slave.o
i2c_slave_init                                    src/ASF/sam0/drivers/sercom/i2c/i2c_samd20/i2c_slave.o
i2c_slave_read_packet_job                         src/ASF/sam0/drivers/sercom/i2c/i2c_samd20/i2c_slave_interrupt.o
i2c_slave_read_packet_wait                        src/ASF/sam0/drivers/sercom/i2c/i2c_samd20/i2c_slave.o
i2c_slave_register_callback                       src/ASF/sam0/drivers/sercom/i2c/i2c_samd20/i2c_slave_interrupt.o
i2c_slave_reset                                   src/ASF/sam0/drivers/sercom/i2c/i2c_samd20/i2c_slave.o
i2c_slave_unregister_callback                     src/ASF/sam0/drivers/sercom/i2c/i2c_samd20/i2c_slave_interrupt.o
i2c_slave_write_packet_job                        src/ASF/sam0/drivers/sercom/i2c/i2c_samd20/i2c_slave_interrupt.o
i2c_slave_write_packet_wait                       src/ASF/sam0/drivers/sercom/i2c/i2c_samd20/i2c_slave.o
link                                              src/ASF/sam0/utils/syscalls/gcc/syscalls.o
main                                              src/main.o
                                                  src/ASF/sam0/utils/cmsis/samd20/source/gcc/startup_samd20.o
                                                  c:/program files (x86)/atmel/studio/7.0/toolchain/arm/arm-gnu-toolchain/bin/../lib/gcc/arm-none-eabi/4.9.3/../../../../arm-none-eabi/lib/armv6-m/crt0.o
memcpy                                            c:/program files (x86)/atmel/studio/7.0/toolchain/arm/arm-gnu-toolchain/bin/../lib/gcc/arm-none-eabi/4.9.3/../../../../arm-none-eabi/lib/armv6-m\libc_nano.a(lib_a-memcpy.o)
                                                  src/ASF/sam0/drivers/sercom/sercom_interrupt.o
                                                  src/ASF/sam0/drivers/tc/tc_sam_d_r_h/tc.o
                                                  src/ASF/sam0/drivers/adc/adc_sam_d_r_h/adc.o
memset                                            c:/program files (x86)/atmel/studio/7.0/toolchain/arm/arm-gnu-toolchain/bin/../lib/gcc/arm-none-eabi/4.9.3/../../../../arm-none-eabi/lib/armv6-m\libc_nano.a(lib_a-memset.o)
                                                  c:/program files (x86)/atmel/studio/7.0/toolchain/arm/arm-gnu-toolchain/bin/../lib/gcc/arm-none-eabi/4.9.3/../../../../arm-none-eabi/lib/armv6-m/crt0.o
mmc_trans_multipliers                             src/ASF/common2/components/memory/sd_mmc/sd_mmc.o
port_group_set_config                             src/ASF/sam0/drivers/port/port.o
port_pin_set_config                               src/ASF/sam0/drivers/port/port.o
                                                  src/main.o
                                                  src/ASF/common2/components/memory/sd_mmc/sd_mmc_spi.o
rtc_count_clear_compare_match                     src/ASF/sam0/drivers/rtc/rtc_sam_d_r_h/rtc_count.o
rtc_count_disable                                 src/ASF/sam0/drivers/rtc/rtc_sam_d_r_h/rtc_count.o
rtc_count_disable_callback                        src/ASF/sam0/drivers/rtc/rtc_sam_d_r_h/rtc_count_interrupt.o
rtc_count_enable                                  src/ASF/sam0/drivers/rtc/rtc_sam_d_r_h/rtc_count.o
rtc_count_enable_callback                         src/ASF/sam0/drivers/rtc/rtc_sam_d_r_h/rtc_count_interrupt.o
rtc_count_frequency_correction                    src/ASF/sam0/drivers/rtc/rtc_sam_d_r_h/rtc_count.o
rtc_count_get_compare                             src/ASF/sam0/drivers/rtc/rtc_sam_d_r_h/rtc_count.o
rtc_count_get_count                               src/ASF/sam0/drivers/rtc/rtc_sam_d_r_h/rtc_count.o
rtc_count_get_period                              src/ASF/sam0/drivers/rtc/rtc_sam_d_r_h/rtc_count.o
rtc_count_init                                    src/ASF/sam0/drivers/rtc/rtc_sam_d_r_h/rtc_count.o
rtc_count_is_compare_match                        src/ASF/sam0/drivers/rtc/rtc_sam_d_r_h/rtc_count.o
rtc_count_register_callback                       src/ASF/sam0/drivers/rtc/rtc_sam_d_r_h/rtc_count_interrupt.o
rtc_count_reset                                   src/ASF/sam0/drivers/rtc/rtc_sam_d_r_h/rtc_count.o
rtc_count_set_compare                             src/ASF/sam0/drivers/rtc/rtc_sam_d_r_h/rtc_count.o
rtc_count_set_count                               src/ASF/sam0/drivers/rtc/rtc_sam_d_r_h/rtc_count.o
rtc_count_set_period                              src/ASF/sam0/drivers/rtc/rtc_sam_d_r_h/rtc_count.o
rtc_count_unregister_callback                     src/ASF/sam0/drivers/rtc/rtc_sam_d_r_h/rtc_count_interrupt.o
sd_mmc_check                                      src/ASF/common2/components/memory/sd_mmc/sd_mmc.o
sd_mmc_get_capacity                               src/ASF/common2/components/memory/sd_mmc/sd_mmc.o
sd_mmc_get_type                                   src/ASF/common2/components/memory/sd_mmc/sd_mmc.o
sd_mmc_get_version                                src/ASF/common2/components/memory/sd_mmc/sd_mmc.o
sd_mmc_init                                       src/ASF/common2/components/memory/sd_mmc/sd_mmc.o
sd_mmc_init_read_blocks                           src/ASF/common2/components/memory/sd_mmc/sd_mmc.o
sd_mmc_init_write_blocks                          src/ASF/common2/components/memory/sd_mmc/sd_mmc.o
sd_mmc_is_write_protected                         src/ASF/common2/components/memory/sd_mmc/sd_mmc.o
sd_mmc_nb_slot                                    src/ASF/common2/components/memory/sd_mmc/sd_mmc.o
sd_mmc_spi_adtc_start                             src/ASF/common2/components/memory/sd_mmc/sd_mmc_spi.o
                                                  src/ASF/common2/components/memory/sd_mmc/sd_mmc.o
sd_mmc_spi_deselect_device                        src/ASF/common2/components/memory/sd_mmc/sd_mmc_spi.o
                                                  src/ASF/common2/components/memory/sd_mmc/sd_mmc.o
sd_mmc_spi_get_errno                              src/ASF/common2/components/memory/sd_mmc/sd_mmc_spi.o
sd_mmc_spi_get_response                           src/ASF/common2/components/memory/sd_mmc/sd_mmc_spi.o
                                                  src/ASF/common2/components/memory/sd_mmc/sd_mmc.o
sd_mmc_spi_init                                   src/ASF/common2/components/memory/sd_mmc/sd_mmc_spi.o
                                                  src/ASF/common2/components/memory/sd_mmc/sd_mmc.o
sd_mmc_spi_read_word                              src/ASF/common2/components/memory/sd_mmc/sd_mmc_spi.o
                                                  src/ASF/common2/components/memory/sd_mmc/sd_mmc.o
sd_mmc_spi_select_device                          src/ASF/common2/components/memory/sd_mmc/sd_mmc_spi.o
                                                  src/ASF/common2/components/memory/sd_mmc/sd_mmc.o
sd_mmc_spi_send_clock                             src/ASF/common2/components/memory/sd_mmc/sd_mmc_spi.o
                                                  src/ASF/common2/components/memory/sd_mmc/sd_mmc.o
sd_mmc_spi_send_cmd                               src/ASF/common2/components/memory/sd_mmc/sd_mmc_spi.o
                                                  src/ASF/common2/components/memory/sd_mmc/sd_mmc.o
sd_mmc_spi_start_read_blocks                      src/ASF/common2/components/memory/sd_mmc/sd_mmc_spi.o
                                                  src/ASF/common2/components/memory/sd_mmc/sd_mmc.o
sd_mmc_spi_start_write_blocks                     src/ASF/common2/components/memory/sd_mmc/sd_mmc_spi.o
                                                  src/ASF/common2/components/memory/sd_mmc/sd_mmc.o
sd_mmc_spi_wait_end_of_read_blocks                src/ASF/common2/components/memory/sd_mmc/sd_mmc_spi.o
                                                  src/ASF/common2/components/memory/sd_mmc/sd_mmc.o
sd_mmc_spi_wait_end_of_write_blocks               src/ASF/common2/components/memory/sd_mmc/sd_mmc_spi.o
                                                  src/ASF/common2/components/memory/sd_mmc/sd_mmc.o
sd_mmc_spi_write_word                             src/ASF/common2/components/memory/sd_mmc/sd_mmc_spi.o
sd_mmc_start_read_blocks                          src/ASF/common2/components/memory/sd_mmc/sd_mmc.o
sd_mmc_start_write_blocks                         src/ASF/common2/components/memory/sd_mmc/sd_mmc.o
sd_mmc_trans_units                                src/ASF/common2/components/memory/sd_mmc/sd_mmc.o
sd_mmc_wait_end_of_read_blocks                    src/ASF/common2/components/memory/sd_mmc/sd_mmc.o
sd_mmc_wait_end_of_write_blocks                   src/ASF/common2/components/memory/sd_mmc/sd_mmc.o
sd_trans_multipliers                              src/ASF/common2/components/memory/sd_mmc/sd_mmc.o
sercom_set_gclk_generator                         src/ASF/sam0/drivers/sercom/sercom.o
                                                  src/ASF/sam0/drivers/sercom/usart/usart.o
                                                  src/ASF/sam0/drivers/sercom/spi/spi.o
                                                  src/ASF/sam0/drivers/sercom/i2c/i2c_samd20/i2c_slave.o
                                                  src/ASF/sam0/drivers/sercom/i2c/i2c_samd20/i2c_master.o
software_init_hook                                c:/program files (x86)/atmel/studio/7.0/toolchain/arm/arm-gnu-toolchain/bin/../lib/gcc/arm-none-eabi/4.9.3/../../../../arm-none-eabi/lib/armv6-m/crt0.o
spi_abort_job                                     src/ASF/sam0/drivers/sercom/spi/spi_interrupt.o
spi_init                                          src/ASF/sam0/drivers/sercom/spi/spi.o
                                                  src/ASF/common2/components/memory/sd_mmc/sd_mmc_spi.o
spi_read_buffer_job                               src/ASF/sam0/drivers/sercom/spi/spi_interrupt.o
spi_read_buffer_wait                              src/ASF/sam0/drivers/sercom/spi/spi.o
                                                  src/ASF/common2/components/memory/sd_mmc/sd_mmc_spi.o
                                                  src/ASF/common2/components/memory/serial_flash/at25dfx/at25dfx.o
spi_register_callback                             src/ASF/sam0/drivers/sercom/spi/spi_interrupt.o
spi_reset                                         src/ASF/sam0/drivers/sercom/spi/spi.o
spi_select_slave                                  src/ASF/sam0/drivers/sercom/spi/spi.o
                                                  src/ASF/common2/components/memory/sd_mmc/sd_mmc_spi.o
spi_set_baudrate                                  src/ASF/sam0/drivers/sercom/spi/spi.o
                                                  src/ASF/common2/components/memory/sd_mmc/sd_mmc_spi.o
spi_transceive_buffer_job                         src/ASF/sam0/drivers/sercom/spi/spi_interrupt.o
spi_transceive_buffer_wait                        src/ASF/sam0/drivers/sercom/spi/spi.o
spi_transceive_wait                               src/ASF/sam0/drivers/sercom/spi/spi.o
spi_unregister_callback                           src/ASF/sam0/drivers/sercom/spi/spi_interrupt.o
spi_write_buffer_job                              src/ASF/sam0/drivers/sercom/spi/spi_interrupt.o
spi_write_buffer_wait                             src/ASF/sam0/drivers/sercom/spi/spi.o
                                                  src/ASF/common2/components/memory/sd_mmc/sd_mmc_spi.o
                                                  src/ASF/common2/components/memory/serial_flash/at25dfx/at25dfx.o
ss_pins                                           src/ASF/common2/components/memory/sd_mmc/sd_mmc_spi.o
system_board_init                                 src/ASF/common2/boards/user_board/init.o
system_clock_init                                 src/ASF/sam0/drivers/system/clock/clock_samd20/clock.o
system_clock_source_dfll_set_config               src/ASF/sam0/drivers/system/clock/clock_samd20/clock.o
system_clock_source_disable                       src/ASF/sam0/drivers/system/clock/clock_samd20/clock.o
system_clock_source_enable                        src/ASF/sam0/drivers/system/clock/clock_samd20/clock.o
system_clock_source_get_hz                        src/ASF/sam0/drivers/system/clock/clock_samd20/clock.o
                                                  src/ASF/sam0/drivers/system/clock/clock_samd20/gclk.o
system_clock_source_is_ready                      src/ASF/sam0/drivers/system/clock/clock_samd20/clock.o
system_clock_source_osc32k_set_config             src/ASF/sam0/drivers/system/clock/clock_samd20/clock.o
system_clock_source_osc8m_set_config              src/ASF/sam0/drivers/system/clock/clock_samd20/clock.o
system_clock_source_write_calibration             src/ASF/sam0/drivers/system/clock/clock_samd20/clock.o
system_clock_source_xosc32k_set_config            src/ASF/sam0/drivers/system/clock/clock_samd20/clock.o
system_clock_source_xosc_set_config               src/ASF/sam0/drivers/system/clock/clock_samd20/clock.o
system_gclk_chan_disable                          src/ASF/sam0/drivers/system/clock/clock_samd20/gclk.o
                                                  src/ASF/sam0/drivers/extint/extint_sam_d_r_h/extint.o
system_gclk_chan_enable                           src/ASF/sam0/drivers/system/clock/clock_samd20/gclk.o
                                                  src/ASF/sam0/drivers/sercom/usart/usart.o
                                                  src/ASF/sam0/drivers/sercom/spi/spi.o
                                                  src/ASF/sam0/drivers/sercom/sercom.o
                                                  src/ASF/sam0/drivers/wdt/wdt.o
                                                  src/ASF/sam0/drivers/sercom/i2c/i2c_samd20/i2c_slave.o
                                                  src/ASF/sam0/drivers/extint/extint_sam_d_r_h/extint.o
                                                  src/ASF/sam0/drivers/tc/tc_sam_d_r_h/tc.o
                                                  src/ASF/sam0/drivers/sercom/i2c/i2c_samd20/i2c_master.o
                                                  src/ASF/sam0/drivers/rtc/rtc_sam_d_r_h/rtc_count.o
                                                  src/ASF/sam0/drivers/adc/adc_sam_d_r_h/adc.o
system_gclk_chan_get_hz                           src/ASF/sam0/drivers/system/clock/clock_samd20/gclk.o
                                                  src/ASF/sam0/drivers/system/clock/clock_samd20/clock.o
                                                  src/ASF/sam0/drivers/sercom/usart/usart.o
                                                  src/ASF/sam0/drivers/sercom/spi/spi.o
                                                  src/ASF/sam0/drivers/sercom/i2c/i2c_samd20/i2c_master.o
system_gclk_chan_is_enabled                       src/ASF/sam0/drivers/system/clock/clock_samd20/gclk.o
system_gclk_chan_is_locked                        src/ASF/sam0/drivers/system/clock/clock_samd20/gclk.o
system_gclk_chan_lock                             src/ASF/sam0/drivers/system/clock/clock_samd20/gclk.o
                                                  src/ASF/sam0/drivers/wdt/wdt.o
system_gclk_chan_set_config                       src/ASF/sam0/drivers/system/clock/clock_samd20/gclk.o
                                                  src/ASF/sam0/drivers/system/clock/clock_samd20/clock.o
                                                  src/ASF/sam0/drivers/sercom/usart/usart.o
                                                  src/ASF/sam0/drivers/sercom/spi/spi.o
                                                  src/ASF/sam0/drivers/sercom/sercom.o
                                                  src/ASF/sam0/drivers/wdt/wdt.o
                                                  src/ASF/sam0/drivers/sercom/i2c/i2c_samd20/i2c_slave.o
                                                  src/ASF/sam0/drivers/extint/extint_sam_d_r_h/extint.o
                                                  src/ASF/sam0/drivers/tc/tc_sam_d_r_h/tc.o
                                                  src/ASF/sam0/drivers/sercom/i2c/i2c_samd20/i2c_master.o
                                                  src/ASF/sam0/drivers/rtc/rtc_sam_d_r_h/rtc_count.o
                                                  src/ASF/sam0/drivers/adc/adc_sam_d_r_h/adc.o
system_gclk_gen_disable                           src/ASF/sam0/drivers/system/clock/clock_samd20/gclk.o
system_gclk_gen_enable                            src/ASF/sam0/drivers/system/clock/clock_samd20/gclk.o
                                                  src/ASF/sam0/drivers/system/clock/clock_samd20/clock.o
system_gclk_gen_get_hz                            src/ASF/sam0/drivers/system/clock/clock_samd20/gclk.o
                                                  src/ASF/common2/services/delay/sam0/systick_counter.o
                                                  src/ASF/common2/components/memory/sd_mmc/sd_mmc.o
system_gclk_gen_is_enabled                        src/ASF/sam0/drivers/system/clock/clock_samd20/gclk.o
system_gclk_gen_set_config                        src/ASF/sam0/drivers/system/clock/clock_samd20/gclk.o
                                                  src/ASF/sam0/drivers/system/clock/clock_samd20/clock.o
system_gclk_init                                  src/ASF/sam0/drivers/system/clock/clock_samd20/gclk.o
                                                  src/ASF/sam0/drivers/system/clock/clock_samd20/clock.o
system_init                                       src/ASF/sam0/drivers/system/system.o
                                                  src/main.o
system_interrupt_clear_pending                    src/ASF/sam0/drivers/system/interrupt/system_interrupt.o
                                                  src/ASF/sam0/drivers/sercom/i2c/i2c_samd20/i2c_slave.o
                                                  src/ASF/sam0/drivers/sercom/i2c/i2c_samd20/i2c_master.o
system_interrupt_get_priority                     src/ASF/sam0/drivers/system/interrupt/system_interrupt.o
system_interrupt_is_pending                       src/ASF/sam0/drivers/system/interrupt/system_interrupt.o
system_interrupt_set_pending                      src/ASF/sam0/drivers/system/interrupt/system_interrupt.o
system_interrupt_set_priority                     src/ASF/sam0/drivers/system/interrupt/system_interrupt.o
system_pinmux_group_set_config                    src/ASF/sam0/drivers/system/pinmux/pinmux.o
                                                  src/ASF/sam0/drivers/port/port.o
system_pinmux_group_set_input_sample_mode         src/ASF/sam0/drivers/system/pinmux/pinmux.o
system_pinmux_pin_set_config                      src/ASF/sam0/drivers/system/pinmux/pinmux.o
                                                  src/ASF/sam0/drivers/sercom/usart/usart.o
                                                  src/ASF/sam0/drivers/sercom/spi/spi.o
                                                  src/ASF/sam0/drivers/sercom/i2c/i2c_samd20/i2c_slave.o
                                                  src/ASF/sam0/drivers/port/port.o
                                                  src/ASF/sam0/drivers/extint/extint_sam_d_r_h/extint.o
                                                  src/ASF/sam0/drivers/tc/tc_sam_d_r_h/tc.o
                                                  src/ASF/sam0/drivers/sercom/i2c/i2c_samd20/i2c_master.o
                                                  src/ASF/sam0/drivers/adc/adc_sam_d_r_h/adc.o
tc_get_capture_value                              src/ASF/sam0/drivers/tc/tc_sam_d_r_h/tc.o
tc_get_count_value                                src/ASF/sam0/drivers/tc/tc_sam_d_r_h/tc.o
tc_init                                           src/ASF/sam0/drivers/tc/tc_sam_d_r_h/tc.o
tc_register_callback                              src/ASF/sam0/drivers/tc/tc_interrupt.o
tc_reset                                          src/ASF/sam0/drivers/tc/tc_sam_d_r_h/tc.o
tc_set_compare_value                              src/ASF/sam0/drivers/tc/tc_sam_d_r_h/tc.o
tc_set_count_value                                src/ASF/sam0/drivers/tc/tc_sam_d_r_h/tc.o
tc_set_top_value                                  src/ASF/sam0/drivers/tc/tc_sam_d_r_h/tc.o
tc_unregister_callback                            src/ASF/sam0/drivers/tc/tc_interrupt.o
usart_abort_job                                   src/ASF/sam0/drivers/sercom/usart/usart_interrupt.o
usart_get_job_status                              src/ASF/sam0/drivers/sercom/usart/usart_interrupt.o
usart_init                                        src/ASF/sam0/drivers/sercom/usart/usart.o
usart_read_buffer_job                             src/ASF/sam0/drivers/sercom/usart/usart_interrupt.o
usart_read_buffer_wait                            src/ASF/sam0/drivers/sercom/usart/usart.o
usart_read_job                                    src/ASF/sam0/drivers/sercom/usart/usart_interrupt.o
usart_read_wait                                   src/ASF/sam0/drivers/sercom/usart/usart.o
usart_register_callback                           src/ASF/sam0/drivers/sercom/usart/usart_interrupt.o
usart_unregister_callback                         src/ASF/sam0/drivers/sercom/usart/usart_interrupt.o
usart_write_buffer_job                            src/ASF/sam0/drivers/sercom/usart/usart_interrupt.o
usart_write_buffer_wait                           src/ASF/sam0/drivers/sercom/usart/usart.o
usart_write_job                                   src/ASF/sam0/drivers/sercom/usart/usart_interrupt.o
usart_write_wait                                  src/ASF/sam0/drivers/sercom/usart/usart.o
wdt_disable_callback                              src/ASF/sam0/drivers/wdt/wdt_callback.o
wdt_early_warning_callback                        src/ASF/sam0/drivers/wdt/wdt_callback.o
wdt_enable_callback                               src/ASF/sam0/drivers/wdt/wdt_callback.o
wdt_register_callback                             src/ASF/sam0/drivers/wdt/wdt_callback.o
wdt_reset_count                                   src/ASF/sam0/drivers/wdt/wdt.o
wdt_set_config                                    src/ASF/sam0/drivers/wdt/wdt.o
wdt_unregister_callback                           src/ASF/sam0/drivers/wdt/wdt_callback.o
