Archive member included because of file (symbol)

/usr/bin/../lib/gcc/arm-none-eabi/4.9.3/armv6-m/libgcc.a(_udivsi3.o)
                              build/release/out/c/gclk.o (__aeabi_uidiv)
/usr/bin/../lib/gcc/arm-none-eabi/4.9.3/armv6-m/libgcc.a(_dvmd_tls.o)
                              /usr/bin/../lib/gcc/arm-none-eabi/4.9.3/armv6-m/libgcc.a(_udivsi3.o) (__aeabi_idiv0)
/usr/bin/../lib/gcc/arm-none-eabi/4.9.3/armv6-m/libgcc.a(_muldi3.o)
                              build/release/out/c/sercom.o (__aeabi_lmul)
/usr/bin/../lib/gcc/arm-none-eabi/4.9.3/../../../../arm-none-eabi/lib/armv6-m/libc_nano.a(lib_a-exit.o)
                              /usr/bin/../lib/gcc/arm-none-eabi/4.9.3/../../../../arm-none-eabi/lib/armv6-m/crt0.o (exit)
/usr/bin/../lib/gcc/arm-none-eabi/4.9.3/../../../../arm-none-eabi/lib/armv6-m/libc_nano.a(lib_a-impure.o)
                              /usr/bin/../lib/gcc/arm-none-eabi/4.9.3/../../../../arm-none-eabi/lib/armv6-m/libc_nano.a(lib_a-exit.o) (_global_impure_ptr)
/usr/bin/../lib/gcc/arm-none-eabi/4.9.3/../../../../arm-none-eabi/lib/armv6-m/libc_nano.a(lib_a-init.o)
                              /usr/bin/../lib/gcc/arm-none-eabi/4.9.3/../../../../arm-none-eabi/lib/armv6-m/crt0.o (__libc_init_array)
/usr/bin/../lib/gcc/arm-none-eabi/4.9.3/../../../../arm-none-eabi/lib/armv6-m/libc_nano.a(lib_a-memcpy.o)
                              build/release/out/c/main.o (memcpy)
/usr/bin/../lib/gcc/arm-none-eabi/4.9.3/../../../../arm-none-eabi/lib/armv6-m/libc_nano.a(lib_a-memset.o)
                              /usr/bin/../lib/gcc/arm-none-eabi/4.9.3/../../../../arm-none-eabi/lib/armv6-m/crt0.o (memset)
/usr/bin/../lib/gcc/arm-none-eabi/4.9.3/../../../../arm-none-eabi/lib/armv6-m/libc_nano.a(lib_a-printf.o)
                              build/release/out/c/main.o (printf)
/usr/bin/../lib/gcc/arm-none-eabi/4.9.3/../../../../arm-none-eabi/lib/armv6-m/libc_nano.a(lib_a-vsprintf.o)
                              build/release/out/c/lcd.o (vsprintf)
/usr/bin/../lib/gcc/arm-none-eabi/4.9.3/../../../../arm-none-eabi/lib/armv6-m/libc_nano.a(lib_a-findfp.o)
                              /usr/bin/../lib/gcc/arm-none-eabi/4.9.3/../../../../arm-none-eabi/lib/armv6-m/libc_nano.a(lib_a-printf.o) (__sinit)
/usr/bin/../lib/gcc/arm-none-eabi/4.9.3/../../../../arm-none-eabi/lib/armv6-m/libc_nano.a(lib_a-fwalk.o)
                              /usr/bin/../lib/gcc/arm-none-eabi/4.9.3/../../../../arm-none-eabi/lib/armv6-m/libc_nano.a(lib_a-findfp.o) (_fwalk)
/usr/bin/../lib/gcc/arm-none-eabi/4.9.3/../../../../arm-none-eabi/lib/armv6-m/libc_nano.a(lib_a-nano-mallocr.o)
                              /usr/bin/../lib/gcc/arm-none-eabi/4.9.3/../../../../arm-none-eabi/lib/armv6-m/libc_nano.a(lib_a-findfp.o) (_malloc_r)
/usr/bin/../lib/gcc/arm-none-eabi/4.9.3/../../../../arm-none-eabi/lib/armv6-m/libc_nano.a(lib_a-nano-svfprintf.o)
                              /usr/bin/../lib/gcc/arm-none-eabi/4.9.3/../../../../arm-none-eabi/lib/armv6-m/libc_nano.a(lib_a-vsprintf.o) (_svfprintf_r)
/usr/bin/../lib/gcc/arm-none-eabi/4.9.3/../../../../arm-none-eabi/lib/armv6-m/libc_nano.a(lib_a-nano-vfprintf.o)
                              /usr/bin/../lib/gcc/arm-none-eabi/4.9.3/../../../../arm-none-eabi/lib/armv6-m/libc_nano.a(lib_a-printf.o) (_vfprintf_r)
/usr/bin/../lib/gcc/arm-none-eabi/4.9.3/../../../../arm-none-eabi/lib/armv6-m/libc_nano.a(lib_a-nano-vfprintf_i.o)
                              /usr/bin/../lib/gcc/arm-none-eabi/4.9.3/../../../../arm-none-eabi/lib/armv6-m/libc_nano.a(lib_a-nano-svfprintf.o) (_printf_i)
/usr/bin/../lib/gcc/arm-none-eabi/4.9.3/../../../../arm-none-eabi/lib/armv6-m/libc_nano.a(lib_a-sbrkr.o)
                              /usr/bin/../lib/gcc/arm-none-eabi/4.9.3/../../../../arm-none-eabi/lib/armv6-m/libc_nano.a(lib_a-nano-mallocr.o) (_sbrk_r)
/usr/bin/../lib/gcc/arm-none-eabi/4.9.3/../../../../arm-none-eabi/lib/armv6-m/libc_nano.a(lib_a-stdio.o)
                              /usr/bin/../lib/gcc/arm-none-eabi/4.9.3/../../../../arm-none-eabi/lib/armv6-m/libc_nano.a(lib_a-findfp.o) (__sread)
/usr/bin/../lib/gcc/arm-none-eabi/4.9.3/../../../../arm-none-eabi/lib/armv6-m/libc_nano.a(lib_a-wbuf.o)
                              /usr/bin/../lib/gcc/arm-none-eabi/4.9.3/../../../../arm-none-eabi/lib/armv6-m/libc_nano.a(lib_a-nano-vfprintf.o) (__swbuf_r)
/usr/bin/../lib/gcc/arm-none-eabi/4.9.3/../../../../arm-none-eabi/lib/armv6-m/libc_nano.a(lib_a-writer.o)
                              /usr/bin/../lib/gcc/arm-none-eabi/4.9.3/../../../../arm-none-eabi/lib/armv6-m/libc_nano.a(lib_a-stdio.o) (_write_r)
/usr/bin/../lib/gcc/arm-none-eabi/4.9.3/../../../../arm-none-eabi/lib/armv6-m/libc_nano.a(lib_a-wsetup.o)
                              /usr/bin/../lib/gcc/arm-none-eabi/4.9.3/../../../../arm-none-eabi/lib/armv6-m/libc_nano.a(lib_a-nano-vfprintf.o) (__swsetup_r)
/usr/bin/../lib/gcc/arm-none-eabi/4.9.3/../../../../arm-none-eabi/lib/armv6-m/libc_nano.a(lib_a-closer.o)
[...]
Memory Configuration

Name             Origin             Length             Attributes
rom              0x0000000000000000 0x0000000000040000 xr
ram              0x0000000020000000 0x0000000000008000 xrw
*default*        0x0000000000000000 0xffffffffffffffff

Linker script and memory map

LOAD /usr/bin/../lib/gcc/arm-none-eabi/4.9.3/armv6-m/crti.o
LOAD /usr/bin/../lib/gcc/arm-none-eabi/4.9.3/armv6-m/crtbegin.o
LOAD /usr/bin/../lib/gcc/arm-none-eabi/4.9.3/../../../../arm-none-eabi/lib/armv6-m/crt0.o
LOAD build/release/out/c/main.o
LOAD build/release/out/c/port.o
LOAD build/release/out/c/tc_interrupt.o
LOAD build/release/out/c/tc.o
LOAD build/release/out/c/bod.o
LOAD build/release/out/c/extint_callback.o
LOAD build/release/out/c/extint.o
LOAD build/release/out/c/system.o
LOAD build/release/out/c/pinmux.o
LOAD build/release/out/c/clock.o
LOAD build/release/out/c/gclk.o
LOAD build/release/out/c/system_interrupt.o
LOAD build/release/out/c/nvm.o
LOAD build/release/out/c/rtc_calendar.o
LOAD build/release/out/c/rtc_calendar_interrupt.o
LOAD build/release/out/c/wdt.o
LOAD build/release/out/c/wdt_callback.o
LOAD build/release/out/c/adc.o
LOAD build/release/out/c/adc_callback.o
LOAD build/release/out/c/sercom.o
LOAD build/release/out/c/sercom_interrupt.o
LOAD build/release/out/c/i2c_master.o
LOAD build/release/out/c/i2c_master_interrupt.o
LOAD build/release/out/c/i2c_slave.o
LOAD build/release/out/c/i2c_slave_interrupt.o
LOAD build/release/out/c/usart.o
LOAD build/release/out/c/usart_interrupt.o
LOAD build/release/out/c/spi.o
LOAD build/release/out/c/spi_interrupt.o
LOAD build/release/out/c/read.o
LOAD build/release/out/c/write.o
LOAD build/release/out/c/syscalls.o
LOAD build/release/out/c/system_samd20.o
LOAD build/release/out/c/startup_samd20.o
LOAD build/release/out/c/eeprom.o
LOAD build/release/out/c/init.o
LOAD build/release/out/c/sd_mmc.o
LOAD build/release/out/c/sd_mmc_spi.o
LOAD build/release/out/c/at25dfx.o
LOAD build/release/out/c/systick_counter.o
LOAD build/release/out/c/interrupt_sam_nvic.o
LOAD build/release/out/c/circular_buffer.o
LOAD build/release/out/c/lcd.o
LOAD build/release/out/c/compass.o
LOAD build/release/out/c/BM62_driver.o
LOAD build/release/out/c/adc_driver.o
START GROUP
LOAD src/ASF/thirdparty/CMSIS/Lib/GCC/libarm_cortexM0l_math.a
LOAD /usr/bin/../lib/gcc/arm-none-eabi/4.9.3/../../../../arm-none-eabi/lib/armv6-m/libm.a
END GROUP
START GROUP
LOAD /usr/bin/../lib/gcc/arm-none-eabi/4.9.3/armv6-m/libgcc.a
LOAD /usr/bin/../lib/gcc/arm-none-eabi/4.9.3/../../../../arm-none-eabi/lib/armv6-m/libc_nano.a
END GROUP
START GROUP
LOAD /usr/bin/../lib/gcc/arm-none-eabi/4.9.3/armv6-m/libgcc.a
LOAD /usr/bin/../lib/gcc/arm-none-eabi/4.9.3/../../../../arm-none-eabi/lib/armv6-m/libc_nano.a
END GROUP
LOAD /usr/bin/../lib/gcc/arm-none-eabi/4.9.3/armv6-m/crtend.o
LOAD /usr/bin/../lib/gcc/arm-none-eabi/4.9.3/armv6-m/crtn.o
                0x0000000000002000                STACK_SIZE = DEFINED (STACK_SIZE)?STACK_SIZE:DEFINED (__stack_size__)?__stack_size__:0x2000

.text           0x0000000000000000     0x2f64
                0x0000000000000000                . = ALIGN (0x4)
                0x0000000000000000                _sfixed = .
 *(.vectors .vectors.*)
 .vectors       0x0000000000000000       0xa4 build/release/out/c/startup_samd20.o
                0x0000000000000000                exception_table
 *(.text .text.* .gnu.linkonce.t.*)
 .text          0x00000000000000a4       0x60 /usr/bin/../lib/gcc/arm-none-eabi/4.9.3/armv6-m/crtbegin.o
 .text.usart_read_callback
                0x0000000000000104        0xc build/release/out/c/main.o
                0x0000000000000104                usart_read_callback
 .text.usart_write_callback
                0x0000000000000110        0x4 build/release/out/c/main.o
                0x0000000000000110                usart_write_callback
 .text.extint_detection_callback
                0x0000000000000114       0x2c build/release/out/c/main.o
                0x0000000000000114                extint_detection_callback
 .text.callback_spi_master
                0x0000000000000140        0xc build/release/out/c/main.o
 .text.tc_callback_to_change_duty_cycle
                0x000000000000014c       0x20 build/release/out/c/main.o
                0x000000000000014c                tc_callback_to_change_duty_cycle
 .text.rtc_match_callback
                0x000000000000016c       0x3c build/release/out/c/main.o
                0x000000000000016c                rtc_match_callback
 .text.configure_usart
                0x00000000000001a8       0xa4 build/release/out/c/main.o
                0x00000000000001a8                configure_usart
 .text.configure_extint_channel
                0x000000000000024c       0x34 build/release/out/c/main.o
                0x000000000000024c                configure_extint_channel
 .text.configure_spi_master
                0x0000000000000280       0xd8 build/release/out/c/main.o
                0x0000000000000280                configure_spi_master
 .text.configure_tc
                0x0000000000000358       0x68 build/release/out/c/main.o
                0x0000000000000358                configure_tc
 .text.configure_rtc_calendar
                0x00000000000003c0       0x74 build/release/out/c/main.o
                0x00000000000003c0                configure_rtc_calendar
 .text.configure_usart_callbacks
                0x0000000000000434       0x34 build/release/out/c/main.o
                0x0000000000000434                configure_usart_callbacks
 .text.configure_extint_callbacks
                0x0000000000000468       0x24 build/release/out/c/main.o
                0x0000000000000468                configure_extint_callbacks
 .text.configure_spi_master_callbacks
                0x000000000000048c       0x28 build/release/out/c/main.o
                0x000000000000048c                configure_spi_master_callbacks
 .text.configure_tc_callbacks
                0x00000000000004b4       0x50 build/release/out/c/main.o
                0x00000000000004b4                configure_tc_callbacks
 .text.configure_rtc_callbacks
                0x0000000000000504       0x28 build/release/out/c/main.o
                0x0000000000000504                configure_rtc_callbacks
 .text.main     0x000000000000052c      0x218 build/release/out/c/main.o
                0x000000000000052c                main
 .text.SYSCTRL_Handler
                0x0000000000000744       0x20 build/release/out/c/main.o
                0x0000000000000744                SYSCTRL_Handler
 .text.port_pin_set_config
                0x0000000000000764       0x24 build/release/out/c/port.o
                0x0000000000000764                port_pin_set_config
 .text.tc_register_callback
                0x0000000000000788       0x34 build/release/out/c/tc_interrupt.o
                0x0000000000000788                tc_register_callback
 .text._tc_interrupt_handler
                0x00000000000007bc       0x5c build/release/out/c/tc_interrupt.o
                0x00000000000007bc                _tc_interrupt_handler
 .text.TC0_Handler
                0x0000000000000818       0x10 build/release/out/c/tc_interrupt.o
                0x0000000000000818                TC0_Handler
 .text.TC1_Handler
                0x0000000000000828       0x10 build/release/out/c/tc_interrupt.o
                0x0000000000000828                TC1_Handler
 .text.TC2_Handler
                0x0000000000000838       0x10 build/release/out/c/tc_interrupt.o
                0x0000000000000838                TC2_Handler
 .text.TC3_Handler
                0x0000000000000848       0x10 build/release/out/c/tc_interrupt.o
                0x0000000000000848                TC3_Handler
 .text.TC4_Handler
                0x0000000000000858       0x10 build/release/out/c/tc_interrupt.o
                0x0000000000000858                TC4_Handler
 .text.TC5_Handler
                0x0000000000000868       0x10 build/release/out/c/tc_interrupt.o
                0x0000000000000868                TC5_Handler
 .text.TC6_Handler
                0x0000000000000878       0x10 build/release/out/c/tc_interrupt.o
                0x0000000000000878                TC6_Handler
 .text.TC7_Handler
                0x0000000000000888       0x10 build/release/out/c/tc_interrupt.o
                0x0000000000000888                TC7_Handler
 .text._tc_get_inst_index
                0x0000000000000898       0x40 build/release/out/c/tc.o
                0x0000000000000898                _tc_get_inst_index
 .text.tc_init  0x00000000000008d8      0x27c build/release/out/c/tc.o
                0x00000000000008d8                tc_init
 .text.tc_set_compare_value
                0x0000000000000b54       0x54 build/release/out/c/tc.o
                0x0000000000000b54                tc_set_compare_value
 .text.bod_set_config
                0x0000000000000ba8       0x74 build/release/out/c/bod.o
                0x0000000000000ba8                bod_set_config
 .text.extint_register_callback
                0x0000000000000c1c       0x2c build/release/out/c/extint_callback.o
                0x0000000000000c1c                extint_register_callback
 .text.extint_chan_enable_callback
                0x0000000000000c48       0x20 build/release/out/c/extint_callback.o
                0x0000000000000c48                extint_chan_enable_callback
 .text.EIC_Handler
                0x0000000000000c68       0x68 build/release/out/c/extint_callback.o
                0x0000000000000c68                EIC_Handler
 .text._extint_enable
                0x0000000000000cd0       0x18 build/release/out/c/extint.o
 .text._system_extint_init
                0x0000000000000ce8       0x6c build/release/out/c/extint.o
                0x0000000000000ce8                _system_extint_init
 .text.extint_chan_get_config_defaults
                0x0000000000000d54       0x14 build/release/out/c/extint.o
                0x0000000000000d54                extint_chan_get_config_defaults
 .text.extint_chan_set_config
                0x0000000000000d68       0x78 build/release/out/c/extint.o
                0x0000000000000d68                extint_chan_set_config
 .text._system_dummy_init
                0x0000000000000de0        0x4 build/release/out/c/system.o
                0x0000000000000de0                _system_divas_init
                0x0000000000000de0                _system_events_init
                0x0000000000000de0                _system_dummy_init
 .text.system_init
                0x0000000000000de4       0x2c build/release/out/c/system.o
                0x0000000000000de4                system_init
 .text._system_pinmux_config
                0x0000000000000e10       0xa8 build/release/out/c/pinmux.o
 .text.system_pinmux_pin_set_config
                0x0000000000000eb8       0x30 build/release/out/c/pinmux.o
                0x0000000000000eb8                system_pinmux_pin_set_config
 .text.system_clock_source_get_hz
                0x0000000000000ee8       0x80 build/release/out/c/clock.o
                0x0000000000000ee8                system_clock_source_get_hz
 .text.system_clock_source_osc8m_set_config
                0x0000000000000f68       0x3c build/release/out/c/clock.o
                0x0000000000000f68                system_clock_source_osc8m_set_config
 .text.system_clock_source_enable
                0x0000000000000fa4       0x90 build/release/out/c/clock.o
                0x0000000000000fa4                system_clock_source_enable
 .text.system_clock_init
                0x0000000000001034       0xb4 build/release/out/c/clock.o
                0x0000000000001034                system_clock_init
 .text.system_gclk_init
                0x00000000000010e8       0x24 build/release/out/c/gclk.o
                0x00000000000010e8                system_gclk_init
 .text.system_gclk_gen_set_config
                0x000000000000110c       0xb8 build/release/out/c/gclk.o
                0x000000000000110c                system_gclk_gen_set_config
 .text.system_gclk_gen_enable
                0x00000000000011c4       0x44 build/release/out/c/gclk.o
                0x00000000000011c4                system_gclk_gen_enable
 .text.system_gclk_gen_get_hz
                0x0000000000001208       0x8c build/release/out/c/gclk.o
                0x0000000000001208                system_gclk_gen_get_hz
 .text.system_gclk_chan_enable
                0x0000000000001294       0x30 build/release/out/c/gclk.o
                0x0000000000001294                system_gclk_chan_enable
 .text.system_gclk_chan_disable
                0x00000000000012c4       0x5c build/release/out/c/gclk.o
                0x00000000000012c4                system_gclk_chan_disable
 .text.system_gclk_chan_set_config
                0x0000000000001320       0x1c build/release/out/c/gclk.o
                0x0000000000001320                system_gclk_chan_set_config
 .text.system_gclk_chan_get_hz
                0x000000000000133c       0x34 build/release/out/c/gclk.o
                0x000000000000133c                system_gclk_chan_get_hz
 .text.nvm_execute_command
                0x0000000000001370       0xa4 build/release/out/c/nvm.o
                0x0000000000001370                nvm_execute_command
 .text.rtc_calendar_enable
                0x0000000000001414       0x20 build/release/out/c/rtc_calendar.o
                0x0000000000001414                rtc_calendar_enable
 .text.rtc_calendar_disable
                0x0000000000001434       0x2c build/release/out/c/rtc_calendar.o
                0x0000000000001434                rtc_calendar_disable
 .text.rtc_calendar_reset
                0x0000000000001460       0x28 build/release/out/c/rtc_calendar.o
                0x0000000000001460                rtc_calendar_reset
 .text.rtc_calendar_time_to_register_value
                0x0000000000001488       0x3c build/release/out/c/rtc_calendar.o
                0x0000000000001488                rtc_calendar_time_to_register_value
 .text.rtc_calendar_set_time
                0x00000000000014c4       0x18 build/release/out/c/rtc_calendar.o
                0x00000000000014c4                rtc_calendar_set_time
 .text.rtc_calendar_set_alarm
                0x00000000000014dc       0x30 build/release/out/c/rtc_calendar.o
                0x00000000000014dc                rtc_calendar_set_alarm
 .text.rtc_calendar_init
                0x000000000000150c       0x94 build/release/out/c/rtc_calendar.o
                0x000000000000150c                rtc_calendar_init
 .text.rtc_calendar_register_callback
                0x00000000000015a0       0x20 build/release/out/c/rtc_calendar_interrupt.o
                0x00000000000015a0                rtc_calendar_register_callback
 .text.rtc_calendar_enable_callback
                0x00000000000015c0       0x28 build/release/out/c/rtc_calendar_interrupt.o
                0x00000000000015c0                rtc_calendar_enable_callback
 .text.RTC_Handler
                0x00000000000015e8       0x3c build/release/out/c/rtc_calendar_interrupt.o
                0x00000000000015e8                RTC_Handler
 .text.WDT_Handler
                0x0000000000001624       0x1c build/release/out/c/wdt_callback.o
                0x0000000000001624                WDT_Handler
 .text.adc_get_config_defaults
                0x0000000000001640       0x48 build/release/out/c/adc.o
                0x0000000000001640                adc_get_config_defaults
 .text.adc_init
                0x0000000000001688      0x47c build/release/out/c/adc.o
                0x0000000000001688                adc_init
 .text.ADC_Handler
                0x0000000000001b04       0xbc build/release/out/c/adc_callback.o
                0x0000000000001b04                ADC_Handler
 .text.adc_register_callback
                0x0000000000001bc0       0x14 build/release/out/c/adc_callback.o
                0x0000000000001bc0                adc_register_callback
 .text.long_division
                0x0000000000001bd4       0xb0 build/release/out/c/sercom.o
 .text._sercom_get_sync_baud_val
                0x0000000000001c84       0x28 build/release/out/c/sercom.o
                0x0000000000001c84                _sercom_get_sync_baud_val
 .text._sercom_get_async_baud_val
                0x0000000000001cac       0x94 build/release/out/c/sercom.o
                0x0000000000001cac                _sercom_get_async_baud_val
 .text.sercom_set_gclk_generator
                0x0000000000001d40       0x4c build/release/out/c/sercom.o
                0x0000000000001d40                sercom_set_gclk_generator
 .text._sercom_get_default_pad
                0x0000000000001d8c      0x188 build/release/out/c/sercom.o
                0x0000000000001d8c                _sercom_get_default_pad
 .text._sercom_get_sercom_inst_index
                0x0000000000001f14       0x3c build/release/out/c/sercom.o
                0x0000000000001f14                _sercom_get_sercom_inst_index
 .text._sercom_default_handler
                0x0000000000001f50        0x4 build/release/out/c/sercom_interrupt.o
 .text._sercom_set_handler
                0x0000000000001f54       0x3c build/release/out/c/sercom_interrupt.o
                0x0000000000001f54                _sercom_set_handler
 .text._sercom_get_interrupt_vector
                0x0000000000001f90       0x2c build/release/out/c/sercom_interrupt.o
                0x0000000000001f90                _sercom_get_interrupt_vector
 .text.SERCOM0_Handler
                0x0000000000001fbc       0x10 build/release/out/c/sercom_interrupt.o
                0x0000000000001fbc                SERCOM0_Handler
 .text.SERCOM1_Handler
                0x0000000000001fcc       0x10 build/release/out/c/sercom_interrupt.o
                0x0000000000001fcc                SERCOM1_Handler
 .text.SERCOM2_Handler
                0x0000000000001fdc       0x10 build/release/out/c/sercom_interrupt.o
                0x0000000000001fdc                SERCOM2_Handler
 .text.SERCOM3_Handler
                0x0000000000001fec       0x10 build/release/out/c/sercom_interrupt.o
                0x0000000000001fec                SERCOM3_Handler
 .text.SERCOM4_Handler
                0x0000000000001ffc       0x10 build/release/out/c/sercom_interrupt.o
                0x0000000000001ffc                SERCOM4_Handler
 .text.SERCOM5_Handler
                0x000000000000200c       0x10 build/release/out/c/sercom_interrupt.o
                0x000000000000200c                SERCOM5_Handler
 .text.usart_init
                0x000000000000201c      0x260 build/release/out/c/usart.o
                0x000000000000201c                usart_init
 .text._usart_write_buffer
                0x000000000000227c       0x3c build/release/out/c/usart_interrupt.o
                0x000000000000227c                _usart_write_buffer
 .text._usart_read_buffer
                0x00000000000022b8       0x3c build/release/out/c/usart_interrupt.o
                0x00000000000022b8                _usart_read_buffer
 .text.usart_register_callback
                0x00000000000022f4       0x18 build/release/out/c/usart_interrupt.o
                0x00000000000022f4                usart_register_callback
 .text.usart_read_job
                0x000000000000230c       0x10 build/release/out/c/usart_interrupt.o
                0x000000000000230c                usart_read_job
 .text.usart_write_buffer_job
                0x000000000000231c       0x20 build/release/out/c/usart_interrupt.o
                0x000000000000231c                usart_write_buffer_job
 .text._usart_interrupt_handler
                0x000000000000233c      0x124 build/release/out/c/usart_interrupt.o
                0x000000000000233c                _usart_interrupt_handler
 .text.spi_init
                0x0000000000002460      0x1f0 build/release/out/c/spi.o
                0x0000000000002460                spi_init
 .text.spi_register_callback
                0x0000000000002650       0x18 build/release/out/c/spi_interrupt.o
                0x0000000000002650                spi_register_callback
 .text._spi_interrupt_handler
                0x0000000000002668      0x1cc build/release/out/c/spi_interrupt.o
                0x0000000000002668                _spi_interrupt_handler
 .text.Dummy_Handler
                0x0000000000002834        0x4 build/release/out/c/startup_samd20.o
                0x0000000000002834                HardFault_Handler
                0x0000000000002834                AC_Handler
                0x0000000000002834                SysTick_Handler
                0x0000000000002834                PendSV_Handler
                0x0000000000002834                NMI_Handler
                0x0000000000002834                Dummy_Handler
                0x0000000000002834                PM_Handler
                0x0000000000002834                SVC_Handler
                0x0000000000002834                EVSYS_Handler
                0x0000000000002834                NVMCTRL_Handler
                0x0000000000002834                DAC_Handler
                0x0000000000002834                PTC_Handler
 .text.Reset_Handler
                0x0000000000002838       0xa8 build/release/out/c/startup_samd20.o
                0x0000000000002838                Reset_Handler
 .text._eeprom_emulator_nvm_commit_cache
                0x00000000000028e0       0x20 build/release/out/c/eeprom.o
 .text.eeprom_emulator_commit_page_buffer
                0x0000000000002900       0x2c build/release/out/c/eeprom.o
                0x0000000000002900                eeprom_emulator_commit_page_buffer
 .text.system_board_init
                0x000000000000292c        0x4 build/release/out/c/init.o
                0x000000000000292c                system_board_init
                0x000000000000292c                board_init
 .text.delay_init
                0x0000000000002930       0x3c build/release/out/c/systick_counter.o
                0x0000000000002930                delay_init
 .text.cpu_irq_enter_critical
                0x000000000000296c       0x40 build/release/out/c/interrupt_sam_nvic.o
                0x000000000000296c                cpu_irq_enter_critical
 .text.cpu_irq_leave_critical
                0x00000000000029ac       0x30 build/release/out/c/interrupt_sam_nvic.o
                0x00000000000029ac                cpu_irq_leave_critical
 .text.adc_complete_callback
                0x00000000000029dc        0xc build/release/out/c/adc_driver.o
                0x00000000000029dc                adc_complete_callback
 .text.configure_adc_callbacks
                0x00000000000029e8       0x24 build/release/out/c/adc_driver.o
                0x00000000000029e8                configure_adc_callbacks
 .text.ADCCreate
                0x0000000000002a0c       0x7c build/release/out/c/adc_driver.o
                0x0000000000002a0c                ADCCreate
 .text          0x0000000000002a88      0x120 /usr/bin/../lib/gcc/arm-none-eabi/4.9.3/armv6-m/libgcc.a(_udivsi3.o)
                0x0000000000002a88                __udivsi3
                0x0000000000002a88                __aeabi_uidiv
                0x0000000000002b94                __aeabi_uidivmod
 .text          0x0000000000002ba8        0x4 /usr/bin/../lib/gcc/arm-none-eabi/4.9.3/armv6-m/libgcc.a(_dvmd_tls.o)
                0x0000000000002ba8                __aeabi_ldiv0
                0x0000000000002ba8                __aeabi_idiv0
 .text          0x0000000000002bac       0x54 /usr/bin/../lib/gcc/arm-none-eabi/4.9.3/armv6-m/libgcc.a(_muldi3.o)
                0x0000000000002bac                __aeabi_lmul
                0x0000000000002bac                __muldi3
 .text.__libc_init_array
                0x0000000000002c00       0x4c /usr/bin/../lib/gcc/arm-none-eabi/4.9.3/../../../../arm-none-eabi/lib/armv6-m/libc_nano.a(lib_a-init.o)
                0x0000000000002c00                __libc_init_array
 .text.memcpy   0x0000000000002c4c       0x12 /usr/bin/../lib/gcc/arm-none-eabi/4.9.3/../../../../arm-none-eabi/lib/armv6-m/libc_nano.a(lib_a-memcpy.o)
                0x0000000000002c4c                memcpy
 *(.glue_7t)
 .glue_7t       0x0000000000000000        0x0 linker stubs
 *(.glue_7)
 .glue_7        0x0000000000000000        0x0 linker stubs
 *(.rodata .rodata* .gnu.linkonce.r.*)
 *fill*         0x0000000000002c5e        0x2 
 .rodata        0x0000000000002c60        0x8 build/release/out/c/main.o
 .rodata.tc_interrupt_vectors.11560
                0x0000000000002c68        0x8 build/release/out/c/main.o
 .rodata        0x0000000000002c70       0x38 build/release/out/c/tc.o
 .rodata.system_clock_source_get_hz
                0x0000000000002ca8       0x20 build/release/out/c/clock.o
 .rodata.system_clock_source_enable
                0x0000000000002cc8       0x20 build/release/out/c/clock.o
 .rodata.nvm_execute_command
                0x0000000000002ce8      0x118 build/release/out/c/nvm.o
 .rodata.adc_init
                0x0000000000002e00       0xd4 build/release/out/c/adc.o
 .rodata        0x0000000000002ed4       0x50 build/release/out/c/adc.o
 .rodata        0x0000000000002f24       0x18 build/release/out/c/sercom.o
 .rodata        0x0000000000002f3c        0x6 build/release/out/c/sercom_interrupt.o
 *(.ARM.extab* .gnu.linkonce.armextab.*)
                0x0000000000002f44                . = ALIGN (0x4)
 *fill*         0x0000000000002f42        0x2 
 *(.init)
 .init          0x0000000000002f44        0x4 /usr/bin/../lib/gcc/arm-none-eabi/4.9.3/armv6-m/crti.o
                0x0000000000002f44                _init
 .init          0x0000000000002f48        0x8 /usr/bin/../lib/gcc/arm-none-eabi/4.9.3/armv6-m/crtn.o
                0x0000000000002f50                . = ALIGN (0x4)
                0x0000000000002f50                __preinit_array_start = .
 *(.preinit_array)
                0x0000000000002f50                __preinit_array_end = .
                0x0000000000002f50                . = ALIGN (0x4)
                0x0000000000002f50                __init_array_start = .
 *(SORT(.init_array.*))
 *(.init_array)
 .init_array    0x0000000000002f50        0x4 /usr/bin/../lib/gcc/arm-none-eabi/4.9.3/armv6-m/crtbegin.o
                0x0000000000002f54                __init_array_end = .
                0x0000000000002f54                . = ALIGN (0x4)
 *crtbegin.o(.ctors)
 *(EXCLUDE_FILE(*crtend.o) .ctors)
 *(SORT(.ctors.*))
 *crtend.o(.ctors)
                0x0000000000002f54                . = ALIGN (0x4)
 *(.fini)
 .fini          0x0000000000002f54        0x4 /usr/bin/../lib/gcc/arm-none-eabi/4.9.3/armv6-m/crti.o
                0x0000000000002f54                _fini
 .fini          0x0000000000002f58        0x8 /usr/bin/../lib/gcc/arm-none-eabi/4.9.3/armv6-m/crtn.o
                0x0000000000002f60                . = ALIGN (0x4)
                0x0000000000002f60                __fini_array_start = .
 *(.fini_array)
 .fini_array    0x0000000000002f60        0x4 /usr/bin/../lib/gcc/arm-none-eabi/4.9.3/armv6-m/crtbegin.o
 *(SORT(.fini_array.*))
                0x0000000000002f64                __fini_array_end = .
 *crtbegin.o(.dtors)
 *(EXCLUDE_FILE(*crtend.o) .dtors)
 *(SORT(.dtors.*))
 *crtend.o(.dtors)
                0x0000000000002f64                . = ALIGN (0x4)
                0x0000000000002f64                _efixed = .
                0x0000000000002f64                PROVIDE (__exidx_start, .)

.vfp11_veneer   0x0000000000002f64        0x0
 .vfp11_veneer  0x0000000000000000        0x0 linker stubs

.v4_bx          0x0000000000002f64        0x0
 .v4_bx         0x0000000000000000        0x0 linker stubs

.iplt           0x0000000000002f64        0x0
 .iplt          0x0000000000000000        0x0 /usr/bin/../lib/gcc/arm-none-eabi/4.9.3/armv6-m/crtbegin.o

.eh_frame       0x0000000000002f64        0x0
 .eh_frame      0x0000000000002f64        0x0 /usr/bin/../lib/gcc/arm-none-eabi/4.9.3/armv6-m/crtbegin.o

.rel.dyn        0x0000000000002f64        0x0
 .rel.iplt      0x0000000000000000        0x0 /usr/bin/../lib/gcc/arm-none-eabi/4.9.3/armv6-m/crtbegin.o

.jcr            0x0000000000002f64        0x0
 .jcr           0x0000000000002f64        0x0 /usr/bin/../lib/gcc/arm-none-eabi/4.9.3/armv6-m/crtbegin.o

.igot.plt       0x0000000000002f64        0x0
 .igot.plt      0x0000000000000000        0x0 /usr/bin/../lib/gcc/arm-none-eabi/4.9.3/armv6-m/crtbegin.o

.ARM.exidx
 *(.ARM.exidx* .gnu.linkonce.armexidx.*)
                0x0000000000002f64                PROVIDE (__exidx_end, .)
                0x0000000000002f64                . = ALIGN (0x4)
                0x0000000000002f64                _etext = .

.relocate       0x0000000020000000       0x10 load address 0x0000000000002f64
                0x0000000020000000                . = ALIGN (0x4)
                0x0000000020000000                _srelocate = .
 *(.ramfunc .ramfunc.*)
 *(.data .data.*)
 .data.length_byte
                0x0000000020000000        0x1 build/release/out/c/main.o
                0x0000000020000000                length_byte
 *fill*         0x0000000020000001        0x3 
 .data.cycles_per_us
                0x0000000020000004        0x4 build/release/out/c/systick_counter.o
 .data.cycles_per_ms
                0x0000000020000008        0x4 build/release/out/c/systick_counter.o
 .data.g_interrupt_enabled
                0x000000002000000c        0x1 build/release/out/c/interrupt_sam_nvic.o
                0x000000002000000c                g_interrupt_enabled
                0x0000000020000010                . = ALIGN (0x4)
 *fill*         0x000000002000000d        0x3 
                0x0000000020000010                _erelocate = .

.bss            0x0000000020000010      0x32c load address 0x0000000000002f74
                0x0000000020000010                . = ALIGN (0x4)
                0x0000000020000010                _sbss = .
                0x0000000020000010                _szero = .
 *(.bss .bss.*)
 .bss           0x0000000020000010       0x1c /usr/bin/../lib/gcc/arm-none-eabi/4.9.3/armv6-m/crtbegin.o
 .bss.i.12356   0x000000002000002c        0x2 build/release/out/c/main.o
 .bss.rtc_alarm_flag
                0x000000002000002e        0x1 build/release/out/c/main.o
                0x000000002000002e                rtc_alarm_flag
 .bss.data_ready_flag
                0x000000002000002f        0x1 build/release/out/c/main.o
                0x000000002000002f                data_ready_flag
 .bss.transrev_complete_spi_master
                0x0000000020000030        0x1 build/release/out/c/main.o
                0x0000000020000030                transrev_complete_spi_master
 .bss.serial_state
                0x0000000020000031        0x1 build/release/out/c/main.o
                0x0000000020000031                serial_state
 *fill*         0x0000000020000032        0x2 
 .bss.message   0x0000000020000034       0x64 build/release/out/c/main.o
                0x0000000020000034                message
 .bss.index_count
                0x0000000020000098        0x1 build/release/out/c/main.o
                0x0000000020000098                index_count
 *fill*         0x0000000020000099        0x1 
 .bss.data_length
                0x000000002000009a        0x2 build/release/out/c/main.o
                0x000000002000009a                data_length
 .bss.button_flag
                0x000000002000009c        0x1 build/release/out/c/main.o
                0x000000002000009c                button_flag
 *fill*         0x000000002000009d        0x3 
 .bss._system_clock_inst
                0x00000000200000a0       0x14 build/release/out/c/clock.o
 .bss._nvm_dev  0x00000000200000b4        0x6 build/release/out/c/nvm.o
 *fill*         0x00000000200000ba        0x2 
 .bss._sercom_config
                0x00000000200000bc        0x2 build/release/out/c/sercom.o
 .bss._handler_table_initialized
                0x00000000200000be        0x1 build/release/out/c/sercom_interrupt.o
 *fill*         0x00000000200000bf        0x1 
 .bss._sercom_interrupt_handlers
                0x00000000200000c0       0x18 build/release/out/c/sercom_interrupt.o
 .bss._eeprom_instance
                0x00000000200000d8       0xcc build/release/out/c/eeprom.o
 .bss.cpu_irq_critical_section_counter
                0x00000000200001a4        0x4 build/release/out/c/interrupt_sam_nvic.o
 .bss.cpu_irq_prev_interrupt_state
                0x00000000200001a8        0x1 build/release/out/c/interrupt_sam_nvic.o
 .bss.adc_read_done
                0x00000000200001a9        0x1 build/release/out/c/adc_driver.o
                0x00000000200001a9                adc_read_done
 *(COMMON)
 *fill*         0x00000000200001aa        0x2 
 COMMON         0x00000000200001ac       0xe4 build/release/out/c/main.o
                0x00000000200001ac                rtc_instance
                0x00000000200001c0                usart_instance
                0x00000000200001e4                alarm
                0x00000000200001f0                rx_buffer
                0x00000000200001fc                wr_packet
                0x0000000020000208                i2c_master_instance
                0x0000000020000230                rd_packet
                0x000000002000023c                spi_master_instance
                0x0000000020000270                slave
                0x0000000020000274                tc_instance
 COMMON         0x0000000020000290       0x20 build/release/out/c/tc_interrupt.o
                0x0000000020000290                _tc_instances
 COMMON         0x00000000200002b0        0x1 build/release/out/c/extint_callback.o
                0x00000000200002b0                _current_channel
 *fill*         0x00000000200002b1        0x3 
 COMMON         0x00000000200002b4       0x40 build/release/out/c/extint.o
                0x00000000200002b4                _extint_dev
 COMMON         0x00000000200002f4        0x4 build/release/out/c/rtc_calendar.o
                0x00000000200002f4                _rtc_instance
 COMMON         0x00000000200002f8        0x4 build/release/out/c/wdt_callback.o
                0x00000000200002f8                wdt_early_warning_callback
 COMMON         0x00000000200002fc        0x4 build/release/out/c/adc_callback.o
                0x00000000200002fc                _adc_instances
 COMMON         0x0000000020000300       0x18 build/release/out/c/sercom_interrupt.o
                0x0000000020000300                _sercom_instances
 COMMON         0x0000000020000318        0x2 build/release/out/c/spi_interrupt.o
                0x0000000020000318                dummy_write
 *fill*         0x000000002000031a        0x2 
 COMMON         0x000000002000031c       0x20 build/release/out/c/adc_driver.o
                0x000000002000031c                adc_instance
                0x000000002000033c                . = ALIGN (0x4)
                0x000000002000033c                _ebss = .
                0x000000002000033c                _ezero = .

.stack          0x000000002000033c     0x2004 load address 0x00000000000032a0
                0x0000000020000340                . = ALIGN (0x8)
 *fill*         0x000000002000033c        0x4 
                0x0000000020000340                _sstack = .
                0x0000000020002340                . = (. + STACK_SIZE)
 *fill*         0x0000000020000340     0x2000 
                0x0000000020002340                . = ALIGN (0x8)
                0x0000000020002340                _estack = .
                0x0000000020002340                . = ALIGN (0x4)
                0x0000000020002340                _end = .
OUTPUT(build/release/GccGenD20.elf elf32-littlearm)

.ARM.attributes
                0x0000000000000000       0x28
 .ARM.attributes
                0x0000000000000000       0x1e /usr/bin/../lib/gcc/arm-none-eabi/4.9.3/armv6-m/crti.o
 .ARM.attributes
                0x000000000000001e       0x2c /usr/bin/../lib/gcc/arm-none-eabi/4.9.3/armv6-m/crtbegin.o
 .ARM.attributes
                0x000000000000004a       0x32 build/release/out/c/main.o
 .ARM.attributes
                0x000000000000007c       0x32 build/release/out/c/port.o
 .ARM.attributes
                0x00000000000000ae       0x32 build/release/out/c/tc_interrupt.o
 .ARM.attributes
                0x00000000000000e0       0x32 build/release/out/c/tc.o
 .ARM.attributes
                0x0000000000000112       0x32 build/release/out/c/bod.o
 .ARM.attributes
                0x0000000000000144       0x32 build/release/out/c/extint_callback.o
 .ARM.attributes
                0x0000000000000176       0x32 build/release/out/c/extint.o
 .ARM.attributes
                0x00000000000001a8       0x32 build/release/out/c/system.o
 .ARM.attributes
                0x00000000000001da       0x32 build/release/out/c/pinmux.o
 .ARM.attributes
                0x000000000000020c       0x32 build/release/out/c/clock.o
 .ARM.attributes
                0x000000000000023e       0x32 build/release/out/c/gclk.o
 .ARM.attributes
                0x0000000000000270       0x32 build/release/out/c/nvm.o
 .ARM.attributes
                0x00000000000002a2       0x32 build/release/out/c/rtc_calendar.o
 .ARM.attributes
                0x00000000000002d4       0x32 build/release/out/c/rtc_calendar_interrupt.o
 .ARM.attributes
                0x0000000000000306       0x32 build/release/out/c/wdt_callback.o
 .ARM.attributes
                0x0000000000000338       0x32 build/release/out/c/adc.o
 .ARM.attributes
                0x000000000000036a       0x32 build/release/out/c/adc_callback.o
 .ARM.attributes
                0x000000000000039c       0x32 build/release/out/c/sercom.o
 .ARM.attributes
                0x00000000000003ce       0x32 build/release/out/c/sercom_interrupt.o
 .ARM.attributes
                0x0000000000000400       0x32 build/release/out/c/usart.o
 .ARM.attributes
                0x0000000000000432       0x32 build/release/out/c/usart_interrupt.o
 .ARM.attributes
                0x0000000000000464       0x32 build/release/out/c/spi.o
 .ARM.attributes
                0x0000000000000496       0x32 build/release/out/c/spi_interrupt.o
 .ARM.attributes
                0x00000000000004c8       0x32 build/release/out/c/startup_samd20.o
 .ARM.attributes
                0x00000000000004fa       0x32 build/release/out/c/eeprom.o
 .ARM.attributes
                0x000000000000052c       0x32 build/release/out/c/init.o
 .ARM.attributes
                0x000000000000055e       0x32 build/release/out/c/systick_counter.o
 .ARM.attributes
                0x0000000000000590       0x32 build/release/out/c/interrupt_sam_nvic.o
 .ARM.attributes
                0x00000000000005c2       0x32 build/release/out/c/adc_driver.o
 .ARM.attributes
                0x00000000000005f4       0x1e /usr/bin/../lib/gcc/arm-none-eabi/4.9.3/armv6-m/libgcc.a(_udivsi3.o)
 .ARM.attributes
                0x0000000000000612       0x1e /usr/bin/../lib/gcc/arm-none-eabi/4.9.3/armv6-m/libgcc.a(_dvmd_tls.o)
 .ARM.attributes
                0x0000000000000630       0x2c /usr/bin/../lib/gcc/arm-none-eabi/4.9.3/armv6-m/libgcc.a(_muldi3.o)
 .ARM.attributes
                0x000000000000065c       0x2c /usr/bin/../lib/gcc/arm-none-eabi/4.9.3/../../../../arm-none-eabi/lib/armv6-m/libc_nano.a(lib_a-init.o)
 .ARM.attributes
                0x0000000000000688       0x2c /usr/bin/../lib/gcc/arm-none-eabi/4.9.3/../../../../arm-none-eabi/lib/armv6-m/libc_nano.a(lib_a-memcpy.o)
 .ARM.attributes
                0x00000000000006b4       0x1e /usr/bin/../lib/gcc/arm-none-eabi/4.9.3/armv6-m/crtn.o

.comment        0x0000000000000000       0x70
 .comment       0x0000000000000000       0x70 build/release/out/c/main.o
                                         0x71 (size before relaxing)
 .comment       0x0000000000000000       0x71 build/release/out/c/port.o
 .comment       0x0000000000000000       0x71 build/release/out/c/tc_interrupt.o
 .comment       0x0000000000000000       0x71 build/release/out/c/tc.o
 .comment       0x0000000000000000       0x71 build/release/out/c/bod.o
 .comment       0x0000000000000000       0x71 build/release/out/c/extint_callback.o
 .comment       0x0000000000000000       0x71 build/release/out/c/extint.o
 .comment       0x0000000000000000       0x71 build/release/out/c/system.o
 .comment       0x0000000000000000       0x71 build/release/out/c/pinmux.o
 .comment       0x0000000000000000       0x71 build/release/out/c/clock.o
 .comment       0x0000000000000000       0x71 build/release/out/c/gclk.o
 .comment       0x0000000000000000       0x71 build/release/out/c/nvm.o
 .comment       0x0000000000000000       0x71 build/release/out/c/rtc_calendar.o
 .comment       0x0000000000000000       0x71 build/release/out/c/rtc_calendar_interrupt.o
 .comment       0x0000000000000000       0x71 build/release/out/c/wdt_callback.o
 .comment       0x0000000000000000       0x71 build/release/out/c/adc.o
 .comment       0x0000000000000000       0x71 build/release/out/c/adc_callback.o
 .comment       0x0000000000000000       0x71 build/release/out/c/sercom.o
 .comment       0x0000000000000000       0x71 build/release/out/c/sercom_interrupt.o
 .comment       0x0000000000000000       0x71 build/release/out/c/usart.o
 .comment       0x0000000000000000       0x71 build/release/out/c/usart_interrupt.o
 .comment       0x0000000000000000       0x71 build/release/out/c/spi.o
 .comment       0x0000000000000000       0x71 build/release/out/c/spi_interrupt.o
 .comment       0x0000000000000000       0x71 build/release/out/c/startup_samd20.o
 .comment       0x0000000000000000       0x71 build/release/out/c/eeprom.o
 .comment       0x0000000000000000       0x71 build/release/out/c/init.o
 .comment       0x0000000000000000       0x71 build/release/out/c/systick_counter.o
 .comment       0x0000000000000000       0x71 build/release/out/c/interrupt_sam_nvic.o
 .comment       0x0000000000000000       0x71 build/release/out/c/adc_driver.o

.debug_info     0x0000000000000000    0x31ab1
 .debug_info    0x0000000000000000     0x71ee build/release/out/c/main.o
 .debug_info    0x00000000000071ee      0x8f9 build/release/out/c/port.o
 .debug_info    0x0000000000007ae7     0x11f8 build/release/out/c/tc_interrupt.o
 .debug_info    0x0000000000008cdf     0x237e build/release/out/c/tc.o
 .debug_info    0x000000000000b05d      0xf8b build/release/out/c/bod.o
 .debug_info    0x000000000000bfe8      0xf98 build/release/out/c/extint_callback.o
 .debug_info    0x000000000000cf80     0x1ef1 build/release/out/c/extint.o
 .debug_info    0x000000000000ee71      0x16b build/release/out/c/system.o
 .debug_info    0x000000000000efdc      0x9d4 build/release/out/c/pinmux.o
 .debug_info    0x000000000000f9b0     0x3012 build/release/out/c/clock.o
 .debug_info    0x00000000000129c2     0x1350 build/release/out/c/gclk.o
 .debug_info    0x0000000000013d12     0x1aac build/release/out/c/nvm.o
 .debug_info    0x00000000000157be     0x2a8b build/release/out/c/rtc_calendar.o
 .debug_info    0x0000000000018249     0x1705 build/release/out/c/rtc_calendar_interrupt.o
 .debug_info    0x000000000001994e      0x91f build/release/out/c/wdt_callback.o
 .debug_info    0x000000000001a26d     0x2e09 build/release/out/c/adc.o
 .debug_info    0x000000000001d076     0x1213 build/release/out/c/adc_callback.o
 .debug_info    0x000000000001e289     0x1bba build/release/out/c/sercom.o
 .debug_info    0x000000000001fe43     0x19d9 build/release/out/c/sercom_interrupt.o
 .debug_info    0x000000000002181c     0x360a build/release/out/c/usart.o
 .debug_info    0x0000000000024e26     0x1dc1 build/release/out/c/usart_interrupt.o
 .debug_info    0x0000000000026be7     0x53d2 build/release/out/c/spi.o
 .debug_info    0x000000000002bfb9     0x1f76 build/release/out/c/spi_interrupt.o
 .debug_info    0x000000000002df2f      0x8b8 build/release/out/c/startup_samd20.o
 .debug_info    0x000000000002e7e7     0x15e6 build/release/out/c/eeprom.o
 .debug_info    0x000000000002fdcd      0x11e build/release/out/c/init.o
 .debug_info    0x000000000002feeb      0x24b build/release/out/c/systick_counter.o
 .debug_info    0x0000000000030136      0x1db build/release/out/c/interrupt_sam_nvic.o
 .debug_info    0x0000000000030311     0x17a0 build/release/out/c/adc_driver.o

.debug_abbrev   0x0000000000000000     0x509f
 .debug_abbrev  0x0000000000000000      0x484 build/release/out/c/main.o
 .debug_abbrev  0x0000000000000484      0x1d8 build/release/out/c/port.o
 .debug_abbrev  0x000000000000065c      0x257 build/release/out/c/tc_interrupt.o
 .debug_abbrev  0x00000000000008b3      0x386 build/release/out/c/tc.o
 .debug_abbrev  0x0000000000000c39      0x1ab build/release/out/c/bod.o
 .debug_abbrev  0x0000000000000de4      0x295 build/release/out/c/extint_callback.o
 .debug_abbrev  0x0000000000001079      0x3ef build/release/out/c/extint.o
 .debug_abbrev  0x0000000000001468       0xb7 build/release/out/c/system.o
 .debug_abbrev  0x000000000000151f      0x26b build/release/out/c/pinmux.o
 .debug_abbrev  0x000000000000178a      0x400 build/release/out/c/clock.o
 .debug_abbrev  0x0000000000001b8a      0x30b build/release/out/c/gclk.o
 .debug_abbrev  0x0000000000001e95      0x3b3 build/release/out/c/nvm.o
 .debug_abbrev  0x0000000000002248      0x425 build/release/out/c/rtc_calendar.o
 .debug_abbrev  0x000000000000266d      0x273 build/release/out/c/rtc_calendar_interrupt.o
 .debug_abbrev  0x00000000000028e0      0x24c build/release/out/c/wdt_callback.o
 .debug_abbrev  0x0000000000002b2c      0x3b8 build/release/out/c/adc.o
 .debug_abbrev  0x0000000000002ee4      0x2cb build/release/out/c/adc_callback.o
 .debug_abbrev  0x00000000000031af      0x2b5 build/release/out/c/sercom.o
 .debug_abbrev  0x0000000000003464      0x22a build/release/out/c/sercom_interrupt.o
 .debug_abbrev  0x000000000000368e      0x3e2 build/release/out/c/usart.o
 .debug_abbrev  0x0000000000003a70      0x343 build/release/out/c/usart_interrupt.o
 .debug_abbrev  0x0000000000003db3      0x46b build/release/out/c/spi.o
 .debug_abbrev  0x000000000000421e      0x320 build/release/out/c/spi_interrupt.o
 .debug_abbrev  0x000000000000453e      0x1bf build/release/out/c/startup_samd20.o
 .debug_abbrev  0x00000000000046fd      0x3e7 build/release/out/c/eeprom.o
 .debug_abbrev  0x0000000000004ae4       0x91 build/release/out/c/init.o
 .debug_abbrev  0x0000000000004b75      0x13a build/release/out/c/systick_counter.o
 .debug_abbrev  0x0000000000004caf       0xf4 build/release/out/c/interrupt_sam_nvic.o
 .debug_abbrev  0x0000000000004da3      0x2fc build/release/out/c/adc_driver.o

.debug_loc      0x0000000000000000     0xa581
 .debug_loc     0x0000000000000000      0x3b0 build/release/out/c/main.o
 .debug_loc     0x00000000000003b0      0x115 build/release/out/c/port.o
 .debug_loc     0x00000000000004c5       0xfd build/release/out/c/tc_interrupt.o
 .debug_loc     0x00000000000005c2      0xf16 build/release/out/c/tc.o
 .debug_loc     0x00000000000014d8       0x9e build/release/out/c/bod.o
 .debug_loc     0x0000000000001576      0x1f5 build/release/out/c/extint_callback.o
 .debug_loc     0x000000000000176b      0x346 build/release/out/c/extint.o
 .debug_loc     0x0000000000001ab1      0x2c3 build/release/out/c/pinmux.o
 .debug_loc     0x0000000000001d74      0xd89 build/release/out/c/clock.o
 .debug_loc     0x0000000000002afd      0x39e build/release/out/c/gclk.o
 .debug_loc     0x0000000000002e9b      0xe1a build/release/out/c/nvm.o
 .debug_loc     0x0000000000003cb5      0x65c build/release/out/c/rtc_calendar.o
 .debug_loc     0x0000000000004311      0x19f build/release/out/c/rtc_calendar_interrupt.o
 .debug_loc     0x00000000000044b0       0xb2 build/release/out/c/wdt_callback.o
 .debug_loc     0x0000000000004562      0x74c build/release/out/c/adc.o
 .debug_loc     0x0000000000004cae      0x2c1 build/release/out/c/adc_callback.o
 .debug_loc     0x0000000000004f6f      0x8dc build/release/out/c/sercom.o
 .debug_loc     0x000000000000584b       0x60 build/release/out/c/sercom_interrupt.o
 .debug_loc     0x00000000000058ab      0xb5d build/release/out/c/usart.o
 .debug_loc     0x0000000000006408      0x483 build/release/out/c/usart_interrupt.o
 .debug_loc     0x000000000000688b     0x2ab2 build/release/out/c/spi.o
 .debug_loc     0x000000000000933d      0x53d build/release/out/c/spi_interrupt.o
 .debug_loc     0x000000000000987a      0xc33 build/release/out/c/eeprom.o
 .debug_loc     0x000000000000a4ad       0x84 build/release/out/c/systick_counter.o
 .debug_loc     0x000000000000a531       0x1e build/release/out/c/interrupt_sam_nvic.o
 .debug_loc     0x000000000000a54f       0x32 build/release/out/c/adc_driver.o

.debug_aranges  0x0000000000000000      0x8f8
 .debug_aranges
                0x0000000000000000       0xc8 build/release/out/c/main.o
 .debug_aranges
                0x00000000000000c8       0x28 build/release/out/c/port.o
 .debug_aranges
                0x00000000000000f0       0x70 build/release/out/c/tc_interrupt.o
 .debug_aranges
                0x0000000000000160       0x58 build/release/out/c/tc.o
 .debug_aranges
                0x00000000000001b8       0x20 build/release/out/c/bod.o
 .debug_aranges
                0x00000000000001d8       0x48 build/release/out/c/extint_callback.o
 .debug_aranges
                0x0000000000000220       0x50 build/release/out/c/extint.o
 .debug_aranges
                0x0000000000000270       0x28 build/release/out/c/system.o
 .debug_aranges
                0x0000000000000298       0x38 build/release/out/c/pinmux.o
 .debug_aranges
                0x00000000000002d0       0x70 build/release/out/c/clock.o
 .debug_aranges
                0x0000000000000340       0x80 build/release/out/c/gclk.o
 .debug_aranges
                0x00000000000003c0       0x68 build/release/out/c/nvm.o
 .debug_aranges
                0x0000000000000428       0x78 build/release/out/c/rtc_calendar.o
 .debug_aranges
                0x00000000000004a0       0x40 build/release/out/c/rtc_calendar_interrupt.o
 .debug_aranges
                0x00000000000004e0       0x40 build/release/out/c/wdt_callback.o
 .debug_aranges
                0x0000000000000520       0x38 build/release/out/c/adc.o
 .debug_aranges
                0x0000000000000558       0x48 build/release/out/c/adc_callback.o
 .debug_aranges
                0x00000000000005a0       0x48 build/release/out/c/sercom.o
 .debug_aranges
                0x00000000000005e8       0x60 build/release/out/c/sercom_interrupt.o
 .debug_aranges
                0x0000000000000648       0x40 build/release/out/c/usart.o
 .debug_aranges
                0x0000000000000688       0x70 build/release/out/c/usart_interrupt.o
 .debug_aranges
                0x00000000000006f8       0x58 build/release/out/c/spi.o
 .debug_aranges
                0x0000000000000750       0x50 build/release/out/c/spi_interrupt.o
 .debug_aranges
                0x00000000000007a0       0x28 build/release/out/c/startup_samd20.o
 .debug_aranges
                0x00000000000007c8       0x80 build/release/out/c/eeprom.o
 .debug_aranges
                0x0000000000000848       0x20 build/release/out/c/init.o
 .debug_aranges
                0x0000000000000868       0x30 build/release/out/c/systick_counter.o
 .debug_aranges
                0x0000000000000898       0x28 build/release/out/c/interrupt_sam_nvic.o
 .debug_aranges
                0x00000000000008c0       0x38 build/release/out/c/adc_driver.o

.debug_ranges   0x0000000000000000      0xdf8
 .debug_ranges  0x0000000000000000       0xb8 build/release/out/c/main.o
 .debug_ranges  0x00000000000000b8       0x18 build/release/out/c/port.o
 .debug_ranges  0x00000000000000d0       0x60 build/release/out/c/tc_interrupt.o
 .debug_ranges  0x0000000000000130       0x78 build/release/out/c/tc.o
 .debug_ranges  0x00000000000001a8       0x10 build/release/out/c/bod.o
 .debug_ranges  0x00000000000001b8       0x60 build/release/out/c/extint_callback.o
 .debug_ranges  0x0000000000000218       0x40 build/release/out/c/extint.o
 .debug_ranges  0x0000000000000258       0x18 build/release/out/c/system.o
 .debug_ranges  0x0000000000000270       0x28 build/release/out/c/pinmux.o
 .debug_ranges  0x0000000000000298       0x60 build/release/out/c/clock.o
 .debug_ranges  0x00000000000002f8       0x70 build/release/out/c/gclk.o
 .debug_ranges  0x0000000000000368       0x88 build/release/out/c/nvm.o
 .debug_ranges  0x00000000000003f0       0xa0 build/release/out/c/rtc_calendar.o
 .debug_ranges  0x0000000000000490       0x30 build/release/out/c/rtc_calendar_interrupt.o
 .debug_ranges  0x00000000000004c0       0x30 build/release/out/c/wdt_callback.o
 .debug_ranges  0x00000000000004f0       0x88 build/release/out/c/adc.o
 .debug_ranges  0x0000000000000578       0x38 build/release/out/c/adc_callback.o
 .debug_ranges  0x00000000000005b0       0x38 build/release/out/c/sercom.o
 .debug_ranges  0x00000000000005e8       0x50 build/release/out/c/sercom_interrupt.o
 .debug_ranges  0x0000000000000638       0xe0 build/release/out/c/usart.o
 .debug_ranges  0x0000000000000718       0x60 build/release/out/c/usart_interrupt.o
 .debug_ranges  0x0000000000000778      0x3d8 build/release/out/c/spi.o
 .debug_ranges  0x0000000000000b50       0x70 build/release/out/c/spi_interrupt.o
 .debug_ranges  0x0000000000000bc0       0x18 build/release/out/c/startup_samd20.o
 .debug_ranges  0x0000000000000bd8      0x180 build/release/out/c/eeprom.o
 .debug_ranges  0x0000000000000d58       0x10 build/release/out/c/init.o
 .debug_ranges  0x0000000000000d68       0x50 build/release/out/c/systick_counter.o
 .debug_ranges  0x0000000000000db8       0x18 build/release/out/c/interrupt_sam_nvic.o
 .debug_ranges  0x0000000000000dd0       0x28 build/release/out/c/adc_driver.o

.debug_macro    0x0000000000000000    0x16b60
 .debug_macro   0x0000000000000000      0x703 build/release/out/c/main.o
 .debug_macro   0x0000000000000703      0x880 build/release/out/c/main.o
 .debug_macro   0x0000000000000f83      0x166 build/release/out/c/main.o
 .debug_macro   0x00000000000010e9      0x64b build/release/out/c/main.o
 .debug_macro   0x0000000000001734       0x22 build/release/out/c/main.o
 .debug_macro   0x0000000000001756       0x44 build/release/out/c/main.o
 .debug_macro   0x000000000000179a       0xe3 build/release/out/c/main.o
 .debug_macro   0x000000000000187d       0x22 build/release/out/c/main.o
 .debug_macro   0x000000000000189f      0x1df build/release/out/c/main.o
 .debug_macro   0x0000000000001a7e       0x10 build/release/out/c/main.o
 .debug_macro   0x0000000000001a8e       0x76 build/release/out/c/main.o
 .debug_macro   0x0000000000001b04       0x16 build/release/out/c/main.o
 .debug_macro   0x0000000000001b1a      0x6e5 build/release/out/c/main.o
 .debug_macro   0x00000000000021ff      0xde2 build/release/out/c/main.o
 .debug_macro   0x0000000000002fe1       0x22 build/release/out/c/main.o
 .debug_macro   0x0000000000003003       0x40 build/release/out/c/main.o
 .debug_macro   0x0000000000003043       0x3a build/release/out/c/main.o
 .debug_macro   0x000000000000307d       0x1f build/release/out/c/main.o
 .debug_macro   0x000000000000309c      0x250 build/release/out/c/main.o
 .debug_macro   0x00000000000032ec      0x682 build/release/out/c/main.o
 .debug_macro   0x000000000000396e      0x8c1 build/release/out/c/main.o
 .debug_macro   0x000000000000422f      0x229 build/release/out/c/main.o
 .debug_macro   0x0000000000004458      0x5bf build/release/out/c/main.o
 .debug_macro   0x0000000000004a17      0x9fb build/release/out/c/main.o
 .debug_macro   0x0000000000005412      0x5b8 build/release/out/c/main.o
 .debug_macro   0x00000000000059ca      0x4b6 build/release/out/c/main.o
 .debug_macro   0x0000000000005e80      0x74c build/release/out/c/main.o
 .debug_macro   0x00000000000065cc       0x5e build/release/out/c/main.o
 .debug_macro   0x000000000000662a      0x5e2 build/release/out/c/main.o
 .debug_macro   0x0000000000006c0c      0x3b8 build/release/out/c/main.o
 .debug_macro   0x0000000000006fc4      0xc55 build/release/out/c/main.o
 .debug_macro   0x0000000000007c19      0xd29 build/release/out/c/main.o
 .debug_macro   0x0000000000008942      0x7b8 build/release/out/c/main.o
 .debug_macro   0x00000000000090fa      0x6c2 build/release/out/c/main.o
 .debug_macro   0x00000000000097bc      0x351 build/release/out/c/main.o
 .debug_macro   0x0000000000009b0d       0x7c build/release/out/c/main.o
 .debug_macro   0x0000000000009b89       0x9a build/release/out/c/main.o
 .debug_macro   0x0000000000009c23       0x46 build/release/out/c/main.o
 .debug_macro   0x0000000000009c69       0xb2 build/release/out/c/main.o
 .debug_macro   0x0000000000009d1b       0x6a build/release/out/c/main.o
 .debug_macro   0x0000000000009d85      0x287 build/release/out/c/main.o
 .debug_macro   0x000000000000a00c       0x82 build/release/out/c/main.o
 .debug_macro   0x000000000000a08e       0xb8 build/release/out/c/main.o
 .debug_macro   0x000000000000a146       0x1c build/release/out/c/main.o
 .debug_macro   0x000000000000a162       0x1c build/release/out/c/main.o
 .debug_macro   0x000000000000a17e       0x1c build/release/out/c/main.o
 .debug_macro   0x000000000000a19a       0x82 build/release/out/c/main.o
 .debug_macro   0x000000000000a21c      0x164 build/release/out/c/main.o
 .debug_macro   0x000000000000a380       0xdc build/release/out/c/main.o
 .debug_macro   0x000000000000a45c      0x104 build/release/out/c/main.o
 .debug_macro   0x000000000000a560      0x104 build/release/out/c/main.o
 .debug_macro   0x000000000000a664      0x104 build/release/out/c/main.o
 .debug_macro   0x000000000000a768      0x104 build/release/out/c/main.o
 .debug_macro   0x000000000000a86c      0x104 build/release/out/c/main.o
 .debug_macro   0x000000000000a970      0x104 build/release/out/c/main.o
 .debug_macro   0x000000000000aa74       0xfa build/release/out/c/main.o
 .debug_macro   0x000000000000ab6e       0xbe build/release/out/c/main.o
 .debug_macro   0x000000000000ac2c       0xbe build/release/out/c/main.o
 .debug_macro   0x000000000000acea       0xbe build/release/out/c/main.o
 .debug_macro   0x000000000000ada8       0xbe build/release/out/c/main.o
 .debug_macro   0x000000000000ae66       0xbe build/release/out/c/main.o
 .debug_macro   0x000000000000af24       0xbe build/release/out/c/main.o
 .debug_macro   0x000000000000afe2       0xbe build/release/out/c/main.o
 .debug_macro   0x000000000000b0a0       0xbe build/release/out/c/main.o
 .debug_macro   0x000000000000b15e       0x40 build/release/out/c/main.o
 .debug_macro   0x000000000000b19e      0x2e3 build/release/out/c/main.o
 .debug_macro   0x000000000000b481     0x19c4 build/release/out/c/main.o
 .debug_macro   0x000000000000ce45       0x4a build/release/out/c/main.o
 .debug_macro   0x000000000000ce8f       0x58 build/release/out/c/main.o
 .debug_macro   0x000000000000cee7       0x35 build/release/out/c/main.o
 .debug_macro   0x000000000000cf1c       0x9c build/release/out/c/main.o
 .debug_macro   0x000000000000cfb8       0x16 build/release/out/c/main.o
 .debug_macro   0x000000000000cfce       0x35 build/release/out/c/main.o
 .debug_macro   0x000000000000d003      0x29d build/release/out/c/main.o
 .debug_macro   0x000000000000d2a0       0x10 build/release/out/c/main.o
 .debug_macro   0x000000000000d2b0       0x52 build/release/out/c/main.o
 .debug_macro   0x000000000000d302       0x16 build/release/out/c/main.o
 .debug_macro   0x000000000000d318       0x43 build/release/out/c/main.o
 .debug_macro   0x000000000000d35b      0x180 build/release/out/c/main.o
 .debug_macro   0x000000000000d4db       0x10 build/release/out/c/main.o
 .debug_macro   0x000000000000d4eb       0x22 build/release/out/c/main.o
 .debug_macro   0x000000000000d50d       0xbe build/release/out/c/main.o
 .debug_macro   0x000000000000d5cb       0x16 build/release/out/c/main.o
 .debug_macro   0x000000000000d5e1      0x197 build/release/out/c/main.o
 .debug_macro   0x000000000000d778       0x16 build/release/out/c/main.o
 .debug_macro   0x000000000000d78e       0x16 build/release/out/c/main.o
 .debug_macro   0x000000000000d7a4       0x29 build/release/out/c/main.o
 .debug_macro   0x000000000000d7cd       0x51 build/release/out/c/main.o
 .debug_macro   0x000000000000d81e       0x3f build/release/out/c/main.o
 .debug_macro   0x000000000000d85d      0x3df build/release/out/c/main.o
 .debug_macro   0x000000000000dc3c       0x11 build/release/out/c/main.o
 .debug_macro   0x000000000000dc4d       0x16 build/release/out/c/main.o
 .debug_macro   0x000000000000dc63       0x2e build/release/out/c/main.o
 .debug_macro   0x000000000000dc91       0x19 build/release/out/c/main.o
 .debug_macro   0x000000000000dcaa       0x18 build/release/out/c/main.o
 .debug_macro   0x000000000000dcc2       0xb2 build/release/out/c/main.o
 .debug_macro   0x000000000000dd74       0x10 build/release/out/c/main.o
 .debug_macro   0x000000000000dd84       0x16 build/release/out/c/main.o
 .debug_macro   0x000000000000dd9a       0x16 build/release/out/c/main.o
 .debug_macro   0x000000000000ddb0       0x19 build/release/out/c/main.o
 .debug_macro   0x000000000000ddc9       0x1c build/release/out/c/main.o
 .debug_macro   0x000000000000dde5       0x16 build/release/out/c/main.o
 .debug_macro   0x000000000000ddfb       0x18 build/release/out/c/main.o
 .debug_macro   0x000000000000de13      0x2c6 build/release/out/c/main.o
 .debug_macro   0x000000000000e0d9       0x50 build/release/out/c/main.o
 .debug_macro   0x000000000000e129       0x11 build/release/out/c/main.o
 .debug_macro   0x000000000000e13a      0x21a build/release/out/c/main.o
 .debug_macro   0x000000000000e354       0x58 build/release/out/c/main.o
 .debug_macro   0x000000000000e3ac       0x9a build/release/out/c/main.o
 .debug_macro   0x000000000000e446       0x11 build/release/out/c/main.o
 .debug_macro   0x000000000000e457       0x6c build/release/out/c/main.o
 .debug_macro   0x000000000000e4c3      0x1e1 build/release/out/c/main.o
 .debug_macro   0x000000000000e6a4       0x10 build/release/out/c/main.o
 .debug_macro   0x000000000000e6b4       0xfa build/release/out/c/main.o
 .debug_macro   0x000000000000e7ae       0x76 build/release/out/c/main.o
 .debug_macro   0x000000000000e824      0x442 build/release/out/c/port.o
 .debug_macro   0x000000000000ec66       0x12 build/release/out/c/port.o
 .debug_macro   0x000000000000ec78      0x497 build/release/out/c/tc_interrupt.o
 .debug_macro   0x000000000000f10f       0x19 build/release/out/c/tc_interrupt.o
 .debug_macro   0x000000000000f128       0x51 build/release/out/c/tc_interrupt.o
 .debug_macro   0x000000000000f179      0x4b2 build/release/out/c/tc.o
 .debug_macro   0x000000000000f62b      0x43c build/release/out/c/bod.o
 .debug_macro   0x000000000000fa67      0x44d build/release/out/c/extint_callback.o
 .debug_macro   0x000000000000feb4       0x12 build/release/out/c/extint_callback.o
 .debug_macro   0x000000000000fec6      0x4a8 build/release/out/c/extint.o
 .debug_macro   0x000000000001036e       0x16 build/release/out/c/extint.o
 .debug_macro   0x0000000000010384      0x46c build/release/out/c/system.o
 .debug_macro   0x00000000000107f0      0x43a build/release/out/c/pinmux.o
 .debug_macro   0x0000000000010c2a      0x53d build/release/out/c/clock.o
 .debug_macro   0x0000000000011167      0x45f build/release/out/c/gclk.o
 .debug_macro   0x00000000000115c6      0x4ba build/release/out/c/nvm.o
 .debug_macro   0x0000000000011a80      0x47b build/release/out/c/rtc_calendar.o
 .debug_macro   0x0000000000011efb      0x485 build/release/out/c/rtc_calendar_interrupt.o
 .debug_macro   0x0000000000012380      0x4a0 build/release/out/c/wdt_callback.o
 .debug_macro   0x0000000000012820      0x4ae build/release/out/c/adc.o
 .debug_macro   0x0000000000012cce      0x4ab build/release/out/c/adc_callback.o
 .debug_macro   0x0000000000013179      0x4b6 build/release/out/c/sercom.o
 .debug_macro   0x000000000001362f      0x4b3 build/release/out/c/sercom_interrupt.o
 .debug_macro   0x0000000000013ae2      0x4c7 build/release/out/c/usart.o
 .debug_macro   0x0000000000013fa9       0x19 build/release/out/c/usart.o
 .debug_macro   0x0000000000013fc2      0x4c7 build/release/out/c/usart_interrupt.o
 .debug_macro   0x0000000000014489      0x4f0 build/release/out/c/spi.o
 .debug_macro   0x0000000000014979      0x4fa build/release/out/c/spi_interrupt.o
 .debug_macro   0x0000000000014e73      0x27c build/release/out/c/startup_samd20.o
 .debug_macro   0x00000000000150ef      0x464 build/release/out/c/eeprom.o
 .debug_macro   0x0000000000015553       0x4a build/release/out/c/eeprom.o
 .debug_macro   0x000000000001559d      0x68d build/release/out/c/init.o
 .debug_macro   0x0000000000015c2a      0x464 build/release/out/c/systick_counter.o
 .debug_macro   0x000000000001608e       0x16 build/release/out/c/systick_counter.o
 .debug_macro   0x00000000000160a4      0x428 build/release/out/c/interrupt_sam_nvic.o
 .debug_macro   0x00000000000164cc      0x694 build/release/out/c/adc_driver.o

.debug_line     0x0000000000000000    0x11e4c
 .debug_line    0x0000000000000000     0x11ce build/release/out/c/main.o
 .debug_line    0x00000000000011ce      0x6d8 build/release/out/c/port.o
 .debug_line    0x00000000000018a6      0x896 build/release/out/c/tc_interrupt.o
 .debug_line    0x000000000000213c      0xb76 build/release/out/c/tc.o
 .debug_line    0x0000000000002cb2      0x6c8 build/release/out/c/bod.o
 .debug_line    0x000000000000337a      0x7a1 build/release/out/c/extint_callback.o
 .debug_line    0x0000000000003b1b      0x9dc build/release/out/c/extint.o
 .debug_line    0x00000000000044f7      0x7b8 build/release/out/c/system.o
 .debug_line    0x0000000000004caf      0x701 build/release/out/c/pinmux.o
 .debug_line    0x00000000000053b0      0x9d6 build/release/out/c/clock.o
 .debug_line    0x0000000000005d86      0xa3c build/release/out/c/gclk.o
 .debug_line    0x00000000000067c2      0xb71 build/release/out/c/nvm.o
 .debug_line    0x0000000000007333      0x9c9 build/release/out/c/rtc_calendar.o
 .debug_line    0x0000000000007cfc      0x878 build/release/out/c/rtc_calendar_interrupt.o
 .debug_line    0x0000000000008574      0x8e2 build/release/out/c/wdt_callback.o
 .debug_line    0x0000000000008e56      0xaee build/release/out/c/adc.o
 .debug_line    0x0000000000009944      0x9b6 build/release/out/c/adc_callback.o
 .debug_line    0x000000000000a2fa      0x97a build/release/out/c/sercom.o
 .debug_line    0x000000000000ac74      0x935 build/release/out/c/sercom_interrupt.o
 .debug_line    0x000000000000b5a9      0xa96 build/release/out/c/usart.o
 .debug_line    0x000000000000c03f      0xa3a build/release/out/c/usart_interrupt.o
 .debug_line    0x000000000000ca79     0x10e8 build/release/out/c/spi.o
 .debug_line    0x000000000000db61      0xa83 build/release/out/c/spi_interrupt.o
 .debug_line    0x000000000000e5e4      0x4b3 build/release/out/c/startup_samd20.o
 .debug_line    0x000000000000ea97      0x98b build/release/out/c/eeprom.o
 .debug_line    0x000000000000f422      0xd9b build/release/out/c/init.o
 .debug_line    0x00000000000101bd      0x793 build/release/out/c/systick_counter.o
 .debug_line    0x0000000000010950      0x6b2 build/release/out/c/interrupt_sam_nvic.o
 .debug_line    0x0000000000011002      0xe4a build/release/out/c/adc_driver.o

.debug_str      0x0000000000000000    0x63674
 .debug_str     0x0000000000000000    0x5d582 build/release/out/c/main.o
                                      0x5ddc1 (size before relaxing)
 .debug_str     0x000000000005d582       0x7f build/release/out/c/port.o
                                      0x56cad (size before relaxing)
 .debug_str     0x000000000005d601       0xfe build/release/out/c/tc_interrupt.o
                                      0x5763c (size before relaxing)
 .debug_str     0x000000000005d6ff      0x509 build/release/out/c/tc.o
                                      0x57e55 (size before relaxing)
 .debug_str     0x000000000005dc08       0x41 build/release/out/c/bod.o
                                      0x570a4 (size before relaxing)
 .debug_str     0x000000000005dc49      0x488 build/release/out/c/extint_callback.o
                                      0x570e4 (size before relaxing)
 .debug_str     0x000000000005e0d1      0x2ed build/release/out/c/extint.o
                                      0x57fcf (size before relaxing)
 .debug_str     0x000000000005e3be       0x44 build/release/out/c/system.o
                                      0x5697f (size before relaxing)
 .debug_str     0x000000000005e402      0x12d build/release/out/c/pinmux.o
                                      0x56cda (size before relaxing)
 .debug_str     0x000000000005e52f     0x18fd build/release/out/c/clock.o
                                      0x59a8e (size before relaxing)
 .debug_str     0x000000000005fe2c      0x2c3 build/release/out/c/gclk.o
                                      0x574cd (size before relaxing)
 .debug_str     0x00000000000600ef      0xb48 build/release/out/c/nvm.o
                                      0x57fca (size before relaxing)
 .debug_str     0x0000000000060c37      0x1e5 build/release/out/c/rtc_calendar.o
                                      0x58d03 (size before relaxing)
 .debug_str     0x0000000000060e1c       0xf2 build/release/out/c/rtc_calendar_interrupt.o
                                      0x58094 (size before relaxing)
 .debug_str     0x0000000000060f0e      0x18f build/release/out/c/wdt_callback.o
                                      0x57487 (size before relaxing)
 .debug_str     0x000000000006109d      0xf14 build/release/out/c/adc.o
                                      0x586b1 (size before relaxing)
 .debug_str     0x0000000000061fb1      0x170 build/release/out/c/adc_callback.o
                                      0x575d9 (size before relaxing)
 .debug_str     0x0000000000062121      0x37f build/release/out/c/sercom.o
                                      0x57dd8 (size before relaxing)
 .debug_str     0x00000000000624a0      0x198 build/release/out/c/sercom_interrupt.o
                                      0x57c27 (size before relaxing)
 .debug_str     0x0000000000062638      0x140 build/release/out/c/usart.o
                                      0x586f1 (size before relaxing)
 .debug_str     0x0000000000062778      0x168 build/release/out/c/usart_interrupt.o
                                      0x57c7c (size before relaxing)
 .debug_str     0x00000000000628e0      0x1d9 build/release/out/c/spi.o
                                      0x58f6d (size before relaxing)
 .debug_str     0x0000000000062ab9      0x156 build/release/out/c/spi_interrupt.o
                                      0x57f9b (size before relaxing)
 .debug_str     0x0000000000062c0f      0x367 build/release/out/c/startup_samd20.o
                                      0x42b73 (size before relaxing)
 .debug_str     0x0000000000062f76      0x4ee build/release/out/c/eeprom.o
                                      0x57682 (size before relaxing)
 .debug_str     0x0000000000063464       0x3b build/release/out/c/init.o
                                      0x592eb (size before relaxing)
 .debug_str     0x000000000006349f       0x97 build/release/out/c/systick_counter.o
                                      0x56ac1 (size before relaxing)
 .debug_str     0x0000000000063536       0x7e build/release/out/c/interrupt_sam_nvic.o
                                      0x568e3 (size before relaxing)
 .debug_str     0x00000000000635b4       0xc0 build/release/out/c/adc_driver.o
                                      0x5af31 (size before relaxing)

.debug_frame    0x0000000000000000     0x163c
 .debug_frame   0x0000000000000000      0x238 build/release/out/c/main.o
 .debug_frame   0x0000000000000238       0x44 build/release/out/c/port.o
 .debug_frame   0x000000000000027c      0x10c build/release/out/c/tc_interrupt.o
 .debug_frame   0x0000000000000388       0xd8 build/release/out/c/tc.o
 .debug_frame   0x0000000000000460       0x28 build/release/out/c/bod.o
 .debug_frame   0x0000000000000488       0x7c build/release/out/c/extint_callback.o
 .debug_frame   0x0000000000000504       0xb8 build/release/out/c/extint.o
 .debug_frame   0x00000000000005bc       0x38 build/release/out/c/system.o
 .debug_frame   0x00000000000005f4       0x74 build/release/out/c/pinmux.o
 .debug_frame   0x0000000000000668      0x13c build/release/out/c/clock.o
 .debug_frame   0x00000000000007a4      0x148 build/release/out/c/gclk.o
 .debug_frame   0x00000000000008ec      0x12c build/release/out/c/nvm.o
 .debug_frame   0x0000000000000a18      0x138 build/release/out/c/rtc_calendar.o
 .debug_frame   0x0000000000000b50       0x78 build/release/out/c/rtc_calendar_interrupt.o
 .debug_frame   0x0000000000000bc8       0x68 build/release/out/c/wdt_callback.o
 .debug_frame   0x0000000000000c30       0x98 build/release/out/c/adc.o
 .debug_frame   0x0000000000000cc8       0x84 build/release/out/c/adc_callback.o
 .debug_frame   0x0000000000000d4c       0xbc build/release/out/c/sercom.o
 .debug_frame   0x0000000000000e08       0xec build/release/out/c/sercom_interrupt.o
 .debug_frame   0x0000000000000ef4       0xbc build/release/out/c/usart.o
 .debug_frame   0x0000000000000fb0      0x110 build/release/out/c/usart_interrupt.o
 .debug_frame   0x00000000000010c0      0x120 build/release/out/c/spi.o
 .debug_frame   0x00000000000011e0       0xa8 build/release/out/c/spi_interrupt.o
 .debug_frame   0x0000000000001288       0x38 build/release/out/c/startup_samd20.o
 .debug_frame   0x00000000000012c0      0x1b8 build/release/out/c/eeprom.o
 .debug_frame   0x0000000000001478       0x20 build/release/out/c/init.o
 .debug_frame   0x0000000000001498       0x60 build/release/out/c/systick_counter.o
 .debug_frame   0x00000000000014f8       0x30 build/release/out/c/interrupt_sam_nvic.o
 .debug_frame   0x0000000000001528       0x6c build/release/out/c/adc_driver.o
 .debug_frame   0x0000000000001594       0x20 /usr/bin/../lib/gcc/arm-none-eabi/4.9.3/armv6-m/libgcc.a(_udivsi3.o)
 .debug_frame   0x00000000000015b4       0x34 /usr/bin/../lib/gcc/arm-none-eabi/4.9.3/armv6-m/libgcc.a(_muldi3.o)
 .debug_frame   0x00000000000015e8       0x2c /usr/bin/../lib/gcc/arm-none-eabi/4.9.3/../../../../arm-none-eabi/lib/armv6-m/libc_nano.a(lib_a-init.o)
 .debug_frame   0x0000000000001614       0x28 /usr/bin/../lib/gcc/arm-none-eabi/4.9.3/../../../../arm-none-eabi/lib/armv6-m/libc_nano.a(lib_a-memcpy.o)

Cross Reference Table

Symbol                                            File
AC_Handler                                        build/release/out/c/startup_samd20.o
ADCCreate                                         build/release/out/c/adc_driver.o
                                                  build/release/out/c/main.o
ADCGetSample                                      build/release/out/c/adc_driver.o
ADC_Handler                                       build/release/out/c/adc_callback.o
CompassGetData                                    build/release/out/c/compass.o
CompassGetXData                                   build/release/out/c/compass.o
CompassGetYData                                   build/release/out/c/compass.o
CompassGetZData                                   build/release/out/c/compass.o
CompassInit                                       build/release/out/c/compass.o
DAC_Handler                                       build/release/out/c/startup_samd20.o
Dummy_Handler                                     build/release/out/c/startup_samd20.o
EIC_Handler                                       build/release/out/c/extint_callback.o
EVSYS_Handler                                     build/release/out/c/startup_samd20.o
HardFault_Handler                                 build/release/out/c/startup_samd20.o
LCDClear                                          build/release/out/c/lcd.o
LCDCommand                                        build/release/out/c/lcd.o
LCDDisplay                                        build/release/out/c/lcd.o
LCDHome                                           build/release/out/c/lcd.o
LCDInit                                           build/release/out/c/lcd.o
LCDPulseEnable                                    build/release/out/c/lcd.o
LCDReset                                          build/release/out/c/lcd.o
LCDSend                                           build/release/out/c/lcd.o
LCDSetBacklight                                   build/release/out/c/lcd.o
LCDSetBacklightPin                                build/release/out/c/lcd.o
LCDSetCursor                                      build/release/out/c/lcd.o
LCDWrite                                          build/release/out/c/lcd.o
LCDWrite4bits                                     build/release/out/c/lcd.o
LCDprintf                                         build/release/out/c/lcd.o
NMI_Handler                                       build/release/out/c/startup_samd20.o
NVMCTRL_Handler                                   build/release/out/c/startup_samd20.o
PM_Handler                                        build/release/out/c/startup_samd20.o
PTC_Handler                                       build/release/out/c/startup_samd20.o
PendSV_Handler                                    build/release/out/c/startup_samd20.o
RTC_Handler                                       build/release/out/c/rtc_calendar_interrupt.o
Reset_Handler                                     build/release/out/c/startup_samd20.o
SERCOM0_Handler                                   build/release/out/c/sercom_interrupt.o
SERCOM1_Handler                                   build/release/out/c/sercom_interrupt.o
SERCOM2_Handler                                   build/release/out/c/sercom_interrupt.o
SERCOM3_Handler                                   build/release/out/c/sercom_interrupt.o
SERCOM4_Handler                                   build/release/out/c/sercom_interrupt.o
SERCOM5_Handler                                   build/release/out/c/sercom_interrupt.o
SVC_Handler                                       build/release/out/c/startup_samd20.o
SYSCTRL_Handler                                   build/release/out/c/main.o
SysTick_Handler                                   build/release/out/c/startup_samd20.o
SystemCoreClock                                   build/release/out/c/system_samd20.o
SystemCoreClockUpdate                             build/release/out/c/system_samd20.o
SystemInit                                        build/release/out/c/system_samd20.o
TC0_Handler                                       build/release/out/c/tc_interrupt.o
TC1_Handler                                       build/release/out/c/tc_interrupt.o
TC2_Handler                                       build/release/out/c/tc_interrupt.o
TC3_Handler                                       build/release/out/c/tc_interrupt.o
TC4_Handler                                       build/release/out/c/tc_interrupt.o
TC5_Handler                                       build/release/out/c/tc_interrupt.o
TC6_Handler                                       build/release/out/c/tc_interrupt.o
TC7_Handler                                       build/release/out/c/tc_interrupt.o
WDT_Handler                                       build/release/out/c/wdt_callback.o
Xaxis                                             build/release/out/c/compass.o
Yaxis                                             build/release/out/c/compass.o
Zaxis                                             build/release/out/c/compass.o
_Addr                                             build/release/out/c/lcd.o
_En                                               build/release/out/c/lcd.o
_Jv_RegisterClasses                               /usr/bin/../lib/gcc/arm-none-eabi/4.9.3/armv6-m/crtbegin.o
_Rs                                               build/release/out/c/lcd.o
_Rw                                               build/release/out/c/lcd.o
__aeabi_idiv                                      /usr/bin/../lib/gcc/arm-none-eabi/4.9.3/armv6-m/libgcc.a(_divsi3.o)
                                                  /usr/bin/../lib/gcc/arm-none-eabi/4.9.3/../../../../arm-none-eabi/lib/armv6-m/libc_nano.a(lib_a-fvwrite.o)
__aeabi_idiv0                                     /usr/bin/../lib/gcc/arm-none-eabi/4.9.3/armv6-m/libgcc.a(_dvmd_tls.o)
                                                  /usr/bin/../lib/gcc/arm-none-eabi/4.9.3/armv6-m/libgcc.a(_divsi3.o)
                                                  /usr/bin/../lib/gcc/arm-none-eabi/4.9.3/armv6-m/libgcc.a(_udivsi3.o)
__aeabi_idivmod                                   /usr/bin/../lib/gcc/arm-none-eabi/4.9.3/armv6-m/libgcc.a(_divsi3.o)
__aeabi_ldiv0                                     /usr/bin/../lib/gcc/arm-none-eabi/4.9.3/armv6-m/libgcc.a(_dvmd_tls.o)
__aeabi_lmul                                      /usr/bin/../lib/gcc/arm-none-eabi/4.9.3/armv6-m/libgcc.a(_muldi3.o)
                                                  build/release/out/c/sercom.o
__aeabi_uidiv                                     /usr/bin/../lib/gcc/arm-none-eabi/4.9.3/armv6-m/libgcc.a(_udivsi3.o)
                                                  /usr/bin/../lib/gcc/arm-none-eabi/4.9.3/../../../../arm-none-eabi/lib/armv6-m/libc_nano.a(lib_a-nano-vfprintf_i.o)
                                                  build/release/out/c/systick_counter.o
                                                  build/release/out/c/sd_mmc_spi.o
                                                  build/release/out/c/sd_mmc.o
                                                  build/release/out/c/eeprom.o
                                                  build/release/out/c/i2c_master.o
                                                  build/release/out/c/nvm.o
                                                  build/release/out/c/gclk.o
__aeabi_uidivmod                                  /usr/bin/../lib/gcc/arm-none-eabi/4.9.3/armv6-m/libgcc.a(_udivsi3.o)
                                                  /usr/bin/../lib/gcc/arm-none-eabi/4.9.3/../../../../arm-none-eabi/lib/armv6-m/libc_nano.a(lib_a-nano-vfprintf_i.o)
                                                  build/release/out/c/circular_buffer.o
                                                  build/release/out/c/sd_mmc_spi.o
                                                  build/release/out/c/eeprom.o
                                                  build/release/out/c/rtc_calendar.o
                                                  build/release/out/c/nvm.o
                                                  build/release/out/c/main.o
__bss_end__                                       /usr/bin/../lib/gcc/arm-none-eabi/4.9.3/../../../../arm-none-eabi/lib/armv6-m/crt0.o
__bss_start__                                     /usr/bin/../lib/gcc/arm-none-eabi/4.9.3/../../../../arm-none-eabi/lib/armv6-m/crt0.o
__call_exitprocs                                  /usr/bin/../lib/gcc/arm-none-eabi/4.9.3/../../../../arm-none-eabi/lib/armv6-m/libc_nano.a(lib_a-exit.o)
__deregister_frame_info                           /usr/bin/../lib/gcc/arm-none-eabi/4.9.3/armv6-m/crtbegin.o
__divsi3                                          /usr/bin/../lib/gcc/arm-none-eabi/4.9.3/armv6-m/libgcc.a(_divsi3.o)
__dso_handle                                      /usr/bin/../lib/gcc/arm-none-eabi/4.9.3/armv6-m/crtbegin.o
__fp_lock_all                                     /usr/bin/../lib/gcc/arm-none-eabi/4.9.3/../../../../arm-none-eabi/lib/armv6-m/libc_nano.a(lib_a-findfp.o)
__fp_unlock_all                                   /usr/bin/../lib/gcc/arm-none-eabi/4.9.3/../../../../arm-none-eabi/lib/armv6-m/libc_nano.a(lib_a-findfp.o)
__init_array_end                                  /usr/bin/../lib/gcc/arm-none-eabi/4.9.3/../../../../arm-none-eabi/lib/armv6-m/libc_nano.a(lib_a-init.o)
__init_array_start                                /usr/bin/../lib/gcc/arm-none-eabi/4.9.3/../../../../arm-none-eabi/lib/armv6-m/libc_nano.a(lib_a-init.o)
__libc_fini_array                                 /usr/bin/../lib/gcc/arm-none-eabi/4.9.3/../../../../arm-none-eabi/lib/armv6-m/crt0.o
__libc_init_array                                 /usr/bin/../lib/gcc/arm-none-eabi/4.9.3/../../../../arm-none-eabi/lib/armv6-m/libc_nano.a(lib_a-init.o)
                                                  build/release/out/c/startup_samd20.o
                                                  /usr/bin/../lib/gcc/arm-none-eabi/4.9.3/../../../../arm-none-eabi/lib/armv6-m/crt0.o
__malloc_free_list                                /usr/bin/../lib/gcc/arm-none-eabi/4.9.3/../../../../arm-none-eabi/lib/armv6-m/libc_nano.a(lib_a-nano-mallocr.o)
                                                  /usr/bin/../lib/gcc/arm-none-eabi/4.9.3/../../../../arm-none-eabi/lib/armv6-m/libc_nano.a(lib_a-nano-freer.o)
__malloc_sbrk_start                               /usr/bin/../lib/gcc/arm-none-eabi/4.9.3/../../../../arm-none-eabi/lib/armv6-m/libc_nano.a(lib_a-nano-mallocr.o)
__muldi3                                          /usr/bin/../lib/gcc/arm-none-eabi/4.9.3/armv6-m/libgcc.a(_muldi3.o)
__preinit_array_end                               /usr/bin/../lib/gcc/arm-none-eabi/4.9.3/../../../../arm-none-eabi/lib/armv6-m/libc_nano.a(lib_a-init.o)
__preinit_array_start                             /usr/bin/../lib/gcc/arm-none-eabi/4.9.3/../../../../arm-none-eabi/lib/armv6-m/libc_nano.a(lib_a-init.o)
__register_frame_info                             /usr/bin/../lib/gcc/arm-none-eabi/4.9.3/armv6-m/crtbegin.o
__sclose                                          /usr/bin/../lib/gcc/arm-none-eabi/4.9.3/../../../../arm-none-eabi/lib/armv6-m/libc_nano.a(lib_a-stdio.o)
                                                  /usr/bin/../lib/gcc/arm-none-eabi/4.9.3/../../../../arm-none-eabi/lib/armv6-m/libc_nano.a(lib_a-findfp.o)
__seofread                                        /usr/bin/../lib/gcc/arm-none-eabi/4.9.3/../../../../arm-none-eabi/lib/armv6-m/libc_nano.a(lib_a-stdio.o)
__sf_fake_stderr                                  /usr/bin/../lib/gcc/arm-none-eabi/4.9.3/../../../../arm-none-eabi/lib/armv6-m/libc_nano.a(lib_a-findfp.o)
                                                  /usr/bin/../lib/gcc/arm-none-eabi/4.9.3/../../../../arm-none-eabi/lib/armv6-m/libc_nano.a(lib_a-fflush.o)
                                                  /usr/bin/../lib/gcc/arm-none-eabi/4.9.3/../../../../arm-none-eabi/lib/armv6-m/libc_nano.a(lib_a-wsetup.o)
                                                  /usr/bin/../lib/gcc/arm-none-eabi/4.9.3/../../../../arm-none-eabi/lib/armv6-m/libc_nano.a(lib_a-wbuf.o)
                                                  /usr/bin/../lib/gcc/arm-none-eabi/4.9.3/../../../../arm-none-eabi/lib/armv6-m/libc_nano.a(lib_a-nano-vfprintf.o)
                                                  /usr/bin/../lib/gcc/arm-none-eabi/4.9.3/../../../../arm-none-eabi/lib/armv6-m/libc_nano.a(lib_a-impure.o)
__sf_fake_stdin                                   /usr/bin/../lib/gcc/arm-none-eabi/4.9.3/../../../../arm-none-eabi/lib/armv6-m/libc_nano.a(lib_a-findfp.o)
                                                  /usr/bin/../lib/gcc/arm-none-eabi/4.9.3/../../../../arm-none-eabi/lib/armv6-m/libc_nano.a(lib_a-fflush.o)
                                                  /usr/bin/../lib/gcc/arm-none-eabi/4.9.3/../../../../arm-none-eabi/lib/armv6-m/libc_nano.a(lib_a-wsetup.o)
                                                  /usr/bin/../lib/gcc/arm-none-eabi/4.9.3/../../../../arm-none-eabi/lib/armv6-m/libc_nano.a(lib_a-wbuf.o)
                                                  /usr/bin/../lib/gcc/arm-none-eabi/4.9.3/../../../../arm-none-eabi/lib/armv6-m/libc_nano.a(lib_a-nano-vfprintf.o)
                                                  /usr/bin/../lib/gcc/arm-none-eabi/4.9.3/../../../../arm-none-eabi/lib/armv6-m/libc_nano.a(lib_a-impure.o)
__sf_fake_stdout                                  /usr/bin/../lib/gcc/arm-none-eabi/4.9.3/../../../../arm-none-eabi/lib/armv6-m/libc_nano.a(lib_a-findfp.o)
                                                  /usr/bin/../lib/gcc/arm-none-eabi/4.9.3/../../../../arm-none-eabi/lib/armv6-m/libc_nano.a(lib_a-fflush.o)
                                                  /usr/bin/../lib/gcc/arm-none-eabi/4.9.3/../../../../arm-none-eabi/lib/armv6-m/libc_nano.a(lib_a-wsetup.o)
                                                  /usr/bin/../lib/gcc/arm-none-eabi/4.9.3/../../../../arm-none-eabi/lib/armv6-m/libc_nano.a(lib_a-wbuf.o)
                                                  /usr/bin/../lib/gcc/arm-none-eabi/4.9.3/../../../../arm-none-eabi/lib/armv6-m/libc_nano.a(lib_a-nano-vfprintf.o)
                                                  /usr/bin/../lib/gcc/arm-none-eabi/4.9.3/../../../../arm-none-eabi/lib/armv6-m/libc_nano.a(lib_a-impure.o)
__sflush_r                                        /usr/bin/../lib/gcc/arm-none-eabi/4.9.3/../../../../arm-none-eabi/lib/armv6-m/libc_nano.a(lib_a-fflush.o)
__sfmoreglue                                      /usr/bin/../lib/gcc/arm-none-eabi/4.9.3/../../../../arm-none-eabi/lib/armv6-m/libc_nano.a(lib_a-findfp.o)
__sfp                                             /usr/bin/../lib/gcc/arm-none-eabi/4.9.3/../../../../arm-none-eabi/lib/armv6-m/libc_nano.a(lib_a-findfp.o)
__sfp_lock_acquire                                /usr/bin/../lib/gcc/arm-none-eabi/4.9.3/../../../../arm-none-eabi/lib/armv6-m/libc_nano.a(lib_a-findfp.o)
__sfp_lock_release                                /usr/bin/../lib/gcc/arm-none-eabi/4.9.3/../../../../arm-none-eabi/lib/armv6-m/libc_nano.a(lib_a-findfp.o)
__sfputs_r                                        /usr/bin/../lib/gcc/arm-none-eabi/4.9.3/../../../../arm-none-eabi/lib/armv6-m/libc_nano.a(lib_a-nano-vfprintf.o)
__sfvwrite_r                                      /usr/bin/../lib/gcc/arm-none-eabi/4.9.3/../../../../arm-none-eabi/lib/armv6-m/libc_nano.a(lib_a-fvwrite.o)
                                                  /usr/bin/../lib/gcc/arm-none-eabi/4.9.3/../../../../arm-none-eabi/lib/armv6-m/libc_nano.a(lib_a-nano-vfprintf.o)
__sinit                                           /usr/bin/../lib/gcc/arm-none-eabi/4.9.3/../../../../arm-none-eabi/lib/armv6-m/libc_nano.a(lib_a-findfp.o)
                                                  /usr/bin/../lib/gcc/arm-none-eabi/4.9.3/../../../../arm-none-eabi/lib/armv6-m/libc_nano.a(lib_a-fflush.o)
                                                  /usr/bin/../lib/gcc/arm-none-eabi/4.9.3/../../../../arm-none-eabi/lib/armv6-m/libc_nano.a(lib_a-wsetup.o)
                                                  /usr/bin/../lib/gcc/arm-none-eabi/4.9.3/../../../../arm-none-eabi/lib/armv6-m/libc_nano.a(lib_a-wbuf.o)
                                                  /usr/bin/../lib/gcc/arm-none-eabi/4.9.3/../../../../arm-none-eabi/lib/armv6-m/libc_nano.a(lib_a-nano-vfprintf.o)
                                                  /usr/bin/../lib/gcc/arm-none-eabi/4.9.3/../../../../arm-none-eabi/lib/armv6-m/libc_nano.a(lib_a-printf.o)
__sinit_lock_acquire                              /usr/bin/../lib/gcc/arm-none-eabi/4.9.3/../../../../arm-none-eabi/lib/armv6-m/libc_nano.a(lib_a-findfp.o)
__sinit_lock_release                              /usr/bin/../lib/gcc/arm-none-eabi/4.9.3/../../../../arm-none-eabi/lib/armv6-m/libc_nano.a(lib_a-findfp.o)
__smakebuf_r                                      /usr/bin/../lib/gcc/arm-none-eabi/4.9.3/../../../../arm-none-eabi/lib/armv6-m/libc_nano.a(lib_a-makebuf.o)
                                                  /usr/bin/../lib/gcc/arm-none-eabi/4.9.3/../../../../arm-none-eabi/lib/armv6-m/libc_nano.a(lib_a-wsetup.o)
__sprint_r                                        /usr/bin/../lib/gcc/arm-none-eabi/4.9.3/../../../../arm-none-eabi/lib/armv6-m/libc_nano.a(lib_a-nano-vfprintf.o)
__sread                                           /usr/bin/../lib/gcc/arm-none-eabi/4.9.3/../../../../arm-none-eabi/lib/armv6-m/libc_nano.a(lib_a-stdio.o)
                                                  /usr/bin/../lib/gcc/arm-none-eabi/4.9.3/../../../../arm-none-eabi/lib/armv6-m/libc_nano.a(lib_a-findfp.o)
__sseek                                           /usr/bin/../lib/gcc/arm-none-eabi/4.9.3/../../../../arm-none-eabi/lib/armv6-m/libc_nano.a(lib_a-stdio.o)
                                                  /usr/bin/../lib/gcc/arm-none-eabi/4.9.3/../../../../arm-none-eabi/lib/armv6-m/libc_nano.a(lib_a-findfp.o)
__ssprint_r                                       /usr/bin/../lib/gcc/arm-none-eabi/4.9.3/../../../../arm-none-eabi/lib/armv6-m/libc_nano.a(lib_a-nano-svfprintf.o)
__ssputs_r                                        /usr/bin/../lib/gcc/arm-none-eabi/4.9.3/../../../../arm-none-eabi/lib/armv6-m/libc_nano.a(lib_a-nano-svfprintf.o)
__stack                                           /usr/bin/../lib/gcc/arm-none-eabi/4.9.3/../../../../arm-none-eabi/lib/armv6-m/crt0.o
__swbuf                                           /usr/bin/../lib/gcc/arm-none-eabi/4.9.3/../../../../arm-none-eabi/lib/armv6-m/libc_nano.a(lib_a-wbuf.o)
__swbuf_r                                         /usr/bin/../lib/gcc/arm-none-eabi/4.9.3/../../../../arm-none-eabi/lib/armv6-m/libc_nano.a(lib_a-wbuf.o)
                                                  /usr/bin/../lib/gcc/arm-none-eabi/4.9.3/../../../../arm-none-eabi/lib/armv6-m/libc_nano.a(lib_a-nano-vfprintf.o)
__swrite                                          /usr/bin/../lib/gcc/arm-none-eabi/4.9.3/../../../../arm-none-eabi/lib/armv6-m/libc_nano.a(lib_a-stdio.o)
                                                  /usr/bin/../lib/gcc/arm-none-eabi/4.9.3/../../../../arm-none-eabi/lib/armv6-m/libc_nano.a(lib_a-findfp.o)
__swsetup_r                                       /usr/bin/../lib/gcc/arm-none-eabi/4.9.3/../../../../arm-none-eabi/lib/armv6-m/libc_nano.a(lib_a-wsetup.o)
                                                  /usr/bin/../lib/gcc/arm-none-eabi/4.9.3/../../../../arm-none-eabi/lib/armv6-m/libc_nano.a(lib_a-fvwrite.o)
                                                  /usr/bin/../lib/gcc/arm-none-eabi/4.9.3/../../../../arm-none-eabi/lib/armv6-m/libc_nano.a(lib_a-wbuf.o)
                                                  /usr/bin/../lib/gcc/arm-none-eabi/4.9.3/../../../../arm-none-eabi/lib/armv6-m/libc_nano.a(lib_a-nano-vfprintf.o)
__udivsi3                                         /usr/bin/../lib/gcc/arm-none-eabi/4.9.3/armv6-m/libgcc.a(_udivsi3.o)
_adc_instances                                    build/release/out/c/adc_callback.o
                                                  build/release/out/c/adc.o
_backlightPinMask                                 build/release/out/c/lcd.o
_backlightStsMask                                 build/release/out/c/lcd.o
_cleanup                                          /usr/bin/../lib/gcc/arm-none-eabi/4.9.3/../../../../arm-none-eabi/lib/armv6-m/libc_nano.a(lib_a-findfp.o)