Archive member included because of file (symbol)

/usr/bin/../lib/gcc/arm-none-eabi/4.9.3/armv6-m/libgcc.a(_udivsi3.o)
                              build/release/out/c/gclk.o (__aeabi_uidiv)
/usr/bin/../lib/gcc/arm-none-eabi/4.9.3/armv6-m/libgcc.a(_dvmd_tls.o)
                              /usr/bin/../lib/gcc/arm-none-eabi/4.9.3/armv6-m/libgcc.a(_udivsi3.o) (__aeabi_idiv0)
/usr/bin/../lib/gcc/arm-none-eabi/4.9.3/armv6-m/libgcc.a(_muldi3.o)
                              build/release/out/c/sercom.o (__aeabi_lmul)
/usr/bin/../lib/gcc/arm-none-eabi/4.9.3/../../../../arm-none-eabi/lib/armv6-m/libc_nano.a(lib_a-exit.o)
                              /usr/bin/../lib/gcc/arm-none-eabi/4.9.3/../../../../arm-none-eabi/lib/armv6-m/crt0.o (exit)
/usr/bin/../lib/gcc/arm-none-eabi/4.9.3/../../../../arm-none-eabi/lib/armv6-m/libc_nano.a(lib_a-impure.o)
                              /usr/bin/../lib/gcc/arm-none-eabi/4.9.3/../../../../arm-none-eabi/lib/armv6-m/libc_nano.a(lib_a-exit.o) (_global_impure_ptr)
/usr/bin/../lib/gcc/arm-none-eabi/4.9.3/../../../../arm-none-eabi/lib/armv6-m/libc_nano.a(lib_a-init.o)
                              /usr/bin/../lib/gcc/arm-none-eabi/4.9.3/../../../../arm-none-eabi/lib/armv6-m/crt0.o (__libc_init_array)
/usr/bin/../lib/gcc/arm-none-eabi/4.9.3/../../../../arm-none-eabi/lib/armv6-m/libc_nano.a(lib_a-memcpy.o)
                              build/release/out/c/main.o (memcpy)
/usr/bin/../lib/gcc/arm-none-eabi/4.9.3/../../../../arm-none-eabi/lib/armv6-m/libc_nano.a(lib_a-memset.o)
                              /usr/bin/../lib/gcc/arm-none-eabi/4.9.3/../../../../arm-none-eabi/lib/armv6-m/crt0.o (memset)
/usr/bin/../lib/gcc/arm-none-eabi/4.9.3/../../../../arm-none-eabi/lib/armv6-m/libc_nano.a(lib_a-printf.o)
                              build/release/out/c/main.o (printf)
/usr/bin/../lib/gcc/arm-none-eabi/4.9.3/../../../../arm-none-eabi/lib/armv6-m/libc_nano.a(lib_a-vsprintf.o)
                              build/release/out/c/lcd.o (vsprintf)
/usr/bin/../lib/gcc/arm-none-eabi/4.9.3/../../../../arm-none-eabi/lib/armv6-m/libc_nano.a(lib_a-findfp.o)
                              /usr/bin/../lib/gcc/arm-none-eabi/4.9.3/../../../../arm-none-eabi/lib/armv6-m/libc_nano.a(lib_a-printf.o) (__sinit)
/usr/bin/../lib/gcc/arm-none-eabi/4.9.3/../../../../arm-none-eabi/lib/armv6-m/libc_nano.a(lib_a-fwalk.o)
                              /usr/bin/../lib/gcc/arm-none-eabi/4.9.3/../../../../arm-none-eabi/lib/armv6-m/libc_nano.a(lib_a-findfp.o) (_fwalk)
/usr/bin/../lib/gcc/arm-none-eabi/4.9.3/../../../../arm-none-eabi/lib/armv6-m/libc_nano.a(lib_a-nano-mallocr.o)
                              /usr/bin/../lib/gcc/arm-none-eabi/4.9.3/../../../../arm-none-eabi/lib/armv6-m/libc_nano.a(lib_a-findfp.o) (_malloc_r)
/usr/bin/../lib/gcc/arm-none-eabi/4.9.3/../../../../arm-none-eabi/lib/armv6-m/libc_nano.a(lib_a-nano-svfprintf.o)
                              /usr/bin/../lib/gcc/arm-none-eabi/4.9.3/../../../../arm-none-eabi/lib/armv6-m/libc_nano.a(lib_a-vsprintf.o) (_svfprintf_r)
/usr/bin/../lib/gcc/arm-none-eabi/4.9.3/../../../../arm-none-eabi/lib/armv6-m/libc_nano.a(lib_a-nano-vfprintf.o)
                              /usr/bin/../lib/gcc/arm-none-eabi/4.9.3/../../../../arm-none-eabi/lib/armv6-m/libc_nano.a(lib_a-printf.o) (_vfprintf_r)
/usr/bin/../lib/gcc/arm-none-eabi/4.9.3/../../../../arm-none-eabi/lib/armv6-m/libc_nano.a(lib_a-nano-vfprintf_i.o)
                              /usr/bin/../lib/gcc/arm-none-eabi/4.9.3/../../../../arm-none-eabi/lib/armv6-m/libc_nano.a(lib_a-nano-svfprintf.o) (_printf_i)
/usr/bin/../lib/gcc/arm-none-eabi/4.9.3/../../../../arm-none-eabi/lib/armv6-m/libc_nano.a(lib_a-sbrkr.o)
                              /usr/bin/../lib/gcc/arm-none-eabi/4.9.3/../../../../arm-none-eabi/lib/armv6-m/libc_nano.a(lib_a-nano-mallocr.o) (_sbrk_r)
/usr/bin/../lib/gcc/arm-none-eabi/4.9.3/../../../../arm-none-eabi/lib/armv6-m/libc_nano.a(lib_a-stdio.o)
                              /usr/bin/../lib/gcc/arm-none-eabi/4.9.3/../../../../arm-none-eabi/lib/armv6-m/libc_nano.a(lib_a-findfp.o) (__sread)
/usr/bin/../lib/gcc/arm-none-eabi/4.9.3/../../../../arm-none-eabi/lib/armv6-m/libc_nano.a(lib_a-wbuf.o)
                              /usr/bin/../lib/gcc/arm-none-eabi/4.9.3/../../../../arm-none-eabi/lib/armv6-m/libc_nano.a(lib_a-nano-vfprintf.o) (__swbuf_r)
/usr/bin/../lib/gcc/arm-none-eabi/4.9.3/../../../../arm-none-eabi/lib/armv6-m/libc_nano.a(lib_a-writer.o)
                              /usr/bin/../lib/gcc/arm-none-eabi/4.9.3/../../../../arm-none-eabi/lib/armv6-m/libc_nano.a(lib_a-stdio.o) (_write_r)
/usr/bin/../lib/gcc/arm-none-eabi/4.9.3/../../../../arm-none-eabi/lib/armv6-m/libc_nano.a(lib_a-wsetup.o)
                              /usr/bin/../lib/gcc/arm-none-eabi/4.9.3/../../../../arm-none-eabi/lib/armv6-m/libc_nano.a(lib_a-nano-vfprintf.o) (__swsetup_r)
/usr/bin/../lib/gcc/arm-none-eabi/4.9.3/../../../../arm-none-eabi/lib/armv6-m/libc_nano.a(lib_a-closer.o)
[...]
Memory Configuration

Name             Origin             Length             Attributes
rom              0x0000000000000000 0x0000000000040000 xr
ram              0x0000000020000000 0x0000000000008000 xrw
*default*        0x0000000000000000 0xffffffffffffffff

Linker script and memory map

LOAD /usr/bin/../lib/gcc/arm-none-eabi/4.9.3/armv6-m/crti.o
LOAD /usr/bin/../lib/gcc/arm-none-eabi/4.9.3/armv6-m/crtbegin.o
LOAD /usr/bin/../lib/gcc/arm-none-eabi/4.9.3/../../../../arm-none-eabi/lib/armv6-m/crt0.o
LOAD build/release/out/c/main.o
LOAD build/release/out/c/port.o
LOAD build/release/out/c/tc_interrupt.o
LOAD build/release/out/c/tc.o
LOAD build/release/out/c/bod.o
LOAD build/release/out/c/extint_callback.o
LOAD build/release/out/c/extint.o
LOAD build/release/out/c/system.o
LOAD build/release/out/c/pinmux.o
LOAD build/release/out/c/clock.o
LOAD build/release/out/c/gclk.o
LOAD build/release/out/c/system_interrupt.o
LOAD build/release/out/c/nvm.o
LOAD build/release/out/c/rtc_calendar.o
LOAD build/release/out/c/rtc_calendar_interrupt.o
LOAD build/release/out/c/wdt.o
LOAD build/release/out/c/wdt_callback.o
LOAD build/release/out/c/adc.o
LOAD build/release/out/c/adc_callback.o
LOAD build/release/out/c/sercom.o
LOAD build/release/out/c/sercom_interrupt.o
LOAD build/release/out/c/i2c_master.o
LOAD build/release/out/c/i2c_master_interrupt.o
LOAD build/release/out/c/i2c_slave.o
LOAD build/release/out/c/i2c_slave_interrupt.o
LOAD build/release/out/c/usart.o
LOAD build/release/out/c/usart_interrupt.o
LOAD build/release/out/c/spi.o
LOAD build/release/out/c/spi_interrupt.o
LOAD build/release/out/c/read.o
LOAD build/release/out/c/write.o
LOAD build/release/out/c/syscalls.o
LOAD build/release/out/c/system_samd20.o
LOAD build/release/out/c/startup_samd20.o
LOAD build/release/out/c/eeprom.o
LOAD build/release/out/c/init.o
LOAD build/release/out/c/sd_mmc.o
LOAD build/release/out/c/sd_mmc_spi.o
LOAD build/release/out/c/at25dfx.o
LOAD build/release/out/c/systick_counter.o
LOAD build/release/out/c/interrupt_sam_nvic.o
LOAD build/release/out/c/circular_buffer.o
LOAD build/release/out/c/usart_driver.o
LOAD build/release/out/c/lcd.o
LOAD build/release/out/c/compass.o
LOAD build/release/out/c/BM62_driver.o
LOAD build/release/out/c/adc_driver.o
START GROUP
LOAD src/ASF/thirdparty/CMSIS/Lib/GCC/libarm_cortexM0l_math.a
LOAD /usr/bin/../lib/gcc/arm-none-eabi/4.9.3/../../../../arm-none-eabi/lib/armv6-m/libm.a
END GROUP
START GROUP
LOAD /usr/bin/../lib/gcc/arm-none-eabi/4.9.3/armv6-m/libgcc.a
LOAD /usr/bin/../lib/gcc/arm-none-eabi/4.9.3/../../../../arm-none-eabi/lib/armv6-m/libc_nano.a
END GROUP
START GROUP
LOAD /usr/bin/../lib/gcc/arm-none-eabi/4.9.3/armv6-m/libgcc.a
LOAD /usr/bin/../lib/gcc/arm-none-eabi/4.9.3/../../../../arm-none-eabi/lib/armv6-m/libc_nano.a
END GROUP
LOAD /usr/bin/../lib/gcc/arm-none-eabi/4.9.3/armv6-m/crtend.o
LOAD /usr/bin/../lib/gcc/arm-none-eabi/4.9.3/armv6-m/crtn.o
                0x0000000000002000                STACK_SIZE = DEFINED (STACK_SIZE)?STACK_SIZE:DEFINED (__stack_size__)?__stack_size__:0x2000

.text           0x0000000000000000     0x3084
                0x0000000000000000                . = ALIGN (0x4)
                0x0000000000000000                _sfixed = .
 *(.vectors .vectors.*)
 .vectors       0x0000000000000000       0xa4 build/release/out/c/startup_samd20.o
                0x0000000000000000                exception_table
 *(.text .text.* .gnu.linkonce.t.*)
 .text          0x00000000000000a4       0x60 /usr/bin/../lib/gcc/arm-none-eabi/4.9.3/armv6-m/crtbegin.o
 .text.callback_spi_master
                0x0000000000000104        0xc build/release/out/c/main.o
 .text.extint_detection_callback
                0x0000000000000110       0x28 build/release/out/c/main.o
                0x0000000000000110                extint_detection_callback
 .text.tc_callback_to_change_duty_cycle
                0x0000000000000138       0x20 build/release/out/c/main.o
                0x0000000000000138                tc_callback_to_change_duty_cycle
 .text.rtc_match_callback
                0x0000000000000158       0x3c build/release/out/c/main.o
                0x0000000000000158                rtc_match_callback
 .text.configure_systick
                0x0000000000000194       0x70 build/release/out/c/main.o
                0x0000000000000194                configure_systick
 .text.configure_extint_channel
                0x0000000000000204       0x34 build/release/out/c/main.o
                0x0000000000000204                configure_extint_channel
 .text.configure_spi_master
                0x0000000000000238       0xd8 build/release/out/c/main.o
                0x0000000000000238                configure_spi_master
 .text.configure_tc
                0x0000000000000310       0x68 build/release/out/c/main.o
                0x0000000000000310                configure_tc
 .text.configure_rtc_calendar
                0x0000000000000378       0x74 build/release/out/c/main.o
                0x0000000000000378                configure_rtc_calendar
 .text.configure_extint_callbacks
                0x00000000000003ec       0x24 build/release/out/c/main.o
                0x00000000000003ec                configure_extint_callbacks
 .text.configure_spi_master_callbacks
                0x0000000000000410       0x28 build/release/out/c/main.o
                0x0000000000000410                configure_spi_master_callbacks
 .text.configure_tc_callbacks
                0x0000000000000438       0x50 build/release/out/c/main.o
                0x0000000000000438                configure_tc_callbacks
 .text.configure_rtc_callbacks
                0x0000000000000488       0x28 build/release/out/c/main.o
                0x0000000000000488                configure_rtc_callbacks
 .text.main     0x00000000000004b0      0x158 build/release/out/c/main.o
                0x00000000000004b0                main
 .text.SYSCTRL_Handler
                0x0000000000000608       0x20 build/release/out/c/main.o
                0x0000000000000608                SYSCTRL_Handler
 .text.SysTick_Handler
                0x0000000000000628       0x2c build/release/out/c/main.o
                0x0000000000000628                SysTick_Handler
 .text.port_pin_set_config
                0x0000000000000654       0x24 build/release/out/c/port.o
                0x0000000000000654                port_pin_set_config
 .text.tc_register_callback
                0x0000000000000678       0x34 build/release/out/c/tc_interrupt.o
                0x0000000000000678                tc_register_callback
 .text._tc_interrupt_handler
                0x00000000000006ac       0x5c build/release/out/c/tc_interrupt.o
                0x00000000000006ac                _tc_interrupt_handler
 .text.TC0_Handler
                0x0000000000000708       0x10 build/release/out/c/tc_interrupt.o
                0x0000000000000708                TC0_Handler
 .text.TC1_Handler
                0x0000000000000718       0x10 build/release/out/c/tc_interrupt.o
                0x0000000000000718                TC1_Handler
 .text.TC2_Handler
                0x0000000000000728       0x10 build/release/out/c/tc_interrupt.o
                0x0000000000000728                TC2_Handler
 .text.TC3_Handler
                0x0000000000000738       0x10 build/release/out/c/tc_interrupt.o
                0x0000000000000738                TC3_Handler
 .text.TC4_Handler
                0x0000000000000748       0x10 build/release/out/c/tc_interrupt.o
                0x0000000000000748                TC4_Handler
 .text.TC5_Handler
                0x0000000000000758       0x10 build/release/out/c/tc_interrupt.o
                0x0000000000000758                TC5_Handler
 .text.TC6_Handler
                0x0000000000000768       0x10 build/release/out/c/tc_interrupt.o
                0x0000000000000768                TC6_Handler
 .text.TC7_Handler
                0x0000000000000778       0x10 build/release/out/c/tc_interrupt.o
                0x0000000000000778                TC7_Handler
 .text._tc_get_inst_index
                0x0000000000000788       0x40 build/release/out/c/tc.o
                0x0000000000000788                _tc_get_inst_index
 .text.tc_init  0x00000000000007c8      0x27c build/release/out/c/tc.o
                0x00000000000007c8                tc_init
 .text.tc_set_compare_value
                0x0000000000000a44       0x54 build/release/out/c/tc.o
                0x0000000000000a44                tc_set_compare_value
 .text.bod_set_config
                0x0000000000000a98       0x74 build/release/out/c/bod.o
                0x0000000000000a98                bod_set_config
 .text.extint_register_callback
                0x0000000000000b0c       0x2c build/release/out/c/extint_callback.o
                0x0000000000000b0c                extint_register_callback
 .text.extint_chan_enable_callback
                0x0000000000000b38       0x20 build/release/out/c/extint_callback.o
                0x0000000000000b38                extint_chan_enable_callback
 .text.EIC_Handler
                0x0000000000000b58       0x68 build/release/out/c/extint_callback.o
                0x0000000000000b58                EIC_Handler
 .text._extint_enable
                0x0000000000000bc0       0x18 build/release/out/c/extint.o
 .text._system_extint_init
                0x0000000000000bd8       0x6c build/release/out/c/extint.o
                0x0000000000000bd8                _system_extint_init
 .text.extint_chan_get_config_defaults
                0x0000000000000c44       0x14 build/release/out/c/extint.o
                0x0000000000000c44                extint_chan_get_config_defaults
 .text.extint_chan_set_config
                0x0000000000000c58       0x78 build/release/out/c/extint.o
                0x0000000000000c58                extint_chan_set_config
 .text._system_dummy_init
                0x0000000000000cd0        0x4 build/release/out/c/system.o
                0x0000000000000cd0                _system_divas_init
                0x0000000000000cd0                _system_events_init
                0x0000000000000cd0                _system_dummy_init
 .text.system_init
                0x0000000000000cd4       0x2c build/release/out/c/system.o
                0x0000000000000cd4                system_init
 .text._system_pinmux_config
                0x0000000000000d00       0xa8 build/release/out/c/pinmux.o
 .text.system_pinmux_pin_set_config
                0x0000000000000da8       0x30 build/release/out/c/pinmux.o
                0x0000000000000da8                system_pinmux_pin_set_config
 .text.system_clock_source_get_hz
                0x0000000000000dd8       0x80 build/release/out/c/clock.o
                0x0000000000000dd8                system_clock_source_get_hz
 .text.system_clock_source_osc8m_set_config
                0x0000000000000e58       0x3c build/release/out/c/clock.o
                0x0000000000000e58                system_clock_source_osc8m_set_config
 .text.system_clock_source_enable
                0x0000000000000e94       0x90 build/release/out/c/clock.o
                0x0000000000000e94                system_clock_source_enable
 .text.system_clock_init
                0x0000000000000f24       0xb4 build/release/out/c/clock.o
                0x0000000000000f24                system_clock_init
 .text.system_gclk_init
                0x0000000000000fd8       0x24 build/release/out/c/gclk.o
                0x0000000000000fd8                system_gclk_init
 .text.system_gclk_gen_set_config
                0x0000000000000ffc       0xb8 build/release/out/c/gclk.o
                0x0000000000000ffc                system_gclk_gen_set_config
 .text.system_gclk_gen_enable
                0x00000000000010b4       0x44 build/release/out/c/gclk.o
                0x00000000000010b4                system_gclk_gen_enable
 .text.system_gclk_gen_get_hz
                0x00000000000010f8       0x8c build/release/out/c/gclk.o
                0x00000000000010f8                system_gclk_gen_get_hz
 .text.system_gclk_chan_enable
                0x0000000000001184       0x30 build/release/out/c/gclk.o
                0x0000000000001184                system_gclk_chan_enable
 .text.system_gclk_chan_disable
                0x00000000000011b4       0x5c build/release/out/c/gclk.o
                0x00000000000011b4                system_gclk_chan_disable
 .text.system_gclk_chan_set_config
                0x0000000000001210       0x1c build/release/out/c/gclk.o
                0x0000000000001210                system_gclk_chan_set_config
 .text.system_gclk_chan_get_hz
                0x000000000000122c       0x34 build/release/out/c/gclk.o
                0x000000000000122c                system_gclk_chan_get_hz
 .text.nvm_execute_command
                0x0000000000001260       0xa4 build/release/out/c/nvm.o
                0x0000000000001260                nvm_execute_command
 .text.rtc_calendar_enable
                0x0000000000001304       0x20 build/release/out/c/rtc_calendar.o
                0x0000000000001304                rtc_calendar_enable
 .text.rtc_calendar_disable
                0x0000000000001324       0x2c build/release/out/c/rtc_calendar.o
                0x0000000000001324                rtc_calendar_disable
 .text.rtc_calendar_reset
                0x0000000000001350       0x28 build/release/out/c/rtc_calendar.o
                0x0000000000001350                rtc_calendar_reset
 .text.rtc_calendar_time_to_register_value
                0x0000000000001378       0x3c build/release/out/c/rtc_calendar.o
                0x0000000000001378                rtc_calendar_time_to_register_value
 .text.rtc_calendar_set_time
                0x00000000000013b4       0x18 build/release/out/c/rtc_calendar.o
                0x00000000000013b4                rtc_calendar_set_time
 .text.rtc_calendar_set_alarm
                0x00000000000013cc       0x30 build/release/out/c/rtc_calendar.o
                0x00000000000013cc                rtc_calendar_set_alarm
 .text.rtc_calendar_init
                0x00000000000013fc       0x94 build/release/out/c/rtc_calendar.o
                0x00000000000013fc                rtc_calendar_init
 .text.rtc_calendar_register_callback
                0x0000000000001490       0x20 build/release/out/c/rtc_calendar_interrupt.o
                0x0000000000001490                rtc_calendar_register_callback
 .text.rtc_calendar_enable_callback
                0x00000000000014b0       0x28 build/release/out/c/rtc_calendar_interrupt.o
                0x00000000000014b0                rtc_calendar_enable_callback
 .text.RTC_Handler
                0x00000000000014d8       0x3c build/release/out/c/rtc_calendar_interrupt.o
                0x00000000000014d8                RTC_Handler
 .text.WDT_Handler
                0x0000000000001514       0x1c build/release/out/c/wdt_callback.o
                0x0000000000001514                WDT_Handler
 .text.adc_get_config_defaults
                0x0000000000001530       0x48 build/release/out/c/adc.o
                0x0000000000001530                adc_get_config_defaults
 .text.adc_init
                0x0000000000001578      0x47c build/release/out/c/adc.o
                0x0000000000001578                adc_init
 .text.ADC_Handler
                0x00000000000019f4       0xbc build/release/out/c/adc_callback.o
                0x00000000000019f4                ADC_Handler
 .text.adc_register_callback
                0x0000000000001ab0       0x14 build/release/out/c/adc_callback.o
                0x0000000000001ab0                adc_register_callback
 .text.long_division
                0x0000000000001ac4       0xb0 build/release/out/c/sercom.o
 .text._sercom_get_sync_baud_val
                0x0000000000001b74       0x28 build/release/out/c/sercom.o
                0x0000000000001b74                _sercom_get_sync_baud_val
 .text._sercom_get_async_baud_val
                0x0000000000001b9c       0x94 build/release/out/c/sercom.o
                0x0000000000001b9c                _sercom_get_async_baud_val
 .text.sercom_set_gclk_generator
                0x0000000000001c30       0x4c build/release/out/c/sercom.o
                0x0000000000001c30                sercom_set_gclk_generator
 .text._sercom_get_default_pad
                0x0000000000001c7c      0x188 build/release/out/c/sercom.o
                0x0000000000001c7c                _sercom_get_default_pad
 .text._sercom_get_sercom_inst_index
                0x0000000000001e04       0x3c build/release/out/c/sercom.o
                0x0000000000001e04                _sercom_get_sercom_inst_index
 .text._sercom_default_handler
                0x0000000000001e40        0x4 build/release/out/c/sercom_interrupt.o
 .text._sercom_set_handler
                0x0000000000001e44       0x3c build/release/out/c/sercom_interrupt.o
                0x0000000000001e44                _sercom_set_handler
 .text._sercom_get_interrupt_vector
                0x0000000000001e80       0x2c build/release/out/c/sercom_interrupt.o
                0x0000000000001e80                _sercom_get_interrupt_vector
 .text.SERCOM0_Handler
                0x0000000000001eac       0x10 build/release/out/c/sercom_interrupt.o
                0x0000000000001eac                SERCOM0_Handler
 .text.SERCOM1_Handler
                0x0000000000001ebc       0x10 build/release/out/c/sercom_interrupt.o
                0x0000000000001ebc                SERCOM1_Handler
 .text.SERCOM2_Handler
                0x0000000000001ecc       0x10 build/release/out/c/sercom_interrupt.o
                0x0000000000001ecc                SERCOM2_Handler
 .text.SERCOM3_Handler
                0x0000000000001edc       0x10 build/release/out/c/sercom_interrupt.o
                0x0000000000001edc                SERCOM3_Handler
 .text.SERCOM4_Handler
                0x0000000000001eec       0x10 build/release/out/c/sercom_interrupt.o
                0x0000000000001eec                SERCOM4_Handler
 .text.SERCOM5_Handler
                0x0000000000001efc       0x10 build/release/out/c/sercom_interrupt.o
                0x0000000000001efc                SERCOM5_Handler
 .text.usart_init
                0x0000000000001f0c      0x260 build/release/out/c/usart.o
                0x0000000000001f0c                usart_init
 .text._usart_write_buffer
                0x000000000000216c       0x3c build/release/out/c/usart_interrupt.o
                0x000000000000216c                _usart_write_buffer
 .text._usart_read_buffer
                0x00000000000021a8       0x3c build/release/out/c/usart_interrupt.o
                0x00000000000021a8                _usart_read_buffer
 .text.usart_register_callback
                0x00000000000021e4       0x18 build/release/out/c/usart_interrupt.o
                0x00000000000021e4                usart_register_callback
 .text.usart_read_job
                0x00000000000021fc       0x10 build/release/out/c/usart_interrupt.o
                0x00000000000021fc                usart_read_job
 .text.usart_write_buffer_job
                0x000000000000220c       0x20 build/release/out/c/usart_interrupt.o
                0x000000000000220c                usart_write_buffer_job
 .text._usart_interrupt_handler
                0x000000000000222c      0x124 build/release/out/c/usart_interrupt.o
                0x000000000000222c                _usart_interrupt_handler
 .text.spi_init
                0x0000000000002350      0x1f0 build/release/out/c/spi.o
                0x0000000000002350                spi_init
 .text.spi_register_callback
                0x0000000000002540       0x18 build/release/out/c/spi_interrupt.o
                0x0000000000002540                spi_register_callback
 .text._spi_interrupt_handler
                0x0000000000002558      0x1cc build/release/out/c/spi_interrupt.o
                0x0000000000002558                _spi_interrupt_handler
 .text.Dummy_Handler
                0x0000000000002724        0x4 build/release/out/c/startup_samd20.o
                0x0000000000002724                HardFault_Handler
                0x0000000000002724                AC_Handler
                0x0000000000002724                PendSV_Handler
                0x0000000000002724                NMI_Handler
                0x0000000000002724                Dummy_Handler
                0x0000000000002724                PM_Handler
                0x0000000000002724                SVC_Handler
                0x0000000000002724                EVSYS_Handler
                0x0000000000002724                NVMCTRL_Handler
                0x0000000000002724                DAC_Handler
                0x0000000000002724                PTC_Handler
 .text.Reset_Handler
                0x0000000000002728       0xa8 build/release/out/c/startup_samd20.o
                0x0000000000002728                Reset_Handler
 .text._eeprom_emulator_nvm_commit_cache
                0x00000000000027d0       0x20 build/release/out/c/eeprom.o
 .text.eeprom_emulator_commit_page_buffer
                0x00000000000027f0       0x2c build/release/out/c/eeprom.o
                0x00000000000027f0                eeprom_emulator_commit_page_buffer
 .text.system_board_init
                0x000000000000281c        0x4 build/release/out/c/init.o
                0x000000000000281c                system_board_init
                0x000000000000281c                board_init
 .text.delay_init
                0x0000000000002820       0x3c build/release/out/c/systick_counter.o
                0x0000000000002820                delay_init
 .text.delay_cycles_ms
                0x000000000000285c       0x2c build/release/out/c/systick_counter.o
                0x000000000000285c                delay_cycles_ms
 .text.cpu_irq_enter_critical
                0x0000000000002888       0x40 build/release/out/c/interrupt_sam_nvic.o
                0x0000000000002888                cpu_irq_enter_critical
 .text.cpu_irq_leave_critical
                0x00000000000028c8       0x30 build/release/out/c/interrupt_sam_nvic.o
                0x00000000000028c8                cpu_irq_leave_critical
 .text.usart_read_callback
                0x00000000000028f8        0xc build/release/out/c/usart_driver.o
                0x00000000000028f8                usart_read_callback
 .text.usart_write_callback
                0x0000000000002904        0x4 build/release/out/c/usart_driver.o
                0x0000000000002904                usart_write_callback
 .text.configure_usart
                0x0000000000002908       0xa4 build/release/out/c/usart_driver.o
                0x0000000000002908                configure_usart
 .text.configure_usart_callbacks
                0x00000000000029ac       0x34 build/release/out/c/usart_driver.o
                0x00000000000029ac                configure_usart_callbacks
 .text.read_usart_data
                0x00000000000029e0      0x100 build/release/out/c/usart_driver.o
                0x00000000000029e0                read_usart_data
 .text.write_usart_data
                0x0000000000002ae0       0x1c build/release/out/c/usart_driver.o
                0x0000000000002ae0                write_usart_data
 .text.adc_complete_callback
                0x0000000000002afc        0xc build/release/out/c/adc_driver.o
                0x0000000000002afc                adc_complete_callback
 .text.configure_adc_callbacks
                0x0000000000002b08       0x24 build/release/out/c/adc_driver.o
                0x0000000000002b08                configure_adc_callbacks
 .text.ADCCreate
                0x0000000000002b2c       0x7c build/release/out/c/adc_driver.o
                0x0000000000002b2c                ADCCreate
 .text          0x0000000000002ba8      0x120 /usr/bin/../lib/gcc/arm-none-eabi/4.9.3/armv6-m/libgcc.a(_udivsi3.o)
                0x0000000000002ba8                __udivsi3
                0x0000000000002ba8                __aeabi_uidiv
                0x0000000000002cb4                __aeabi_uidivmod
 .text          0x0000000000002cc8        0x4 /usr/bin/../lib/gcc/arm-none-eabi/4.9.3/armv6-m/libgcc.a(_dvmd_tls.o)
                0x0000000000002cc8                __aeabi_ldiv0
                0x0000000000002cc8                __aeabi_idiv0
 .text          0x0000000000002ccc       0x54 /usr/bin/../lib/gcc/arm-none-eabi/4.9.3/armv6-m/libgcc.a(_muldi3.o)
                0x0000000000002ccc                __aeabi_lmul
                0x0000000000002ccc                __muldi3
 .text.__libc_init_array
                0x0000000000002d20       0x4c /usr/bin/../lib/gcc/arm-none-eabi/4.9.3/../../../../arm-none-eabi/lib/armv6-m/libc_nano.a(lib_a-init.o)
                0x0000000000002d20                __libc_init_array
 .text.memcpy   0x0000000000002d6c       0x12 /usr/bin/../lib/gcc/arm-none-eabi/4.9.3/../../../../arm-none-eabi/lib/armv6-m/libc_nano.a(lib_a-memcpy.o)
                0x0000000000002d6c                memcpy
 *(.glue_7t)
 .glue_7t       0x0000000000000000        0x0 linker stubs
 *(.glue_7)
 .glue_7        0x0000000000000000        0x0 linker stubs
 *(.rodata .rodata* .gnu.linkonce.r.*)
 *fill*         0x0000000000002d7e        0x2 
 .rodata        0x0000000000002d80        0x8 build/release/out/c/main.o
 .rodata.tc_interrupt_vectors.11560
                0x0000000000002d88        0x8 build/release/out/c/main.o
 .rodata        0x0000000000002d90       0x38 build/release/out/c/tc.o
 .rodata.system_clock_source_get_hz
                0x0000000000002dc8       0x20 build/release/out/c/clock.o
 .rodata.system_clock_source_enable
                0x0000000000002de8       0x20 build/release/out/c/clock.o
 .rodata.nvm_execute_command
                0x0000000000002e08      0x118 build/release/out/c/nvm.o
 .rodata.adc_init
                0x0000000000002f20       0xd4 build/release/out/c/adc.o
 .rodata        0x0000000000002ff4       0x50 build/release/out/c/adc.o
 .rodata        0x0000000000003044       0x18 build/release/out/c/sercom.o
 .rodata        0x000000000000305c        0x6 build/release/out/c/sercom_interrupt.o
 *(.ARM.extab* .gnu.linkonce.armextab.*)
                0x0000000000003064                . = ALIGN (0x4)
 *fill*         0x0000000000003062        0x2 
 *(.init)
 .init          0x0000000000003064        0x4 /usr/bin/../lib/gcc/arm-none-eabi/4.9.3/armv6-m/crti.o
                0x0000000000003064                _init
 .init          0x0000000000003068        0x8 /usr/bin/../lib/gcc/arm-none-eabi/4.9.3/armv6-m/crtn.o
                0x0000000000003070                . = ALIGN (0x4)
                0x0000000000003070                __preinit_array_start = .
 *(.preinit_array)
                0x0000000000003070                __preinit_array_end = .
                0x0000000000003070                . = ALIGN (0x4)
                0x0000000000003070                __init_array_start = .
 *(SORT(.init_array.*))
 *(.init_array)
 .init_array    0x0000000000003070        0x4 /usr/bin/../lib/gcc/arm-none-eabi/4.9.3/armv6-m/crtbegin.o
                0x0000000000003074                __init_array_end = .
                0x0000000000003074                . = ALIGN (0x4)
 *crtbegin.o(.ctors)
 *(EXCLUDE_FILE(*crtend.o) .ctors)
 *(SORT(.ctors.*))
 *crtend.o(.ctors)
                0x0000000000003074                . = ALIGN (0x4)
 *(.fini)
 .fini          0x0000000000003074        0x4 /usr/bin/../lib/gcc/arm-none-eabi/4.9.3/armv6-m/crti.o
                0x0000000000003074                _fini
 .fini          0x0000000000003078        0x8 /usr/bin/../lib/gcc/arm-none-eabi/4.9.3/armv6-m/crtn.o
                0x0000000000003080                . = ALIGN (0x4)
                0x0000000000003080                __fini_array_start = .
 *(.fini_array)
 .fini_array    0x0000000000003080        0x4 /usr/bin/../lib/gcc/arm-none-eabi/4.9.3/armv6-m/crtbegin.o
 *(SORT(.fini_array.*))
                0x0000000000003084                __fini_array_end = .
 *crtbegin.o(.dtors)
 *(EXCLUDE_FILE(*crtend.o) .dtors)
 *(SORT(.dtors.*))
 *crtend.o(.dtors)
                0x0000000000003084                . = ALIGN (0x4)
                0x0000000000003084                _efixed = .
                0x0000000000003084                PROVIDE (__exidx_start, .)

.vfp11_veneer   0x0000000000003084        0x0
 .vfp11_veneer  0x0000000000000000        0x0 linker stubs

.v4_bx          0x0000000000003084        0x0
 .v4_bx         0x0000000000000000        0x0 linker stubs

.iplt           0x0000000000003084        0x0
 .iplt          0x0000000000000000        0x0 /usr/bin/../lib/gcc/arm-none-eabi/4.9.3/armv6-m/crtbegin.o

.eh_frame       0x0000000000003084        0x0
 .eh_frame      0x0000000000003084        0x0 /usr/bin/../lib/gcc/arm-none-eabi/4.9.3/armv6-m/crtbegin.o

.rel.dyn        0x0000000000003084        0x0
 .rel.iplt      0x0000000000000000        0x0 /usr/bin/../lib/gcc/arm-none-eabi/4.9.3/armv6-m/crtbegin.o

.jcr            0x0000000000003084        0x0
 .jcr           0x0000000000003084        0x0 /usr/bin/../lib/gcc/arm-none-eabi/4.9.3/armv6-m/crtbegin.o

.igot.plt       0x0000000000003084        0x0
 .igot.plt      0x0000000000000000        0x0 /usr/bin/../lib/gcc/arm-none-eabi/4.9.3/armv6-m/crtbegin.o

.ARM.exidx
 *(.ARM.exidx* .gnu.linkonce.armexidx.*)
                0x0000000000003084                PROVIDE (__exidx_end, .)
                0x0000000000003084                . = ALIGN (0x4)
                0x0000000000003084                _etext = .

.relocate       0x0000000020000000       0x10 load address 0x0000000000003084
                0x0000000020000000                . = ALIGN (0x4)
                0x0000000020000000                _srelocate = .
 *(.ramfunc .ramfunc.*)
 *(.data .data.*)
 .data.SystemCoreClock
                0x0000000020000000        0x4 build/release/out/c/system_samd20.o
                0x0000000020000000                SystemCoreClock
 .data.cycles_per_us
                0x0000000020000004        0x4 build/release/out/c/systick_counter.o
 .data.cycles_per_ms
                0x0000000020000008        0x4 build/release/out/c/systick_counter.o
 .data.g_interrupt_enabled
                0x000000002000000c        0x1 build/release/out/c/interrupt_sam_nvic.o
                0x000000002000000c                g_interrupt_enabled
 .data.length_byte
                0x000000002000000d        0x1 build/release/out/c/usart_driver.o
                0x000000002000000d                length_byte
                0x0000000020000010                . = ALIGN (0x4)
 *fill*         0x000000002000000e        0x2 
                0x0000000020000010                _erelocate = .

.bss            0x0000000020000010      0x2bc load address 0x0000000000003094
                0x0000000020000010                . = ALIGN (0x4)
                0x0000000020000010                _sbss = .
                0x0000000020000010                _szero = .
 *(.bss .bss.*)
 .bss           0x0000000020000010       0x1c /usr/bin/../lib/gcc/arm-none-eabi/4.9.3/armv6-m/crtbegin.o
 .bss.sys_tick_cntr
                0x000000002000002c        0x4 build/release/out/c/main.o
 .bss.rtc_alarm_flag
                0x0000000020000030        0x1 build/release/out/c/main.o
                0x0000000020000030                rtc_alarm_flag
 .bss.transrev_complete_spi_master
                0x0000000020000031        0x1 build/release/out/c/main.o
                0x0000000020000031                transrev_complete_spi_master
 .bss.i.12334   0x0000000020000032        0x2 build/release/out/c/main.o
 .bss.button_flag
                0x0000000020000034        0x1 build/release/out/c/main.o
                0x0000000020000034                button_flag
 *fill*         0x0000000020000035        0x3 
 .bss._system_clock_inst
                0x0000000020000038       0x14 build/release/out/c/clock.o
 .bss._nvm_dev  0x000000002000004c        0x6 build/release/out/c/nvm.o
 *fill*         0x0000000020000052        0x2 
 .bss._sercom_config
                0x0000000020000054        0x2 build/release/out/c/sercom.o
 .bss._handler_table_initialized
                0x0000000020000056        0x1 build/release/out/c/sercom_interrupt.o
 *fill*         0x0000000020000057        0x1 
 .bss._sercom_interrupt_handlers
                0x0000000020000058       0x18 build/release/out/c/sercom_interrupt.o
 .bss._eeprom_instance
                0x0000000020000070       0xcc build/release/out/c/eeprom.o
 .bss.cpu_irq_critical_section_counter
                0x000000002000013c        0x4 build/release/out/c/interrupt_sam_nvic.o
 .bss.cpu_irq_prev_interrupt_state
                0x0000000020000140        0x1 build/release/out/c/interrupt_sam_nvic.o
 .bss.data_ready_flag
                0x0000000020000141        0x1 build/release/out/c/usart_driver.o
                0x0000000020000141                data_ready_flag
 .bss.serial_state
                0x0000000020000142        0x1 build/release/out/c/usart_driver.o
                0x0000000020000142                serial_state
 .bss.index_count
                0x0000000020000143        0x1 build/release/out/c/usart_driver.o
                0x0000000020000143                index_count
 .bss.data_length
                0x0000000020000144        0x2 build/release/out/c/usart_driver.o
                0x0000000020000144                data_length
 .bss.adc_read_done
                0x0000000020000146        0x1 build/release/out/c/adc_driver.o
                0x0000000020000146                adc_read_done
 *(COMMON)
 *fill*         0x0000000020000147        0x1 
 COMMON         0x0000000020000148       0xa8 build/release/out/c/main.o
                0x0000000020000148                rtc_instance
                0x000000002000015c                alarm
                0x0000000020000168                i2c_master_instance
                0x0000000020000190                rd_packet
                0x000000002000019c                spi_master_instance
                0x00000000200001d0                slave
                0x00000000200001d4                tc_instance
 COMMON         0x00000000200001f0       0x20 build/release/out/c/tc_interrupt.o
                0x00000000200001f0                _tc_instances
 COMMON         0x0000000020000210        0x1 build/release/out/c/extint_callback.o
                0x0000000020000210                _current_channel
 *fill*         0x0000000020000211        0x3 
 COMMON         0x0000000020000214       0x40 build/release/out/c/extint.o
                0x0000000020000214                _extint_dev
 COMMON         0x0000000020000254        0x4 build/release/out/c/rtc_calendar.o
                0x0000000020000254                _rtc_instance
 COMMON         0x0000000020000258        0x4 build/release/out/c/wdt_callback.o
                0x0000000020000258                wdt_early_warning_callback
 COMMON         0x000000002000025c        0x4 build/release/out/c/adc_callback.o
                0x000000002000025c                _adc_instances
 COMMON         0x0000000020000260       0x18 build/release/out/c/sercom_interrupt.o
                0x0000000020000260                _sercom_instances
 COMMON         0x0000000020000278        0x2 build/release/out/c/spi_interrupt.o
                0x0000000020000278                dummy_write
 *fill*         0x000000002000027a        0x2 
 COMMON         0x000000002000027c       0x2e build/release/out/c/usart_driver.o
                0x000000002000027c                usart_instance
                0x00000000200002a0                rx_buffer
 *fill*         0x00000000200002aa        0x2 
 COMMON         0x00000000200002ac       0x20 build/release/out/c/adc_driver.o
                0x00000000200002ac                adc_instance
                0x00000000200002cc                . = ALIGN (0x4)
                0x00000000200002cc                _ebss = .
                0x00000000200002cc                _ezero = .

.stack          0x00000000200002cc     0x2004 load address 0x0000000000003350
                0x00000000200002d0                . = ALIGN (0x8)
 *fill*         0x00000000200002cc        0x4 
                0x00000000200002d0                _sstack = .
                0x00000000200022d0                . = (. + STACK_SIZE)
 *fill*         0x00000000200002d0     0x2000 
                0x00000000200022d0                . = ALIGN (0x8)
                0x00000000200022d0                _estack = .
                0x00000000200022d0                . = ALIGN (0x4)
                0x00000000200022d0                _end = .
OUTPUT(build/release/GccGenD20.elf elf32-littlearm)

.ARM.attributes
                0x0000000000000000       0x28
 .ARM.attributes
                0x0000000000000000       0x1e /usr/bin/../lib/gcc/arm-none-eabi/4.9.3/armv6-m/crti.o
 .ARM.attributes
                0x000000000000001e       0x2c /usr/bin/../lib/gcc/arm-none-eabi/4.9.3/armv6-m/crtbegin.o
 .ARM.attributes
                0x000000000000004a       0x32 build/release/out/c/main.o
 .ARM.attributes
                0x000000000000007c       0x32 build/release/out/c/port.o
 .ARM.attributes
                0x00000000000000ae       0x32 build/release/out/c/tc_interrupt.o
 .ARM.attributes
                0x00000000000000e0       0x32 build/release/out/c/tc.o
 .ARM.attributes
                0x0000000000000112       0x32 build/release/out/c/bod.o
 .ARM.attributes
                0x0000000000000144       0x32 build/release/out/c/extint_callback.o
 .ARM.attributes
                0x0000000000000176       0x32 build/release/out/c/extint.o
 .ARM.attributes
                0x00000000000001a8       0x32 build/release/out/c/system.o
 .ARM.attributes
                0x00000000000001da       0x32 build/release/out/c/pinmux.o
 .ARM.attributes
                0x000000000000020c       0x32 build/release/out/c/clock.o
 .ARM.attributes
                0x000000000000023e       0x32 build/release/out/c/gclk.o
 .ARM.attributes
                0x0000000000000270       0x32 build/release/out/c/nvm.o
 .ARM.attributes
                0x00000000000002a2       0x32 build/release/out/c/rtc_calendar.o
 .ARM.attributes
                0x00000000000002d4       0x32 build/release/out/c/rtc_calendar_interrupt.o
 .ARM.attributes
                0x0000000000000306       0x32 build/release/out/c/wdt_callback.o
 .ARM.attributes
                0x0000000000000338       0x32 build/release/out/c/adc.o
 .ARM.attributes
                0x000000000000036a       0x32 build/release/out/c/adc_callback.o
 .ARM.attributes
                0x000000000000039c       0x32 build/release/out/c/sercom.o
 .ARM.attributes
                0x00000000000003ce       0x32 build/release/out/c/sercom_interrupt.o
 .ARM.attributes
                0x0000000000000400       0x32 build/release/out/c/usart.o
 .ARM.attributes
                0x0000000000000432       0x32 build/release/out/c/usart_interrupt.o
 .ARM.attributes
                0x0000000000000464       0x32 build/release/out/c/spi.o
 .ARM.attributes
                0x0000000000000496       0x32 build/release/out/c/spi_interrupt.o
 .ARM.attributes
                0x00000000000004c8       0x32 build/release/out/c/system_samd20.o
 .ARM.attributes
                0x00000000000004fa       0x32 build/release/out/c/startup_samd20.o
 .ARM.attributes
                0x000000000000052c       0x32 build/release/out/c/eeprom.o
 .ARM.attributes
                0x000000000000055e       0x32 build/release/out/c/init.o
 .ARM.attributes
                0x0000000000000590       0x32 build/release/out/c/systick_counter.o
 .ARM.attributes
                0x00000000000005c2       0x32 build/release/out/c/interrupt_sam_nvic.o
 .ARM.attributes
                0x00000000000005f4       0x32 build/release/out/c/usart_driver.o
 .ARM.attributes
                0x0000000000000626       0x32 build/release/out/c/adc_driver.o
 .ARM.attributes
                0x0000000000000658       0x1e /usr/bin/../lib/gcc/arm-none-eabi/4.9.3/armv6-m/libgcc.a(_udivsi3.o)
 .ARM.attributes
                0x0000000000000676       0x1e /usr/bin/../lib/gcc/arm-none-eabi/4.9.3/armv6-m/libgcc.a(_dvmd_tls.o)
 .ARM.attributes
                0x0000000000000694       0x2c /usr/bin/../lib/gcc/arm-none-eabi/4.9.3/armv6-m/libgcc.a(_muldi3.o)
 .ARM.attributes
                0x00000000000006c0       0x2c /usr/bin/../lib/gcc/arm-none-eabi/4.9.3/../../../../arm-none-eabi/lib/armv6-m/libc_nano.a(lib_a-init.o)
 .ARM.attributes
                0x00000000000006ec       0x2c /usr/bin/../lib/gcc/arm-none-eabi/4.9.3/../../../../arm-none-eabi/lib/armv6-m/libc_nano.a(lib_a-memcpy.o)
 .ARM.attributes
                0x0000000000000718       0x1e /usr/bin/../lib/gcc/arm-none-eabi/4.9.3/armv6-m/crtn.o

.comment        0x0000000000000000       0x70
 .comment       0x0000000000000000       0x70 build/release/out/c/main.o
                                         0x71 (size before relaxing)
 .comment       0x0000000000000000       0x71 build/release/out/c/port.o
 .comment       0x0000000000000000       0x71 build/release/out/c/tc_interrupt.o
 .comment       0x0000000000000000       0x71 build/release/out/c/tc.o
 .comment       0x0000000000000000       0x71 build/release/out/c/bod.o
 .comment       0x0000000000000000       0x71 build/release/out/c/extint_callback.o
 .comment       0x0000000000000000       0x71 build/release/out/c/extint.o
 .comment       0x0000000000000000       0x71 build/release/out/c/system.o
 .comment       0x0000000000000000       0x71 build/release/out/c/pinmux.o
 .comment       0x0000000000000000       0x71 build/release/out/c/clock.o
 .comment       0x0000000000000000       0x71 build/release/out/c/gclk.o
 .comment       0x0000000000000000       0x71 build/release/out/c/nvm.o
 .comment       0x0000000000000000       0x71 build/release/out/c/rtc_calendar.o
 .comment       0x0000000000000000       0x71 build/release/out/c/rtc_calendar_interrupt.o
 .comment       0x0000000000000000       0x71 build/release/out/c/wdt_callback.o
 .comment       0x0000000000000000       0x71 build/release/out/c/adc.o
 .comment       0x0000000000000000       0x71 build/release/out/c/adc_callback.o
 .comment       0x0000000000000000       0x71 build/release/out/c/sercom.o
 .comment       0x0000000000000000       0x71 build/release/out/c/sercom_interrupt.o
 .comment       0x0000000000000000       0x71 build/release/out/c/usart.o
 .comment       0x0000000000000000       0x71 build/release/out/c/usart_interrupt.o
 .comment       0x0000000000000000       0x71 build/release/out/c/spi.o
 .comment       0x0000000000000000       0x71 build/release/out/c/spi_interrupt.o
 .comment       0x0000000000000000       0x71 build/release/out/c/system_samd20.o
 .comment       0x0000000000000000       0x71 build/release/out/c/startup_samd20.o
 .comment       0x0000000000000000       0x71 build/release/out/c/eeprom.o
 .comment       0x0000000000000000       0x71 build/release/out/c/init.o
 .comment       0x0000000000000000       0x71 build/release/out/c/systick_counter.o
 .comment       0x0000000000000000       0x71 build/release/out/c/interrupt_sam_nvic.o
 .comment       0x0000000000000000       0x71 build/release/out/c/usart_driver.o
 .comment       0x0000000000000000       0x71 build/release/out/c/adc_driver.o

.debug_info     0x0000000000000000    0x338a5
 .debug_info    0x0000000000000000     0x6ca0 build/release/out/c/main.o
 .debug_info    0x0000000000006ca0      0x8f9 build/release/out/c/port.o
 .debug_info    0x0000000000007599     0x11f8 build/release/out/c/tc_interrupt.o
 .debug_info    0x0000000000008791     0x237e build/release/out/c/tc.o
 .debug_info    0x000000000000ab0f      0xf8b build/release/out/c/bod.o
 .debug_info    0x000000000000ba9a      0xf98 build/release/out/c/extint_callback.o
 .debug_info    0x000000000000ca32     0x1ef1 build/release/out/c/extint.o
 .debug_info    0x000000000000e923      0x16b build/release/out/c/system.o
 .debug_info    0x000000000000ea8e      0x9d4 build/release/out/c/pinmux.o
 .debug_info    0x000000000000f462     0x3012 build/release/out/c/clock.o
 .debug_info    0x0000000000012474     0x1350 build/release/out/c/gclk.o
 .debug_info    0x00000000000137c4     0x1aac build/release/out/c/nvm.o
 .debug_info    0x0000000000015270     0x2a8b build/release/out/c/rtc_calendar.o
 .debug_info    0x0000000000017cfb     0x1705 build/release/out/c/rtc_calendar_interrupt.o
 .debug_info    0x0000000000019400      0x91f build/release/out/c/wdt_callback.o
 .debug_info    0x0000000000019d1f     0x2e09 build/release/out/c/adc.o
 .debug_info    0x000000000001cb28     0x1213 build/release/out/c/adc_callback.o
 .debug_info    0x000000000001dd3b     0x1bba build/release/out/c/sercom.o
 .debug_info    0x000000000001f8f5     0x19d9 build/release/out/c/sercom_interrupt.o
 .debug_info    0x00000000000212ce     0x360a build/release/out/c/usart.o
 .debug_info    0x00000000000248d8     0x1dc1 build/release/out/c/usart_interrupt.o
 .debug_info    0x0000000000026699     0x53d2 build/release/out/c/spi.o
 .debug_info    0x000000000002ba6b     0x1f76 build/release/out/c/spi_interrupt.o
 .debug_info    0x000000000002d9e1       0xc0 build/release/out/c/system_samd20.o
 .debug_info    0x000000000002daa1      0x8b8 build/release/out/c/startup_samd20.o
 .debug_info    0x000000000002e359     0x15e6 build/release/out/c/eeprom.o
 .debug_info    0x000000000002f93f      0x11e build/release/out/c/init.o
 .debug_info    0x000000000002fa5d      0x24b build/release/out/c/systick_counter.o
 .debug_info    0x000000000002fca8      0x1db build/release/out/c/interrupt_sam_nvic.o
 .debug_info    0x000000000002fe83     0x2282 build/release/out/c/usart_driver.o
 .debug_info    0x0000000000032105     0x17a0 build/release/out/c/adc_driver.o

.debug_abbrev   0x0000000000000000     0x5469
 .debug_abbrev  0x0000000000000000      0x480 build/release/out/c/main.o
 .debug_abbrev  0x0000000000000480      0x1d8 build/release/out/c/port.o
 .debug_abbrev  0x0000000000000658      0x257 build/release/out/c/tc_interrupt.o
 .debug_abbrev  0x00000000000008af      0x386 build/release/out/c/tc.o
 .debug_abbrev  0x0000000000000c35      0x1ab build/release/out/c/bod.o
 .debug_abbrev  0x0000000000000de0      0x295 build/release/out/c/extint_callback.o
 .debug_abbrev  0x0000000000001075      0x3ef build/release/out/c/extint.o
 .debug_abbrev  0x0000000000001464       0xb7 build/release/out/c/system.o
 .debug_abbrev  0x000000000000151b      0x26b build/release/out/c/pinmux.o
 .debug_abbrev  0x0000000000001786      0x400 build/release/out/c/clock.o
 .debug_abbrev  0x0000000000001b86      0x30b build/release/out/c/gclk.o
 .debug_abbrev  0x0000000000001e91      0x3b3 build/release/out/c/nvm.o
 .debug_abbrev  0x0000000000002244      0x425 build/release/out/c/rtc_calendar.o
 .debug_abbrev  0x0000000000002669      0x273 build/release/out/c/rtc_calendar_interrupt.o
 .debug_abbrev  0x00000000000028dc      0x24c build/release/out/c/wdt_callback.o
 .debug_abbrev  0x0000000000002b28      0x3b8 build/release/out/c/adc.o
 .debug_abbrev  0x0000000000002ee0      0x2cb build/release/out/c/adc_callback.o
 .debug_abbrev  0x00000000000031ab      0x2b5 build/release/out/c/sercom.o
 .debug_abbrev  0x0000000000003460      0x22a build/release/out/c/sercom_interrupt.o
 .debug_abbrev  0x000000000000368a      0x3e2 build/release/out/c/usart.o
 .debug_abbrev  0x0000000000003a6c      0x343 build/release/out/c/usart_interrupt.o
 .debug_abbrev  0x0000000000003daf      0x46b build/release/out/c/spi.o
 .debug_abbrev  0x000000000000421a      0x320 build/release/out/c/spi_interrupt.o
 .debug_abbrev  0x000000000000453a       0x63 build/release/out/c/system_samd20.o
 .debug_abbrev  0x000000000000459d      0x1bf build/release/out/c/startup_samd20.o
 .debug_abbrev  0x000000000000475c      0x3e7 build/release/out/c/eeprom.o
 .debug_abbrev  0x0000000000004b43       0x91 build/release/out/c/init.o
 .debug_abbrev  0x0000000000004bd4      0x13a build/release/out/c/systick_counter.o
 .debug_abbrev  0x0000000000004d0e       0xf4 build/release/out/c/interrupt_sam_nvic.o
 .debug_abbrev  0x0000000000004e02      0x36b build/release/out/c/usart_driver.o
 .debug_abbrev  0x000000000000516d      0x2fc build/release/out/c/adc_driver.o

.debug_loc      0x0000000000000000     0xa6a6
 .debug_loc     0x0000000000000000      0x39a build/release/out/c/main.o
 .debug_loc     0x000000000000039a      0x115 build/release/out/c/port.o
 .debug_loc     0x00000000000004af       0xfd build/release/out/c/tc_interrupt.o
 .debug_loc     0x00000000000005ac      0xf16 build/release/out/c/tc.o
 .debug_loc     0x00000000000014c2       0x9e build/release/out/c/bod.o
 .debug_loc     0x0000000000001560      0x1f5 build/release/out/c/extint_callback.o
 .debug_loc     0x0000000000001755      0x346 build/release/out/c/extint.o
 .debug_loc     0x0000000000001a9b      0x2c3 build/release/out/c/pinmux.o
 .debug_loc     0x0000000000001d5e      0xd89 build/release/out/c/clock.o
 .debug_loc     0x0000000000002ae7      0x39e build/release/out/c/gclk.o
 .debug_loc     0x0000000000002e85      0xe1a build/release/out/c/nvm.o
 .debug_loc     0x0000000000003c9f      0x65c build/release/out/c/rtc_calendar.o
 .debug_loc     0x00000000000042fb      0x19f build/release/out/c/rtc_calendar_interrupt.o
 .debug_loc     0x000000000000449a       0xb2 build/release/out/c/wdt_callback.o
 .debug_loc     0x000000000000454c      0x74c build/release/out/c/adc.o
 .debug_loc     0x0000000000004c98      0x2c1 build/release/out/c/adc_callback.o
 .debug_loc     0x0000000000004f59      0x8dc build/release/out/c/sercom.o
 .debug_loc     0x0000000000005835       0x60 build/release/out/c/sercom_interrupt.o
 .debug_loc     0x0000000000005895      0xb5d build/release/out/c/usart.o
 .debug_loc     0x00000000000063f2      0x483 build/release/out/c/usart_interrupt.o
 .debug_loc     0x0000000000006875     0x2ab2 build/release/out/c/spi.o
 .debug_loc     0x0000000000009327      0x53d build/release/out/c/spi_interrupt.o
 .debug_loc     0x0000000000009864      0xc33 build/release/out/c/eeprom.o
 .debug_loc     0x000000000000a497       0x84 build/release/out/c/systick_counter.o
 .debug_loc     0x000000000000a51b       0x1e build/release/out/c/interrupt_sam_nvic.o
 .debug_loc     0x000000000000a539      0x13b build/release/out/c/usart_driver.o
 .debug_loc     0x000000000000a674       0x32 build/release/out/c/adc_driver.o

.debug_aranges  0x0000000000000000      0x978
 .debug_aranges
                0x0000000000000000       0xb8 build/release/out/c/main.o
 .debug_aranges
                0x00000000000000b8       0x28 build/release/out/c/port.o
 .debug_aranges
                0x00000000000000e0       0x70 build/release/out/c/tc_interrupt.o
 .debug_aranges
                0x0000000000000150       0x58 build/release/out/c/tc.o
 .debug_aranges
                0x00000000000001a8       0x20 build/release/out/c/bod.o
 .debug_aranges
                0x00000000000001c8       0x48 build/release/out/c/extint_callback.o
 .debug_aranges
                0x0000000000000210       0x50 build/release/out/c/extint.o
 .debug_aranges
                0x0000000000000260       0x28 build/release/out/c/system.o
 .debug_aranges
                0x0000000000000288       0x38 build/release/out/c/pinmux.o
 .debug_aranges
                0x00000000000002c0       0x70 build/release/out/c/clock.o
 .debug_aranges
                0x0000000000000330       0x80 build/release/out/c/gclk.o
 .debug_aranges
                0x00000000000003b0       0x68 build/release/out/c/nvm.o
 .debug_aranges
                0x0000000000000418       0x78 build/release/out/c/rtc_calendar.o
 .debug_aranges
                0x0000000000000490       0x40 build/release/out/c/rtc_calendar_interrupt.o
 .debug_aranges
                0x00000000000004d0       0x40 build/release/out/c/wdt_callback.o
 .debug_aranges
                0x0000000000000510       0x38 build/release/out/c/adc.o
 .debug_aranges
                0x0000000000000548       0x48 build/release/out/c/adc_callback.o
 .debug_aranges
                0x0000000000000590       0x48 build/release/out/c/sercom.o
 .debug_aranges
                0x00000000000005d8       0x60 build/release/out/c/sercom_interrupt.o
 .debug_aranges
                0x0000000000000638       0x40 build/release/out/c/usart.o
 .debug_aranges
                0x0000000000000678       0x70 build/release/out/c/usart_interrupt.o
 .debug_aranges
                0x00000000000006e8       0x58 build/release/out/c/spi.o
 .debug_aranges
                0x0000000000000740       0x50 build/release/out/c/spi_interrupt.o
 .debug_aranges
                0x0000000000000790       0x28 build/release/out/c/system_samd20.o
 .debug_aranges
                0x00000000000007b8       0x28 build/release/out/c/startup_samd20.o
 .debug_aranges
                0x00000000000007e0       0x80 build/release/out/c/eeprom.o
 .debug_aranges
                0x0000000000000860       0x20 build/release/out/c/init.o
 .debug_aranges
                0x0000000000000880       0x30 build/release/out/c/systick_counter.o
 .debug_aranges
                0x00000000000008b0       0x28 build/release/out/c/interrupt_sam_nvic.o
 .debug_aranges
                0x00000000000008d8       0x68 build/release/out/c/usart_driver.o
 .debug_aranges
                0x0000000000000940       0x38 build/release/out/c/adc_driver.o

.debug_ranges   0x0000000000000000      0xe58
 .debug_ranges  0x0000000000000000       0xa8 build/release/out/c/main.o
 .debug_ranges  0x00000000000000a8       0x18 build/release/out/c/port.o
 .debug_ranges  0x00000000000000c0       0x60 build/release/out/c/tc_interrupt.o
 .debug_ranges  0x0000000000000120       0x78 build/release/out/c/tc.o
 .debug_ranges  0x0000000000000198       0x10 build/release/out/c/bod.o
 .debug_ranges  0x00000000000001a8       0x60 build/release/out/c/extint_callback.o
 .debug_ranges  0x0000000000000208       0x40 build/release/out/c/extint.o
 .debug_ranges  0x0000000000000248       0x18 build/release/out/c/system.o
 .debug_ranges  0x0000000000000260       0x28 build/release/out/c/pinmux.o
 .debug_ranges  0x0000000000000288       0x60 build/release/out/c/clock.o
 .debug_ranges  0x00000000000002e8       0x70 build/release/out/c/gclk.o
 .debug_ranges  0x0000000000000358       0x88 build/release/out/c/nvm.o
 .debug_ranges  0x00000000000003e0       0xa0 build/release/out/c/rtc_calendar.o
 .debug_ranges  0x0000000000000480       0x30 build/release/out/c/rtc_calendar_interrupt.o
 .debug_ranges  0x00000000000004b0       0x30 build/release/out/c/wdt_callback.o
 .debug_ranges  0x00000000000004e0       0x88 build/release/out/c/adc.o
 .debug_ranges  0x0000000000000568       0x38 build/release/out/c/adc_callback.o
 .debug_ranges  0x00000000000005a0       0x38 build/release/out/c/sercom.o
 .debug_ranges  0x00000000000005d8       0x50 build/release/out/c/sercom_interrupt.o
 .debug_ranges  0x0000000000000628       0xe0 build/release/out/c/usart.o
 .debug_ranges  0x0000000000000708       0x60 build/release/out/c/usart_interrupt.o
 .debug_ranges  0x0000000000000768      0x3d8 build/release/out/c/spi.o
 .debug_ranges  0x0000000000000b40       0x70 build/release/out/c/spi_interrupt.o
 .debug_ranges  0x0000000000000bb0       0x18 build/release/out/c/system_samd20.o
 .debug_ranges  0x0000000000000bc8       0x18 build/release/out/c/startup_samd20.o
 .debug_ranges  0x0000000000000be0      0x180 build/release/out/c/eeprom.o
 .debug_ranges  0x0000000000000d60       0x10 build/release/out/c/init.o
 .debug_ranges  0x0000000000000d70       0x50 build/release/out/c/systick_counter.o
 .debug_ranges  0x0000000000000dc0       0x18 build/release/out/c/interrupt_sam_nvic.o
 .debug_ranges  0x0000000000000dd8       0x58 build/release/out/c/usart_driver.o
 .debug_ranges  0x0000000000000e30       0x28 build/release/out/c/adc_driver.o

.debug_macro    0x0000000000000000    0x174bc
 .debug_macro   0x0000000000000000      0x6fc build/release/out/c/main.o
 .debug_macro   0x00000000000006fc      0x880 build/release/out/c/main.o
 .debug_macro   0x0000000000000f7c      0x166 build/release/out/c/main.o
 .debug_macro   0x00000000000010e2      0x64b build/release/out/c/main.o
 .debug_macro   0x000000000000172d       0x22 build/release/out/c/main.o
 .debug_macro   0x000000000000174f       0x44 build/release/out/c/main.o
 .debug_macro   0x0000000000001793       0xe3 build/release/out/c/main.o
 .debug_macro   0x0000000000001876       0x22 build/release/out/c/main.o
 .debug_macro   0x0000000000001898      0x1df build/release/out/c/main.o
 .debug_macro   0x0000000000001a77       0x10 build/release/out/c/main.o
 .debug_macro   0x0000000000001a87       0x76 build/release/out/c/main.o
 .debug_macro   0x0000000000001afd       0x16 build/release/out/c/main.o
 .debug_macro   0x0000000000001b13      0x6e5 build/release/out/c/main.o
 .debug_macro   0x00000000000021f8      0xde2 build/release/out/c/main.o
 .debug_macro   0x0000000000002fda       0x22 build/release/out/c/main.o
 .debug_macro   0x0000000000002ffc       0x40 build/release/out/c/main.o
 .debug_macro   0x000000000000303c       0x3a build/release/out/c/main.o
 .debug_macro   0x0000000000003076       0x1f build/release/out/c/main.o
 .debug_macro   0x0000000000003095      0x250 build/release/out/c/main.o
 .debug_macro   0x00000000000032e5      0x682 build/release/out/c/main.o
 .debug_macro   0x0000000000003967      0x8c1 build/release/out/c/main.o
 .debug_macro   0x0000000000004228      0x229 build/release/out/c/main.o
 .debug_macro   0x0000000000004451      0x5bf build/release/out/c/main.o
 .debug_macro   0x0000000000004a10      0x9fb build/release/out/c/main.o
 .debug_macro   0x000000000000540b      0x5b8 build/release/out/c/main.o
 .debug_macro   0x00000000000059c3      0x4b6 build/release/out/c/main.o
 .debug_macro   0x0000000000005e79      0x74c build/release/out/c/main.o
 .debug_macro   0x00000000000065c5       0x5e build/release/out/c/main.o
 .debug_macro   0x0000000000006623      0x5e2 build/release/out/c/main.o
 .debug_macro   0x0000000000006c05      0x3b8 build/release/out/c/main.o
 .debug_macro   0x0000000000006fbd      0xc55 build/release/out/c/main.o
 .debug_macro   0x0000000000007c12      0xd29 build/release/out/c/main.o
 .debug_macro   0x000000000000893b      0x7b8 build/release/out/c/main.o
 .debug_macro   0x00000000000090f3      0x6c2 build/release/out/c/main.o
 .debug_macro   0x00000000000097b5      0x351 build/release/out/c/main.o
 .debug_macro   0x0000000000009b06       0x7c build/release/out/c/main.o
 .debug_macro   0x0000000000009b82       0x9a build/release/out/c/main.o
 .debug_macro   0x0000000000009c1c       0x46 build/release/out/c/main.o
 .debug_macro   0x0000000000009c62       0xb2 build/release/out/c/main.o
 .debug_macro   0x0000000000009d14       0x6a build/release/out/c/main.o
 .debug_macro   0x0000000000009d7e      0x287 build/release/out/c/main.o
 .debug_macro   0x000000000000a005       0x82 build/release/out/c/main.o
 .debug_macro   0x000000000000a087       0xb8 build/release/out/c/main.o
 .debug_macro   0x000000000000a13f       0x1c build/release/out/c/main.o
 .debug_macro   0x000000000000a15b       0x1c build/release/out/c/main.o
 .debug_macro   0x000000000000a177       0x1c build/release/out/c/main.o
 .debug_macro   0x000000000000a193       0x82 build/release/out/c/main.o
 .debug_macro   0x000000000000a215      0x164 build/release/out/c/main.o
 .debug_macro   0x000000000000a379       0xdc build/release/out/c/main.o
 .debug_macro   0x000000000000a455      0x104 build/release/out/c/main.o
 .debug_macro   0x000000000000a559      0x104 build/release/out/c/main.o
 .debug_macro   0x000000000000a65d      0x104 build/release/out/c/main.o
 .debug_macro   0x000000000000a761      0x104 build/release/out/c/main.o
 .debug_macro   0x000000000000a865      0x104 build/release/out/c/main.o
 .debug_macro   0x000000000000a969      0x104 build/release/out/c/main.o
 .debug_macro   0x000000000000aa6d       0xfa build/release/out/c/main.o
 .debug_macro   0x000000000000ab67       0xbe build/release/out/c/main.o
 .debug_macro   0x000000000000ac25       0xbe build/release/out/c/main.o
 .debug_macro   0x000000000000ace3       0xbe build/release/out/c/main.o
 .debug_macro   0x000000000000ada1       0xbe build/release/out/c/main.o
 .debug_macro   0x000000000000ae5f       0xbe build/release/out/c/main.o
 .debug_macro   0x000000000000af1d       0xbe build/release/out/c/main.o
 .debug_macro   0x000000000000afdb       0xbe build/release/out/c/main.o
 .debug_macro   0x000000000000b099       0xbe build/release/out/c/main.o
 .debug_macro   0x000000000000b157       0x40 build/release/out/c/main.o
 .debug_macro   0x000000000000b197      0x2e3 build/release/out/c/main.o
 .debug_macro   0x000000000000b47a     0x19c4 build/release/out/c/main.o
 .debug_macro   0x000000000000ce3e       0x4a build/release/out/c/main.o
 .debug_macro   0x000000000000ce88       0x58 build/release/out/c/main.o
 .debug_macro   0x000000000000cee0       0x35 build/release/out/c/main.o
 .debug_macro   0x000000000000cf15       0x9c build/release/out/c/main.o
 .debug_macro   0x000000000000cfb1       0x16 build/release/out/c/main.o
 .debug_macro   0x000000000000cfc7       0x35 build/release/out/c/main.o
 .debug_macro   0x000000000000cffc      0x29d build/release/out/c/main.o
 .debug_macro   0x000000000000d299       0x10 build/release/out/c/main.o
 .debug_macro   0x000000000000d2a9       0x52 build/release/out/c/main.o
 .debug_macro   0x000000000000d2fb       0x16 build/release/out/c/main.o
 .debug_macro   0x000000000000d311       0x43 build/release/out/c/main.o
 .debug_macro   0x000000000000d354      0x180 build/release/out/c/main.o
 .debug_macro   0x000000000000d4d4       0x10 build/release/out/c/main.o
 .debug_macro   0x000000000000d4e4       0x22 build/release/out/c/main.o
 .debug_macro   0x000000000000d506       0xbe build/release/out/c/main.o
 .debug_macro   0x000000000000d5c4       0x16 build/release/out/c/main.o
 .debug_macro   0x000000000000d5da      0x197 build/release/out/c/main.o
 .debug_macro   0x000000000000d771       0x16 build/release/out/c/main.o
 .debug_macro   0x000000000000d787       0x16 build/release/out/c/main.o
 .debug_macro   0x000000000000d79d       0x29 build/release/out/c/main.o
 .debug_macro   0x000000000000d7c6       0x51 build/release/out/c/main.o
 .debug_macro   0x000000000000d817       0x3f build/release/out/c/main.o
 .debug_macro   0x000000000000d856      0x3df build/release/out/c/main.o
 .debug_macro   0x000000000000dc35       0x11 build/release/out/c/main.o
 .debug_macro   0x000000000000dc46       0x16 build/release/out/c/main.o
 .debug_macro   0x000000000000dc5c       0x2e build/release/out/c/main.o
 .debug_macro   0x000000000000dc8a       0x19 build/release/out/c/main.o
 .debug_macro   0x000000000000dca3       0x18 build/release/out/c/main.o
 .debug_macro   0x000000000000dcbb       0xb2 build/release/out/c/main.o
 .debug_macro   0x000000000000dd6d       0x10 build/release/out/c/main.o
 .debug_macro   0x000000000000dd7d       0x16 build/release/out/c/main.o
 .debug_macro   0x000000000000dd93       0x16 build/release/out/c/main.o
 .debug_macro   0x000000000000dda9       0x19 build/release/out/c/main.o
 .debug_macro   0x000000000000ddc2       0x1c build/release/out/c/main.o
 .debug_macro   0x000000000000ddde       0x16 build/release/out/c/main.o
 .debug_macro   0x000000000000ddf4       0x18 build/release/out/c/main.o
 .debug_macro   0x000000000000de0c      0x2c6 build/release/out/c/main.o
 .debug_macro   0x000000000000e0d2       0x50 build/release/out/c/main.o
 .debug_macro   0x000000000000e122       0x11 build/release/out/c/main.o
 .debug_macro   0x000000000000e133      0x21a build/release/out/c/main.o
 .debug_macro   0x000000000000e34d       0x58 build/release/out/c/main.o
 .debug_macro   0x000000000000e3a5       0x9a build/release/out/c/main.o
 .debug_macro   0x000000000000e43f       0x11 build/release/out/c/main.o
 .debug_macro   0x000000000000e450       0x6c build/release/out/c/main.o
 .debug_macro   0x000000000000e4bc      0x1e1 build/release/out/c/main.o
 .debug_macro   0x000000000000e69d       0x10 build/release/out/c/main.o
 .debug_macro   0x000000000000e6ad       0xfa build/release/out/c/main.o
 .debug_macro   0x000000000000e7a7       0x76 build/release/out/c/main.o
 .debug_macro   0x000000000000e81d      0x442 build/release/out/c/port.o
 .debug_macro   0x000000000000ec5f       0x12 build/release/out/c/port.o
 .debug_macro   0x000000000000ec71      0x497 build/release/out/c/tc_interrupt.o
 .debug_macro   0x000000000000f108       0x19 build/release/out/c/tc_interrupt.o
 .debug_macro   0x000000000000f121       0x51 build/release/out/c/tc_interrupt.o
 .debug_macro   0x000000000000f172      0x4b2 build/release/out/c/tc.o
 .debug_macro   0x000000000000f624      0x43c build/release/out/c/bod.o
 .debug_macro   0x000000000000fa60      0x44d build/release/out/c/extint_callback.o
 .debug_macro   0x000000000000fead       0x12 build/release/out/c/extint_callback.o
 .debug_macro   0x000000000000febf      0x4a8 build/release/out/c/extint.o
 .debug_macro   0x0000000000010367       0x16 build/release/out/c/extint.o
 .debug_macro   0x000000000001037d      0x46c build/release/out/c/system.o
 .debug_macro   0x00000000000107e9      0x43a build/release/out/c/pinmux.o
 .debug_macro   0x0000000000010c23      0x53d build/release/out/c/clock.o
 .debug_macro   0x0000000000011160      0x45f build/release/out/c/gclk.o
 .debug_macro   0x00000000000115bf      0x4ba build/release/out/c/nvm.o
 .debug_macro   0x0000000000011a79      0x47b build/release/out/c/rtc_calendar.o
 .debug_macro   0x0000000000011ef4      0x485 build/release/out/c/rtc_calendar_interrupt.o
 .debug_macro   0x0000000000012379      0x4a0 build/release/out/c/wdt_callback.o
 .debug_macro   0x0000000000012819      0x4ae build/release/out/c/adc.o
 .debug_macro   0x0000000000012cc7      0x4ab build/release/out/c/adc_callback.o
 .debug_macro   0x0000000000013172      0x4b6 build/release/out/c/sercom.o
 .debug_macro   0x0000000000013628      0x4b3 build/release/out/c/sercom_interrupt.o
 .debug_macro   0x0000000000013adb      0x4c7 build/release/out/c/usart.o
 .debug_macro   0x0000000000013fa2       0x19 build/release/out/c/usart.o
 .debug_macro   0x0000000000013fbb      0x4c7 build/release/out/c/usart_interrupt.o
 .debug_macro   0x0000000000014482      0x4f0 build/release/out/c/spi.o
 .debug_macro   0x0000000000014972      0x4fa build/release/out/c/spi_interrupt.o
 .debug_macro   0x0000000000014e6c      0x282 build/release/out/c/system_samd20.o
 .debug_macro   0x00000000000150ee       0x3a build/release/out/c/system_samd20.o
 .debug_macro   0x0000000000015128      0x27c build/release/out/c/startup_samd20.o
 .debug_macro   0x00000000000153a4      0x464 build/release/out/c/eeprom.o
 .debug_macro   0x0000000000015808       0x4a build/release/out/c/eeprom.o
 .debug_macro   0x0000000000015852      0x68d build/release/out/c/init.o
 .debug_macro   0x0000000000015edf      0x464 build/release/out/c/systick_counter.o
 .debug_macro   0x0000000000016343       0x16 build/release/out/c/systick_counter.o
 .debug_macro   0x0000000000016359      0x428 build/release/out/c/interrupt_sam_nvic.o
 .debug_macro   0x0000000000016781      0x6a7 build/release/out/c/usart_driver.o
 .debug_macro   0x0000000000016e28      0x694 build/release/out/c/adc_driver.o

.debug_line     0x0000000000000000    0x13199
 .debug_line    0x0000000000000000     0x11c8 build/release/out/c/main.o
 .debug_line    0x00000000000011c8      0x6d8 build/release/out/c/port.o
 .debug_line    0x00000000000018a0      0x896 build/release/out/c/tc_interrupt.o
 .debug_line    0x0000000000002136      0xb76 build/release/out/c/tc.o
 .debug_line    0x0000000000002cac      0x6c8 build/release/out/c/bod.o
 .debug_line    0x0000000000003374      0x7a1 build/release/out/c/extint_callback.o
 .debug_line    0x0000000000003b15      0x9dc build/release/out/c/extint.o
 .debug_line    0x00000000000044f1      0x7b8 build/release/out/c/system.o
 .debug_line    0x0000000000004ca9      0x701 build/release/out/c/pinmux.o
 .debug_line    0x00000000000053aa      0x9d6 build/release/out/c/clock.o
 .debug_line    0x0000000000005d80      0xa3c build/release/out/c/gclk.o
 .debug_line    0x00000000000067bc      0xb71 build/release/out/c/nvm.o
 .debug_line    0x000000000000732d      0x9c9 build/release/out/c/rtc_calendar.o
 .debug_line    0x0000000000007cf6      0x878 build/release/out/c/rtc_calendar_interrupt.o
 .debug_line    0x000000000000856e      0x8e2 build/release/out/c/wdt_callback.o
 .debug_line    0x0000000000008e50      0xaee build/release/out/c/adc.o
 .debug_line    0x000000000000993e      0x9b6 build/release/out/c/adc_callback.o
 .debug_line    0x000000000000a2f4      0x97a build/release/out/c/sercom.o
 .debug_line    0x000000000000ac6e      0x935 build/release/out/c/sercom_interrupt.o
 .debug_line    0x000000000000b5a3      0xa96 build/release/out/c/usart.o
 .debug_line    0x000000000000c039      0xa3a build/release/out/c/usart_interrupt.o
 .debug_line    0x000000000000ca73     0x10e8 build/release/out/c/spi.o
 .debug_line    0x000000000000db5b      0xa83 build/release/out/c/spi_interrupt.o
 .debug_line    0x000000000000e5de      0x46d build/release/out/c/system_samd20.o
 .debug_line    0x000000000000ea4b      0x4b3 build/release/out/c/startup_samd20.o
 .debug_line    0x000000000000eefe      0x98b build/release/out/c/eeprom.o
 .debug_line    0x000000000000f889      0xd9b build/release/out/c/init.o
 .debug_line    0x0000000000010624      0x793 build/release/out/c/systick_counter.o
 .debug_line    0x0000000000010db7      0x6b2 build/release/out/c/interrupt_sam_nvic.o
 .debug_line    0x0000000000011469      0xee6 build/release/out/c/usart_driver.o
 .debug_line    0x000000000001234f      0xe4a build/release/out/c/adc_driver.o

.debug_str      0x0000000000000000    0x637ed
 .debug_str     0x0000000000000000    0x5d18a build/release/out/c/main.o
                                      0x5d9ae (size before relaxing)
 .debug_str     0x000000000005d18a       0x7f build/release/out/c/port.o
                                      0x56cad (size before relaxing)
 .debug_str     0x000000000005d209       0xfe build/release/out/c/tc_interrupt.o
                                      0x5763c (size before relaxing)
 .debug_str     0x000000000005d307      0x509 build/release/out/c/tc.o
                                      0x57e55 (size before relaxing)
 .debug_str     0x000000000005d810       0x41 build/release/out/c/bod.o
                                      0x570a4 (size before relaxing)
 .debug_str     0x000000000005d851      0x488 build/release/out/c/extint_callback.o
                                      0x570e4 (size before relaxing)
 .debug_str     0x000000000005dcd9      0x2ed build/release/out/c/extint.o
                                      0x57fcf (size before relaxing)
 .debug_str     0x000000000005dfc6       0x44 build/release/out/c/system.o
                                      0x5697f (size before relaxing)
 .debug_str     0x000000000005e00a      0x12d build/release/out/c/pinmux.o
                                      0x56cda (size before relaxing)
 .debug_str     0x000000000005e137     0x18f8 build/release/out/c/clock.o
                                      0x59a8e (size before relaxing)
 .debug_str     0x000000000005fa2f      0x2c3 build/release/out/c/gclk.o
                                      0x574cd (size before relaxing)
 .debug_str     0x000000000005fcf2      0xb48 build/release/out/c/nvm.o
                                      0x57fca (size before relaxing)
 .debug_str     0x000000000006083a      0x1ee build/release/out/c/rtc_calendar.o
                                      0x58d03 (size before relaxing)
 .debug_str     0x0000000000060a28       0xf2 build/release/out/c/rtc_calendar_interrupt.o
                                      0x58094 (size before relaxing)
 .debug_str     0x0000000000060b1a      0x18f build/release/out/c/wdt_callback.o
                                      0x57487 (size before relaxing)
 .debug_str     0x0000000000060ca9      0xf14 build/release/out/c/adc.o
                                      0x586b1 (size before relaxing)
 .debug_str     0x0000000000061bbd      0x170 build/release/out/c/adc_callback.o
                                      0x575d9 (size before relaxing)
 .debug_str     0x0000000000061d2d      0x37f build/release/out/c/sercom.o
                                      0x57dd8 (size before relaxing)
 .debug_str     0x00000000000620ac      0x198 build/release/out/c/sercom_interrupt.o
                                      0x57c27 (size before relaxing)
 .debug_str     0x0000000000062244      0x491 build/release/out/c/usart.o
                                      0x586f1 (size before relaxing)
 .debug_str     0x00000000000626d5      0x168 build/release/out/c/usart_interrupt.o
                                      0x57c7c (size before relaxing)
 .debug_str     0x000000000006283d      0x1d9 build/release/out/c/spi.o
                                      0x58f6d (size before relaxing)
 .debug_str     0x0000000000062a16      0x156 build/release/out/c/spi_interrupt.o
                                      0x57f9b (size before relaxing)
 .debug_str     0x0000000000062b6c       0x71 build/release/out/c/system_samd20.o
                                      0x426ce (size before relaxing)
 .debug_str     0x0000000000062bdd      0x338 build/release/out/c/startup_samd20.o
                                      0x42b73 (size before relaxing)
 .debug_str     0x0000000000062f15      0x4ee build/release/out/c/eeprom.o
                                      0x57682 (size before relaxing)
 .debug_str     0x0000000000063403       0x3b build/release/out/c/init.o
                                      0x592eb (size before relaxing)
 .debug_str     0x000000000006343e       0x8a build/release/out/c/systick_counter.o
                                      0x56ac1 (size before relaxing)
 .debug_str     0x00000000000634c8       0x7e build/release/out/c/interrupt_sam_nvic.o
                                      0x568e3 (size before relaxing)
 .debug_str     0x0000000000063546      0x1e7 build/release/out/c/usart_driver.o
                                      0x5aad5 (size before relaxing)
 .debug_str     0x000000000006372d       0xc0 build/release/out/c/adc_driver.o
                                      0x5af31 (size before relaxing)

.debug_frame    0x0000000000000000     0x1724
 .debug_frame   0x0000000000000000      0x214 build/release/out/c/main.o
 .debug_frame   0x0000000000000214       0x44 build/release/out/c/port.o
 .debug_frame   0x0000000000000258      0x10c build/release/out/c/tc_interrupt.o
 .debug_frame   0x0000000000000364       0xd8 build/release/out/c/tc.o
 .debug_frame   0x000000000000043c       0x28 build/release/out/c/bod.o
 .debug_frame   0x0000000000000464       0x7c build/release/out/c/extint_callback.o
 .debug_frame   0x00000000000004e0       0xb8 build/release/out/c/extint.o
 .debug_frame   0x0000000000000598       0x38 build/release/out/c/system.o
 .debug_frame   0x00000000000005d0       0x74 build/release/out/c/pinmux.o
 .debug_frame   0x0000000000000644      0x13c build/release/out/c/clock.o
 .debug_frame   0x0000000000000780      0x148 build/release/out/c/gclk.o
 .debug_frame   0x00000000000008c8      0x12c build/release/out/c/nvm.o
 .debug_frame   0x00000000000009f4      0x138 build/release/out/c/rtc_calendar.o
 .debug_frame   0x0000000000000b2c       0x78 build/release/out/c/rtc_calendar_interrupt.o
 .debug_frame   0x0000000000000ba4       0x68 build/release/out/c/wdt_callback.o
 .debug_frame   0x0000000000000c0c       0x98 build/release/out/c/adc.o
 .debug_frame   0x0000000000000ca4       0x84 build/release/out/c/adc_callback.o
 .debug_frame   0x0000000000000d28       0xbc build/release/out/c/sercom.o
 .debug_frame   0x0000000000000de4       0xec build/release/out/c/sercom_interrupt.o
 .debug_frame   0x0000000000000ed0       0xbc build/release/out/c/usart.o
 .debug_frame   0x0000000000000f8c      0x110 build/release/out/c/usart_interrupt.o
 .debug_frame   0x000000000000109c      0x120 build/release/out/c/spi.o
 .debug_frame   0x00000000000011bc       0xa8 build/release/out/c/spi_interrupt.o
 .debug_frame   0x0000000000001264       0x30 build/release/out/c/system_samd20.o
 .debug_frame   0x0000000000001294       0x38 build/release/out/c/startup_samd20.o
 .debug_frame   0x00000000000012cc      0x1b8 build/release/out/c/eeprom.o
 .debug_frame   0x0000000000001484       0x20 build/release/out/c/init.o
 .debug_frame   0x00000000000014a4       0x60 build/release/out/c/systick_counter.o
 .debug_frame   0x0000000000001504       0x30 build/release/out/c/interrupt_sam_nvic.o
 .debug_frame   0x0000000000001534       0xdc build/release/out/c/usart_driver.o
 .debug_frame   0x0000000000001610       0x6c build/release/out/c/adc_driver.o
 .debug_frame   0x000000000000167c       0x20 /usr/bin/../lib/gcc/arm-none-eabi/4.9.3/armv6-m/libgcc.a(_udivsi3.o)
 .debug_frame   0x000000000000169c       0x34 /usr/bin/../lib/gcc/arm-none-eabi/4.9.3/armv6-m/libgcc.a(_muldi3.o)
 .debug_frame   0x00000000000016d0       0x2c /usr/bin/../lib/gcc/arm-none-eabi/4.9.3/../../../../arm-none-eabi/lib/armv6-m/libc_nano.a(lib_a-init.o)
 .debug_frame   0x00000000000016fc       0x28 /usr/bin/../lib/gcc/arm-none-eabi/4.9.3/../../../../arm-none-eabi/lib/armv6-m/libc_nano.a(lib_a-memcpy.o)

Cross Reference Table

Symbol                                            File
AC_Handler                                        build/release/out/c/startup_samd20.o
ADCCreate                                         build/release/out/c/adc_driver.o
                                                  build/release/out/c/main.o
ADCGetSample                                      build/release/out/c/adc_driver.o
ADC_Handler                                       build/release/out/c/adc_callback.o
CompassGetData                                    build/release/out/c/compass.o
CompassGetXData                                   build/release/out/c/compass.o
CompassGetYData                                   build/release/out/c/compass.o
CompassGetZData                                   build/release/out/c/compass.o
CompassInit                                       build/release/out/c/compass.o
DAC_Handler                                       build/release/out/c/startup_samd20.o
Dummy_Handler                                     build/release/out/c/startup_samd20.o
EIC_Handler                                       build/release/out/c/extint_callback.o
EVSYS_Handler                                     build/release/out/c/startup_samd20.o
HardFault_Handler                                 build/release/out/c/startup_samd20.o
LCDClear                                          build/release/out/c/lcd.o
LCDCommand                                        build/release/out/c/lcd.o
LCDDisplay                                        build/release/out/c/lcd.o
LCDHome                                           build/release/out/c/lcd.o
LCDInit                                           build/release/out/c/lcd.o
LCDPulseEnable                                    build/release/out/c/lcd.o
LCDReset                                          build/release/out/c/lcd.o
LCDSend                                           build/release/out/c/lcd.o
LCDSetBacklight                                   build/release/out/c/lcd.o
LCDSetBacklightPin                                build/release/out/c/lcd.o
LCDSetCursor                                      build/release/out/c/lcd.o
LCDWrite                                          build/release/out/c/lcd.o
LCDWrite4bits                                     build/release/out/c/lcd.o
LCDprintf                                         build/release/out/c/lcd.o
NMI_Handler                                       build/release/out/c/startup_samd20.o
NVMCTRL_Handler                                   build/release/out/c/startup_samd20.o
PM_Handler                                        build/release/out/c/startup_samd20.o
PTC_Handler                                       build/release/out/c/startup_samd20.o
PendSV_Handler                                    build/release/out/c/startup_samd20.o
RTC_Handler                                       build/release/out/c/rtc_calendar_interrupt.o
Reset_Handler                                     build/release/out/c/startup_samd20.o
SERCOM0_Handler                                   build/release/out/c/sercom_interrupt.o
SERCOM1_Handler                                   build/release/out/c/sercom_interrupt.o
SERCOM2_Handler                                   build/release/out/c/sercom_interrupt.o
SERCOM3_Handler                                   build/release/out/c/sercom_interrupt.o
SERCOM4_Handler                                   build/release/out/c/sercom_interrupt.o
SERCOM5_Handler                                   build/release/out/c/sercom_interrupt.o
SVC_Handler                                       build/release/out/c/startup_samd20.o
SYSCTRL_Handler                                   build/release/out/c/main.o
SysTick_Handler                                   build/release/out/c/main.o
SystemCoreClock                                   build/release/out/c/system_samd20.o
                                                  build/release/out/c/main.o
SystemCoreClockUpdate                             build/release/out/c/system_samd20.o
SystemInit                                        build/release/out/c/system_samd20.o
TC0_Handler                                       build/release/out/c/tc_interrupt.o
TC1_Handler                                       build/release/out/c/tc_interrupt.o
TC2_Handler                                       build/release/out/c/tc_interrupt.o
TC3_Handler                                       build/release/out/c/tc_interrupt.o
TC4_Handler                                       build/release/out/c/tc_interrupt.o
TC5_Handler                                       build/release/out/c/tc_interrupt.o
TC6_Handler                                       build/release/out/c/tc_interrupt.o
TC7_Handler                                       build/release/out/c/tc_interrupt.o
WDT_Handler                                       build/release/out/c/wdt_callback.o
Xaxis                                             build/release/out/c/compass.o
Yaxis                                             build/release/out/c/compass.o
Zaxis                                             build/release/out/c/compass.o
_Addr                                             build/release/out/c/lcd.o
_En                                               build/release/out/c/lcd.o
_Jv_RegisterClasses                               /usr/bin/../lib/gcc/arm-none-eabi/4.9.3/armv6-m/crtbegin.o
_Rs                                               build/release/out/c/lcd.o
_Rw                                               build/release/out/c/lcd.o
__aeabi_idiv                                      /usr/bin/../lib/gcc/arm-none-eabi/4.9.3/armv6-m/libgcc.a(_divsi3.o)
                                                  /usr/bin/../lib/gcc/arm-none-eabi/4.9.3/../../../../arm-none-eabi/lib/armv6-m/libc_nano.a(lib_a-fvwrite.o)
__aeabi_idiv0                                     /usr/bin/../lib/gcc/arm-none-eabi/4.9.3/armv6-m/libgcc.a(_dvmd_tls.o)
                                                  /usr/bin/../lib/gcc/arm-none-eabi/4.9.3/armv6-m/libgcc.a(_divsi3.o)
                                                  /usr/bin/../lib/gcc/arm-none-eabi/4.9.3/armv6-m/libgcc.a(_udivsi3.o)
__aeabi_idivmod                                   /usr/bin/../lib/gcc/arm-none-eabi/4.9.3/armv6-m/libgcc.a(_divsi3.o)
__aeabi_ldiv0                                     /usr/bin/../lib/gcc/arm-none-eabi/4.9.3/armv6-m/libgcc.a(_dvmd_tls.o)
__aeabi_lmul                                      /usr/bin/../lib/gcc/arm-none-eabi/4.9.3/armv6-m/libgcc.a(_muldi3.o)
                                                  build/release/out/c/sercom.o
__aeabi_uidiv                                     /usr/bin/../lib/gcc/arm-none-eabi/4.9.3/armv6-m/libgcc.a(_udivsi3.o)
                                                  /usr/bin/../lib/gcc/arm-none-eabi/4.9.3/../../../../arm-none-eabi/lib/armv6-m/libc_nano.a(lib_a-nano-vfprintf_i.o)
                                                  build/release/out/c/systick_counter.o
                                                  build/release/out/c/sd_mmc_spi.o
                                                  build/release/out/c/sd_mmc.o
                                                  build/release/out/c/eeprom.o
                                                  build/release/out/c/i2c_master.o
                                                  build/release/out/c/nvm.o
                                                  build/release/out/c/gclk.o
__aeabi_uidivmod                                  /usr/bin/../lib/gcc/arm-none-eabi/4.9.3/armv6-m/libgcc.a(_udivsi3.o)
                                                  /usr/bin/../lib/gcc/arm-none-eabi/4.9.3/../../../../arm-none-eabi/lib/armv6-m/libc_nano.a(lib_a-nano-vfprintf_i.o)
                                                  build/release/out/c/circular_buffer.o
                                                  build/release/out/c/sd_mmc_spi.o
                                                  build/release/out/c/eeprom.o
                                                  build/release/out/c/rtc_calendar.o
                                                  build/release/out/c/nvm.o
                                                  build/release/out/c/main.o
__bss_end__                                       /usr/bin/../lib/gcc/arm-none-eabi/4.9.3/../../../../arm-none-eabi/lib/armv6-m/crt0.o
__bss_start__                                     /usr/bin/../lib/gcc/arm-none-eabi/4.9.3/../../../../arm-none-eabi/lib/armv6-m/crt0.o
__call_exitprocs                                  /usr/bin/../lib/gcc/arm-none-eabi/4.9.3/../../../../arm-none-eabi/lib/armv6-m/libc_nano.a(lib_a-exit.o)
__deregister_frame_info                           /usr/bin/../lib/gcc/arm-none-eabi/4.9.3/armv6-m/crtbegin.o
__divsi3                                          /usr/bin/../lib/gcc/arm-none-eabi/4.9.3/armv6-m/libgcc.a(_divsi3.o)
__dso_handle                                      /usr/bin/../lib/gcc/arm-none-eabi/4.9.3/armv6-m/crtbegin.o
__fp_lock_all                                     /usr/bin/../lib/gcc/arm-none-eabi/4.9.3/../../../../arm-none-eabi/lib/armv6-m/libc_nano.a(lib_a-findfp.o)
__fp_unlock_all                                   /usr/bin/../lib/gcc/arm-none-eabi/4.9.3/../../../../arm-none-eabi/lib/armv6-m/libc_nano.a(lib_a-findfp.o)
__init_array_end                                  /usr/bin/../lib/gcc/arm-none-eabi/4.9.3/../../../../arm-none-eabi/lib/armv6-m/libc_nano.a(lib_a-init.o)
__init_array_start                                /usr/bin/../lib/gcc/arm-none-eabi/4.9.3/../../../../arm-none-eabi/lib/armv6-m/libc_nano.a(lib_a-init.o)
__libc_fini_array                                 /usr/bin/../lib/gcc/arm-none-eabi/4.9.3/../../../../arm-none-eabi/lib/armv6-m/crt0.o
__libc_init_array                                 /usr/bin/../lib/gcc/arm-none-eabi/4.9.3/../../../../arm-none-eabi/lib/armv6-m/libc_nano.a(lib_a-init.o)
                                                  build/release/out/c/startup_samd20.o
                                                  /usr/bin/../lib/gcc/arm-none-eabi/4.9.3/../../../../arm-none-eabi/lib/armv6-m/crt0.o
__malloc_free_list                                /usr/bin/../lib/gcc/arm-none-eabi/4.9.3/../../../../arm-none-eabi/lib/armv6-m/libc_nano.a(lib_a-nano-mallocr.o)
                                                  /usr/bin/../lib/gcc/arm-none-eabi/4.9.3/../../../../arm-none-eabi/lib/armv6-m/libc_nano.a(lib_a-nano-freer.o)
__malloc_sbrk_start                               /usr/bin/../lib/gcc/arm-none-eabi/4.9.3/../../../../arm-none-eabi/lib/armv6-m/libc_nano.a(lib_a-nano-mallocr.o)
__muldi3                                          /usr/bin/../lib/gcc/arm-none-eabi/4.9.3/armv6-m/libgcc.a(_muldi3.o)
__preinit_array_end                               /usr/bin/../lib/gcc/arm-none-eabi/4.9.3/../../../../arm-none-eabi/lib/armv6-m/libc_nano.a(lib_a-init.o)
__preinit_array_start                             /usr/bin/../lib/gcc/arm-none-eabi/4.9.3/../../../../arm-none-eabi/lib/armv6-m/libc_nano.a(lib_a-init.o)
__register_frame_info                             /usr/bin/../lib/gcc/arm-none-eabi/4.9.3/armv6-m/crtbegin.o
__sclose                                          /usr/bin/../lib/gcc/arm-none-eabi/4.9.3/../../../../arm-none-eabi/lib/armv6-m/libc_nano.a(lib_a-stdio.o)
                                                  /usr/bin/../lib/gcc/arm-none-eabi/4.9.3/../../../../arm-none-eabi/lib/armv6-m/libc_nano.a(lib_a-findfp.o)
__seofread                                        /usr/bin/../lib/gcc/arm-none-eabi/4.9.3/../../../../arm-none-eabi/lib/armv6-m/libc_nano.a(lib_a-stdio.o)
__sf_fake_stderr                                  /usr/bin/../lib/gcc/arm-none-eabi/4.9.3/../../../../arm-none-eabi/lib/armv6-m/libc_nano.a(lib_a-findfp.o)
                                                  /usr/bin/../lib/gcc/arm-none-eabi/4.9.3/../../../../arm-none-eabi/lib/armv6-m/libc_nano.a(lib_a-fflush.o)
                                                  /usr/bin/../lib/gcc/arm-none-eabi/4.9.3/../../../../arm-none-eabi/lib/armv6-m/libc_nano.a(lib_a-wsetup.o)
                                                  /usr/bin/../lib/gcc/arm-none-eabi/4.9.3/../../../../arm-none-eabi/lib/armv6-m/libc_nano.a(lib_a-wbuf.o)
                                                  /usr/bin/../lib/gcc/arm-none-eabi/4.9.3/../../../../arm-none-eabi/lib/armv6-m/libc_nano.a(lib_a-nano-vfprintf.o)
                                                  /usr/bin/../lib/gcc/arm-none-eabi/4.9.3/../../../../arm-none-eabi/lib/armv6-m/libc_nano.a(lib_a-impure.o)
__sf_fake_stdin                                   /usr/bin/../lib/gcc/arm-none-eabi/4.9.3/../../../../arm-none-eabi/lib/armv6-m/libc_nano.a(lib_a-findfp.o)
                                                  /usr/bin/../lib/gcc/arm-none-eabi/4.9.3/../../../../arm-none-eabi/lib/armv6-m/libc_nano.a(lib_a-fflush.o)
                                                  /usr/bin/../lib/gcc/arm-none-eabi/4.9.3/../../../../arm-none-eabi/lib/armv6-m/libc_nano.a(lib_a-wsetup.o)
                                                  /usr/bin/../lib/gcc/arm-none-eabi/4.9.3/../../../../arm-none-eabi/lib/armv6-m/libc_nano.a(lib_a-wbuf.o)
                                                  /usr/bin/../lib/gcc/arm-none-eabi/4.9.3/../../../../arm-none-eabi/lib/armv6-m/libc_nano.a(lib_a-nano-vfprintf.o)
                                                  /usr/bin/../lib/gcc/arm-none-eabi/4.9.3/../../../../arm-none-eabi/lib/armv6-m/libc_nano.a(lib_a-impure.o)
__sf_fake_stdout                                  /usr/bin/../lib/gcc/arm-none-eabi/4.9.3/../../../../arm-none-eabi/lib/armv6-m/libc_nano.a(lib_a-findfp.o)
                                                  /usr/bin/../lib/gcc/arm-none-eabi/4.9.3/../../../../arm-none-eabi/lib/armv6-m/libc_nano.a(lib_a-fflush.o)
                                                  /usr/bin/../lib/gcc/arm-none-eabi/4.9.3/../../../../arm-none-eabi/lib/armv6-m/libc_nano.a(lib_a-wsetup.o)
                                                  /usr/bin/../lib/gcc/arm-none-eabi/4.9.3/../../../../arm-none-eabi/lib/armv6-m/libc_nano.a(lib_a-wbuf.o)
                                                  /usr/bin/../lib/gcc/arm-none-eabi/4.9.3/../../../../arm-none-eabi/lib/armv6-m/libc_nano.a(lib_a-nano-vfprintf.o)
                                                  /usr/bin/../lib/gcc/arm-none-eabi/4.9.3/../../../../arm-none-eabi/lib/armv6-m/libc_nano.a(lib_a-impure.o)
__sflush_r                                        /usr/bin/../lib/gcc/arm-none-eabi/4.9.3/../../../../arm-none-eabi/lib/armv6-m/libc_nano.a(lib_a-fflush.o)
__sfmoreglue                                      /usr/bin/../lib/gcc/arm-none-eabi/4.9.3/../../../../arm-none-eabi/lib/armv6-m/libc_nano.a(lib_a-findfp.o)
__sfp                                             /usr/bin/../lib/gcc/arm-none-eabi/4.9.3/../../../../arm-none-eabi/lib/armv6-m/libc_nano.a(lib_a-findfp.o)
__sfp_lock_acquire                                /usr/bin/../lib/gcc/arm-none-eabi/4.9.3/../../../../arm-none-eabi/lib/armv6-m/libc_nano.a(lib_a-findfp.o)
__sfp_lock_release                                /usr/bin/../lib/gcc/arm-none-eabi/4.9.3/../../../../arm-none-eabi/lib/armv6-m/libc_nano.a(lib_a-findfp.o)
__sfputs_r                                        /usr/bin/../lib/gcc/arm-none-eabi/4.9.3/../../../../arm-none-eabi/lib/armv6-m/libc_nano.a(lib_a-nano-vfprintf.o)
__sfvwrite_r                                      /usr/bin/../lib/gcc/arm-none-eabi/4.9.3/../../../../arm-none-eabi/lib/armv6-m/libc_nano.a(lib_a-fvwrite.o)
                                                  /usr/bin/../lib/gcc/arm-none-eabi/4.9.3/../../../../arm-none-eabi/lib/armv6-m/libc_nano.a(lib_a-nano-vfprintf.o)
__sinit                                           /usr/bin/../lib/gcc/arm-none-eabi/4.9.3/../../../../arm-none-eabi/lib/armv6-m/libc_nano.a(lib_a-findfp.o)
                                                  /usr/bin/../lib/gcc/arm-none-eabi/4.9.3/../../../../arm-none-eabi/lib/armv6-m/libc_nano.a(lib_a-fflush.o)
                                                  /usr/bin/../lib/gcc/arm-none-eabi/4.9.3/../../../../arm-none-eabi/lib/armv6-m/libc_nano.a(lib_a-wsetup.o)
                                                  /usr/bin/../lib/gcc/arm-none-eabi/4.9.3/../../../../arm-none-eabi/lib/armv6-m/libc_nano.a(lib_a-wbuf.o)
                                                  /usr/bin/../lib/gcc/arm-none-eabi/4.9.3/../../../../arm-none-eabi/lib/armv6-m/libc_nano.a(lib_a-nano-vfprintf.o)
                                                  /usr/bin/../lib/gcc/arm-none-eabi/4.9.3/../../../../arm-none-eabi/lib/armv6-m/libc_nano.a(lib_a-printf.o)
__sinit_lock_acquire                              /usr/bin/../lib/gcc/arm-none-eabi/4.9.3/../../../../arm-none-eabi/lib/armv6-m/libc_nano.a(lib_a-findfp.o)
__sinit_lock_release                              /usr/bin/../lib/gcc/arm-none-eabi/4.9.3/../../../../arm-none-eabi/lib/armv6-m/libc_nano.a(lib_a-findfp.o)
__smakebuf_r                                      /usr/bin/../lib/gcc/arm-none-eabi/4.9.3/../../../../arm-none-eabi/lib/armv6-m/libc_nano.a(lib_a-makebuf.o)
                                                  /usr/bin/../lib/gcc/arm-none-eabi/4.9.3/../../../../arm-none-eabi/lib/armv6-m/libc_nano.a(lib_a-wsetup.o)
__sprint_r                                        /usr/bin/../lib/gcc/arm-none-eabi/4.9.3/../../../../arm-none-eabi/lib/armv6-m/libc_nano.a(lib_a-nano-vfprintf.o)
__sread                                           /usr/bin/../lib/gcc/arm-none-eabi/4.9.3/../../../../arm-none-eabi/lib/armv6-m/libc_nano.a(lib_a-stdio.o)